#
# There is insufficient memory for the Java Runtime Environment to continue.
# Native memory allocation (malloc) failed to allocate 1067984 bytes for Chunk::new
# Possible reasons:
#   The system is out of physical RAM or swap space
#   The process is running with CompressedOops enabled, and the Java Heap may be blocking the growth of the native heap
# Possible solutions:
#   Reduce memory load on the system
#   Increase physical memory or swap space
#   Check if swap backing store is full
#   Decrease Java heap size (-Xmx/-Xms)
#   Decrease number of Java threads
#   Decrease Java thread stack sizes (-Xss)
#   Set larger code cache with -XX:ReservedCodeCacheSize=
#   JVM is running with Zero Based Compressed Oops mode in which the Java heap is
#     placed in the first 32GB address space. The Java Heap base address is the
#     maximum limit for the native heap growth. Please use -XX:HeapBaseMinAddress
#     to set the Java Heap base and to place the Java Heap above 32GB virtual address.
# This output file may be truncated or incomplete.
#
#  Out of Memory Error (arena.cpp:189), pid=29480, tid=16404
#
# JRE version: OpenJDK Runtime Environment Corretto-17.0.7.7.1 (17.0.7+7) (build 17.0.7+7-LTS)
# Java VM: OpenJDK 64-Bit Server VM Corretto-17.0.7.7.1 (17.0.7+7-LTS, mixed mode, sharing, tiered, compressed oops, compressed class ptrs, g1 gc, windows-amd64)
# No core dump will be written. Minidumps are not enabled by default on client versions of Windows
#

---------------  S U M M A R Y ------------

Command Line: -agentlib:jdwp=transport=dt_socket,address=127.0.0.1:54733,suspend=y,server=n -javaagent:C:\Users\WARDESKTOP\AppData\Local\JetBrains\IdeaIC2023.1\captureAgent\debugger-agent.jar -Dfile.encoding=UTF-8 Program

Host: AMD Ryzen 5 7600 6-Core Processor              , 12 cores, 31G,  Windows 11 , 64 bit Build 26100 (10.0.26100.4202)
Time: Fri Jul 11 20:15:31 2025 SE Asia Standard Time elapsed time: 91.676625 seconds (0d 0h 1m 31s)

---------------  T H R E A D  ---------------

Current thread (0x0000022e7b7ed940):  JavaThread "C2 CompilerThread1" daemon [_thread_in_native, id=16404, stack(0x0000006724700000,0x0000006724800000)]


Current CompileTask:
C2:  91676 2723       4       sun.java2d.pipe.BufferedContext::validate (575 bytes)

Stack: [0x0000006724700000,0x0000006724800000]
Native frames: (J=compiled Java code, j=interpreted, Vv=VM code, C=native code)
V  [jvm.dll+0x64b53a]
V  [jvm.dll+0x7fef54]
V  [jvm.dll+0x80070e]
V  [jvm.dll+0x800d63]
V  [jvm.dll+0x236a2b]
V  [jvm.dll+0xbd47c]
V  [jvm.dll+0xbda5c]
V  [jvm.dll+0x350c37]
V  [jvm.dll+0x1b1780]
V  [jvm.dll+0x20addf]
V  [jvm.dll+0x20a287]
V  [jvm.dll+0x19a2ed]
V  [jvm.dll+0x21967d]
V  [jvm.dll+0x2178c4]
V  [jvm.dll+0x7b7dcb]
V  [jvm.dll+0x7b237a]
V  [jvm.dll+0x64a3a5]
C  [ucrtbase.dll+0x37b0]
C  [KERNEL32.DLL+0x2e8d7]
C  [ntdll.dll+0x3c34c]


---------------  P R O C E S S  ---------------

Threads class SMR info:
_java_thread_list=0x0000022e7b7e5d30, length=41, elements={
0x0000022e49c8a460, 0x0000022e75e6fe00, 0x0000022e75e709b0, 0x0000022e75e866c0,
0x0000022e75e89180, 0x0000022e75e8a140, 0x0000022e75e8b300, 0x0000022e75e8e400,
0x0000022e75e9b8f0, 0x0000022e75e9ce00, 0x0000022e76ab9420, 0x0000022e76b7c4f0,
0x0000022e76b8f7b0, 0x0000022e76b8fe90, 0x0000022e76be8330, 0x0000022e76c0fca0,
0x0000022e76c28e70, 0x0000022e76aed650, 0x0000022e76d3d1f0, 0x0000022e76d3e2d0,
0x0000022e7b0b8650, 0x0000022e7b0b9ba0, 0x0000022e7b0bc960, 0x0000022e7b0bff90,
0x0000022e7b0c0930, 0x0000022e7b0c0e00, 0x0000022e7b0bfac0, 0x0000022e7b0bec50,
0x0000022e7b0bf120, 0x0000022e7b0be780, 0x0000022e7b0c1c70, 0x0000022e7b0c12d0,
0x0000022e7b0c0460, 0x0000022e7b8f78c0, 0x0000022e7b8f60b0, 0x0000022e7b8fa410,
0x0000022e7b8f6a50, 0x0000022e7b8f8c00, 0x0000022e7b8f5710, 0x0000022e7b7ed940,
0x0000022e7c13c060
}

Java Threads: ( => current thread )
  0x0000022e49c8a460 JavaThread "main" [_thread_blocked, id=15176, stack(0x0000006721500000,0x0000006721600000)]
  0x0000022e75e6fe00 JavaThread "Reference Handler" daemon [_thread_blocked, id=7164, stack(0x0000006721c00000,0x0000006721d00000)]
  0x0000022e75e709b0 JavaThread "Finalizer" daemon [_thread_blocked, id=13248, stack(0x0000006721d00000,0x0000006721e00000)]
  0x0000022e75e866c0 JavaThread "Signal Dispatcher" daemon [_thread_blocked, id=18144, stack(0x0000006721e00000,0x0000006721f00000)]
  0x0000022e75e89180 JavaThread "Attach Listener" daemon [_thread_blocked, id=17548, stack(0x0000006721f00000,0x0000006722000000)]
  0x0000022e75e8a140 JavaThread "Service Thread" daemon [_thread_blocked, id=2484, stack(0x0000006722000000,0x0000006722100000)]
  0x0000022e75e8b300 JavaThread "Monitor Deflation Thread" daemon [_thread_blocked, id=5780, stack(0x0000006722100000,0x0000006722200000)]
  0x0000022e75e8e400 JavaThread "C2 CompilerThread0" daemon [_thread_in_native, id=19396, stack(0x0000006722200000,0x0000006722300000)]
  0x0000022e75e9b8f0 JavaThread "C1 CompilerThread0" daemon [_thread_blocked, id=19776, stack(0x0000006722300000,0x0000006722400000)]
  0x0000022e75e9ce00 JavaThread "Sweeper thread" daemon [_thread_blocked, id=28280, stack(0x0000006722400000,0x0000006722500000)]
  0x0000022e76ab9420 JavaThread "Common-Cleaner" daemon [_thread_blocked, id=17504, stack(0x0000006722500000,0x0000006722600000)]
  0x0000022e76b7c4f0 JavaThread "JDWP Transport Listener: dt_socket" daemon [_thread_blocked, id=28380, stack(0x0000006722600000,0x0000006722700000)]
  0x0000022e76b8f7b0 JavaThread "JDWP Event Helper Thread" daemon [_thread_blocked, id=2120, stack(0x0000006722700000,0x0000006722800000)]
  0x0000022e76b8fe90 JavaThread "JDWP Command Reader" daemon [_thread_in_native, id=5548, stack(0x0000006722800000,0x0000006722900000)]
  0x0000022e76be8330 JavaThread "Notification Thread" daemon [_thread_blocked, id=17800, stack(0x0000006722900000,0x0000006722a00000)]
  0x0000022e76c0fca0 JavaThread "Thread-0" [_thread_in_native, id=15968, stack(0x0000006722b00000,0x0000006722c00000)]
  0x0000022e76c28e70 JavaThread "pool-1-thread-1" [_thread_blocked, id=28276, stack(0x0000006722c00000,0x0000006722d00000)]
  0x0000022e76aed650 JavaThread "pool-1-thread-2" [_thread_in_native, id=11228, stack(0x0000006722d00000,0x0000006722e00000)]
  0x0000022e76d3d1f0 JavaThread "pool-1-thread-3" [_thread_in_native, id=28064, stack(0x0000006722e00000,0x0000006722f00000)]
  0x0000022e76d3e2d0 JavaThread "pool-1-thread-4" [_thread_blocked, id=7756, stack(0x0000006722f00000,0x0000006723000000)]
  0x0000022e7b0b8650 JavaThread "pool-1-thread-5" [_thread_in_native, id=25580, stack(0x0000006723000000,0x0000006723100000)]
  0x0000022e7b0b9ba0 JavaThread "pool-1-thread-6" [_thread_in_native, id=5408, stack(0x0000006723100000,0x0000006723200000)]
  0x0000022e7b0bc960 JavaThread "pool-1-thread-7" [_thread_in_native, id=14960, stack(0x0000006723200000,0x0000006723300000)]
  0x0000022e7b0bff90 JavaThread "pool-1-thread-8" [_thread_in_native, id=7340, stack(0x0000006723300000,0x0000006723400000)]
  0x0000022e7b0c0930 JavaThread "pool-1-thread-9" [_thread_in_native, id=5592, stack(0x0000006723500000,0x0000006723600000)]
  0x0000022e7b0c0e00 JavaThread "pool-1-thread-10" [_thread_in_native, id=15264, stack(0x0000006723600000,0x0000006723700000)]
  0x0000022e7b0bfac0 JavaThread "pool-1-thread-11" [_thread_in_native, id=4496, stack(0x0000006723700000,0x0000006723800000)]
  0x0000022e7b0bec50 JavaThread "pool-1-thread-12" [_thread_in_native, id=26852, stack(0x0000006723400000,0x0000006723500000)]
  0x0000022e7b0bf120 JavaThread "pool-1-thread-13" [_thread_blocked, id=16664, stack(0x0000006723800000,0x0000006723900000)]
  0x0000022e7b0be780 JavaThread "pool-1-thread-14" [_thread_blocked, id=13220, stack(0x0000006723900000,0x0000006723a00000)]
  0x0000022e7b0c1c70 JavaThread "pool-1-thread-15" [_thread_in_native, id=23000, stack(0x0000006723a00000,0x0000006723b00000)]
  0x0000022e7b0c12d0 JavaThread "pool-1-thread-16" [_thread_blocked, id=8268, stack(0x0000006723b00000,0x0000006723c00000)]
  0x0000022e7b0c0460 JavaThread "pool-1-thread-17" [_thread_blocked, id=27684, stack(0x0000006723c00000,0x0000006723d00000)]
  0x0000022e7b8f78c0 JavaThread "Java2D Disposer" daemon [_thread_blocked, id=29264, stack(0x0000006723d00000,0x0000006723e00000)]
  0x0000022e7b8f60b0 JavaThread "AWT-Windows" daemon [_thread_in_native, id=15764, stack(0x0000006724800000,0x0000006724900000)]
  0x0000022e7b8fa410 JavaThread "D3D Screen Updater" daemon [_thread_in_native, id=10580, stack(0x0000006724f70000,0x0000006725070000)]
  0x0000022e7b8f6a50 JavaThread "pool-1-thread-18" [_thread_in_native, id=29644, stack(0x0000006721200000,0x0000006721300000)]
  0x0000022e7b8f8c00 JavaThread "AWT-Shutdown" [_thread_blocked, id=28644, stack(0x0000006721300000,0x0000006721400000)]
  0x0000022e7b8f5710 JavaThread "AWT-EventQueue-0" [_thread_blocked, id=27976, stack(0x0000006721400000,0x0000006721500000)]
=>0x0000022e7b7ed940 JavaThread "C2 CompilerThread1" daemon [_thread_in_native, id=16404, stack(0x0000006724700000,0x0000006724800000)]
  0x0000022e7c13c060 JavaThread "C2 CompilerThread2" daemon [_thread_in_native, id=25288, stack(0x0000006724c70000,0x0000006724d70000)]

Other Threads:
  0x0000022e75e69350 VMThread "VM Thread" [stack: 0x0000006721b00000,0x0000006721c00000] [id=9192]
  0x0000022e75ca9f60 WatcherThread [stack: 0x0000006722a00000,0x0000006722b00000] [id=21276]
  0x0000022e49d35800 GCTaskThread "GC Thread#0" [stack: 0x0000006721600000,0x0000006721700000] [id=8556]
  0x0000022e7b5d0460 GCTaskThread "GC Thread#1" [stack: 0x0000006723e00000,0x0000006723f00000] [id=29232]
  0x0000022e7b7f81d0 GCTaskThread "GC Thread#2" [stack: 0x0000006723f00000,0x0000006724000000] [id=10492]
  0x0000022e7bc30840 GCTaskThread "GC Thread#3" [stack: 0x0000006724000000,0x0000006724100000] [id=5080]
  0x0000022e7b5b3ce0 GCTaskThread "GC Thread#4" [stack: 0x0000006724100000,0x0000006724200000] [id=19844]
  0x0000022e7b75f4f0 GCTaskThread "GC Thread#5" [stack: 0x0000006724200000,0x0000006724300000] [id=13012]
  0x0000022e7b10b4c0 GCTaskThread "GC Thread#6" [stack: 0x0000006724300000,0x0000006724400000] [id=12156]
  0x0000022e7b10b770 GCTaskThread "GC Thread#7" [stack: 0x0000006724400000,0x0000006724500000] [id=28112]
  0x0000022e7b491360 GCTaskThread "GC Thread#8" [stack: 0x0000006724500000,0x0000006724600000] [id=20764]
  0x0000022e7be73510 GCTaskThread "GC Thread#9" [stack: 0x0000006724600000,0x0000006724700000] [id=11048]
  0x0000022e49d46ce0 ConcurrentGCThread "G1 Main Marker" [stack: 0x0000006721700000,0x0000006721800000] [id=17016]
  0x0000022e49d476f0 ConcurrentGCThread "G1 Conc#0" [stack: 0x0000006721800000,0x0000006721900000] [id=29116]
  0x0000022e75d9dea0 ConcurrentGCThread "G1 Refine#0" [stack: 0x0000006721900000,0x0000006721a00000] [id=27932]
  0x0000022e75d9e760 ConcurrentGCThread "G1 Service" [stack: 0x0000006721a00000,0x0000006721b00000] [id=27888]

Threads with active compile tasks:
C2 CompilerThread0    92701 2752       4       sun.java2d.SunGraphics2D::<init> (154 bytes)
C2 CompilerThread1    92701 2723       4       sun.java2d.pipe.BufferedContext::validate (575 bytes)
C2 CompilerThread2    92701 2772       4       java.awt.image.BufferedImage::<init> (1012 bytes)

VM state: not at safepoint (normal execution)

VM Mutex/Monitor currently owned by a thread: None

Heap address: 0x000000060e400000, size: 7964 MB, Compressed Oops mode: Zero based, Oop shift amount: 3

CDS archive(s) mapped at: [0x0000000800000000-0x0000000800bc0000-0x0000000800bc0000), size 12320768, SharedBaseAddress: 0x0000000800000000, ArchiveRelocationMode: 0.
Compressed class space mapped at: 0x0000000801000000-0x0000000841000000, reserved size: 1073741824
Narrow klass base: 0x0000000800000000, Narrow klass shift: 0, Narrow klass range: 0x100000000

GC Precious Log:
 CPUs: 12 total, 12 available
 Memory: 31849M
 Large Page Support: Disabled
 NUMA Support: Disabled
 Compressed Oops: Enabled (Zero based)
 Heap Region Size: 4M
 Heap Min Capacity: 8M
 Heap Initial Capacity: 500M
 Heap Max Capacity: 7964M
 Pre-touch: Disabled
 Parallel Workers: 10
 Concurrent Workers: 3
 Concurrent Refinement Workers: 10
 Periodic GC: Disabled

Heap:
 garbage-first heap   total 512000K, used 173386K [0x000000060e400000, 0x0000000800000000)
  region size 4096K, 44 young (180224K), 1 survivors (4096K)
 Metaspace       used 9329K, committed 9600K, reserved 1114112K
  class space    used 879K, committed 1024K, reserved 1048576K

Heap Regions: E=young(eden), S=young(survivor), O=old, HS=humongous(starts), HC=humongous(continues), CS=collection set, F=free, OA=open archive, CA=closed archive, TAMS=top-at-mark-start (previous, next)
|   0|0x000000060e400000, 0x000000060e579e00, 0x000000060e800000| 36%| O|  |TAMS 0x000000060e400000, 0x000000060e400000| Untracked 
|   1|0x000000060e800000, 0x000000060e800000, 0x000000060ec00000|  0%| F|  |TAMS 0x000000060e800000, 0x000000060e800000| Untracked 
|   2|0x000000060ec00000, 0x000000060ec00000, 0x000000060f000000|  0%| F|  |TAMS 0x000000060ec00000, 0x000000060ec00000| Untracked 
|   3|0x000000060f000000, 0x000000060f000000, 0x000000060f400000|  0%| F|  |TAMS 0x000000060f000000, 0x000000060f000000| Untracked 
|   4|0x000000060f400000, 0x000000060f400000, 0x000000060f800000|  0%| F|  |TAMS 0x000000060f400000, 0x000000060f400000| Untracked 
|   5|0x000000060f800000, 0x000000060f800000, 0x000000060fc00000|  0%| F|  |TAMS 0x000000060f800000, 0x000000060f800000| Untracked 
|   6|0x000000060fc00000, 0x000000060fc00000, 0x0000000610000000|  0%| F|  |TAMS 0x000000060fc00000, 0x000000060fc00000| Untracked 
|   7|0x0000000610000000, 0x0000000610000000, 0x0000000610400000|  0%| F|  |TAMS 0x0000000610000000, 0x0000000610000000| Untracked 
|   8|0x0000000610400000, 0x0000000610400000, 0x0000000610800000|  0%| F|  |TAMS 0x0000000610400000, 0x0000000610400000| Untracked 
|   9|0x0000000610800000, 0x0000000610800000, 0x0000000610c00000|  0%| F|  |TAMS 0x0000000610800000, 0x0000000610800000| Untracked 
|  10|0x0000000610c00000, 0x0000000610c00000, 0x0000000611000000|  0%| F|  |TAMS 0x0000000610c00000, 0x0000000610c00000| Untracked 
|  11|0x0000000611000000, 0x0000000611000000, 0x0000000611400000|  0%| F|  |TAMS 0x0000000611000000, 0x0000000611000000| Untracked 
|  12|0x0000000611400000, 0x0000000611400000, 0x0000000611800000|  0%| F|  |TAMS 0x0000000611400000, 0x0000000611400000| Untracked 
|  13|0x0000000611800000, 0x0000000611800000, 0x0000000611c00000|  0%| F|  |TAMS 0x0000000611800000, 0x0000000611800000| Untracked 
|  14|0x0000000611c00000, 0x0000000611c00000, 0x0000000612000000|  0%| F|  |TAMS 0x0000000611c00000, 0x0000000611c00000| Untracked 
|  15|0x0000000612000000, 0x0000000612000000, 0x0000000612400000|  0%| F|  |TAMS 0x0000000612000000, 0x0000000612000000| Untracked 
|  16|0x0000000612400000, 0x0000000612400000, 0x0000000612800000|  0%| F|  |TAMS 0x0000000612400000, 0x0000000612400000| Untracked 
|  17|0x0000000612800000, 0x0000000612800000, 0x0000000612c00000|  0%| F|  |TAMS 0x0000000612800000, 0x0000000612800000| Untracked 
|  18|0x0000000612c00000, 0x0000000612c00000, 0x0000000613000000|  0%| F|  |TAMS 0x0000000612c00000, 0x0000000612c00000| Untracked 
|  19|0x0000000613000000, 0x0000000613000000, 0x0000000613400000|  0%| F|  |TAMS 0x0000000613000000, 0x0000000613000000| Untracked 
|  20|0x0000000613400000, 0x0000000613400000, 0x0000000613800000|  0%| F|  |TAMS 0x0000000613400000, 0x0000000613400000| Untracked 
|  21|0x0000000613800000, 0x0000000613800000, 0x0000000613c00000|  0%| F|  |TAMS 0x0000000613800000, 0x0000000613800000| Untracked 
|  22|0x0000000613c00000, 0x0000000613c00000, 0x0000000614000000|  0%| F|  |TAMS 0x0000000613c00000, 0x0000000613c00000| Untracked 
|  23|0x0000000614000000, 0x0000000614000000, 0x0000000614400000|  0%| F|  |TAMS 0x0000000614000000, 0x0000000614000000| Untracked 
|  24|0x0000000614400000, 0x0000000614400000, 0x0000000614800000|  0%| F|  |TAMS 0x0000000614400000, 0x0000000614400000| Untracked 
|  25|0x0000000614800000, 0x0000000614800000, 0x0000000614c00000|  0%| F|  |TAMS 0x0000000614800000, 0x0000000614800000| Untracked 
|  26|0x0000000614c00000, 0x0000000614c00000, 0x0000000615000000|  0%| F|  |TAMS 0x0000000614c00000, 0x0000000614c00000| Untracked 
|  27|0x0000000615000000, 0x0000000615000000, 0x0000000615400000|  0%| F|  |TAMS 0x0000000615000000, 0x0000000615000000| Untracked 
|  28|0x0000000615400000, 0x0000000615400000, 0x0000000615800000|  0%| F|  |TAMS 0x0000000615400000, 0x0000000615400000| Untracked 
|  29|0x0000000615800000, 0x0000000615800000, 0x0000000615c00000|  0%| F|  |TAMS 0x0000000615800000, 0x0000000615800000| Untracked 
|  30|0x0000000615c00000, 0x0000000615c00000, 0x0000000616000000|  0%| F|  |TAMS 0x0000000615c00000, 0x0000000615c00000| Untracked 
|  31|0x0000000616000000, 0x0000000616000000, 0x0000000616400000|  0%| F|  |TAMS 0x0000000616000000, 0x0000000616000000| Untracked 
|  32|0x0000000616400000, 0x0000000616400000, 0x0000000616800000|  0%| F|  |TAMS 0x0000000616400000, 0x0000000616400000| Untracked 
|  33|0x0000000616800000, 0x0000000616800000, 0x0000000616c00000|  0%| F|  |TAMS 0x0000000616800000, 0x0000000616800000| Untracked 
|  34|0x0000000616c00000, 0x0000000616c00000, 0x0000000617000000|  0%| F|  |TAMS 0x0000000616c00000, 0x0000000616c00000| Untracked 
|  35|0x0000000617000000, 0x0000000617000000, 0x0000000617400000|  0%| F|  |TAMS 0x0000000617000000, 0x0000000617000000| Untracked 
|  36|0x0000000617400000, 0x0000000617400000, 0x0000000617800000|  0%| F|  |TAMS 0x0000000617400000, 0x0000000617400000| Untracked 
|  37|0x0000000617800000, 0x0000000617800000, 0x0000000617c00000|  0%| F|  |TAMS 0x0000000617800000, 0x0000000617800000| Untracked 
|  38|0x0000000617c00000, 0x0000000617c00000, 0x0000000618000000|  0%| F|  |TAMS 0x0000000617c00000, 0x0000000617c00000| Untracked 
|  39|0x0000000618000000, 0x0000000618000000, 0x0000000618400000|  0%| F|  |TAMS 0x0000000618000000, 0x0000000618000000| Untracked 
|  40|0x0000000618400000, 0x0000000618400000, 0x0000000618800000|  0%| F|  |TAMS 0x0000000618400000, 0x0000000618400000| Untracked 
|  41|0x0000000618800000, 0x0000000618800000, 0x0000000618c00000|  0%| F|  |TAMS 0x0000000618800000, 0x0000000618800000| Untracked 
|  42|0x0000000618c00000, 0x0000000618c00000, 0x0000000619000000|  0%| F|  |TAMS 0x0000000618c00000, 0x0000000618c00000| Untracked 
|  43|0x0000000619000000, 0x0000000619000000, 0x0000000619400000|  0%| F|  |TAMS 0x0000000619000000, 0x0000000619000000| Untracked 
|  44|0x0000000619400000, 0x0000000619400000, 0x0000000619800000|  0%| F|  |TAMS 0x0000000619400000, 0x0000000619400000| Untracked 
|  45|0x0000000619800000, 0x0000000619800000, 0x0000000619c00000|  0%| F|  |TAMS 0x0000000619800000, 0x0000000619800000| Untracked 
|  46|0x0000000619c00000, 0x0000000619c00000, 0x000000061a000000|  0%| F|  |TAMS 0x0000000619c00000, 0x0000000619c00000| Untracked 
|  47|0x000000061a000000, 0x000000061a000000, 0x000000061a400000|  0%| F|  |TAMS 0x000000061a000000, 0x000000061a000000| Untracked 
|  48|0x000000061a400000, 0x000000061a400000, 0x000000061a800000|  0%| F|  |TAMS 0x000000061a400000, 0x000000061a400000| Untracked 
|  49|0x000000061a800000, 0x000000061a800000, 0x000000061ac00000|  0%| F|  |TAMS 0x000000061a800000, 0x000000061a800000| Untracked 
|  50|0x000000061ac00000, 0x000000061afd8dc8, 0x000000061b000000| 96%| S|CS|TAMS 0x000000061ac00000, 0x000000061ac00000| Complete 
|  51|0x000000061b000000, 0x000000061b000000, 0x000000061b400000|  0%| F|  |TAMS 0x000000061b000000, 0x000000061b000000| Untracked 
|  52|0x000000061b400000, 0x000000061b400000, 0x000000061b800000|  0%| F|  |TAMS 0x000000061b400000, 0x000000061b400000| Untracked 
|  53|0x000000061b800000, 0x000000061b800000, 0x000000061bc00000|  0%| F|  |TAMS 0x000000061b800000, 0x000000061b800000| Untracked 
|  54|0x000000061bc00000, 0x000000061bc00000, 0x000000061c000000|  0%| F|  |TAMS 0x000000061bc00000, 0x000000061bc00000| Untracked 
|  55|0x000000061c000000, 0x000000061c000000, 0x000000061c400000|  0%| F|  |TAMS 0x000000061c000000, 0x000000061c000000| Untracked 
|  56|0x000000061c400000, 0x000000061c400000, 0x000000061c800000|  0%| F|  |TAMS 0x000000061c400000, 0x000000061c400000| Untracked 
|  57|0x000000061c800000, 0x000000061c800000, 0x000000061cc00000|  0%| F|  |TAMS 0x000000061c800000, 0x000000061c800000| Untracked 
|  58|0x000000061cc00000, 0x000000061cc00000, 0x000000061d000000|  0%| F|  |TAMS 0x000000061cc00000, 0x000000061cc00000| Untracked 
|  59|0x000000061d000000, 0x000000061d000000, 0x000000061d400000|  0%| F|  |TAMS 0x000000061d000000, 0x000000061d000000| Untracked 
|  60|0x000000061d400000, 0x000000061d400000, 0x000000061d800000|  0%| F|  |TAMS 0x000000061d400000, 0x000000061d400000| Untracked 
|  61|0x000000061d800000, 0x000000061d800000, 0x000000061dc00000|  0%| F|  |TAMS 0x000000061d800000, 0x000000061d800000| Untracked 
|  62|0x000000061dc00000, 0x000000061dc00000, 0x000000061e000000|  0%| F|  |TAMS 0x000000061dc00000, 0x000000061dc00000| Untracked 
|  63|0x000000061e000000, 0x000000061e000000, 0x000000061e400000|  0%| F|  |TAMS 0x000000061e000000, 0x000000061e000000| Untracked 
|  64|0x000000061e400000, 0x000000061e400000, 0x000000061e800000|  0%| F|  |TAMS 0x000000061e400000, 0x000000061e400000| Untracked 
|  65|0x000000061e800000, 0x000000061e800000, 0x000000061ec00000|  0%| F|  |TAMS 0x000000061e800000, 0x000000061e800000| Untracked 
|  66|0x000000061ec00000, 0x000000061ec00000, 0x000000061f000000|  0%| F|  |TAMS 0x000000061ec00000, 0x000000061ec00000| Untracked 
|  67|0x000000061f000000, 0x000000061f000000, 0x000000061f400000|  0%| F|  |TAMS 0x000000061f000000, 0x000000061f000000| Untracked 
|  68|0x000000061f400000, 0x000000061f400000, 0x000000061f800000|  0%| F|  |TAMS 0x000000061f400000, 0x000000061f400000| Untracked 
|  69|0x000000061f800000, 0x000000061f800000, 0x000000061fc00000|  0%| F|  |TAMS 0x000000061f800000, 0x000000061f800000| Untracked 
|  70|0x000000061fc00000, 0x000000061fc00000, 0x0000000620000000|  0%| F|  |TAMS 0x000000061fc00000, 0x000000061fc00000| Untracked 
|  71|0x0000000620000000, 0x0000000620000000, 0x0000000620400000|  0%| F|  |TAMS 0x0000000620000000, 0x0000000620000000| Untracked 
|  72|0x0000000620400000, 0x0000000620400000, 0x0000000620800000|  0%| F|  |TAMS 0x0000000620400000, 0x0000000620400000| Untracked 
|  73|0x0000000620800000, 0x0000000620800000, 0x0000000620c00000|  0%| F|  |TAMS 0x0000000620800000, 0x0000000620800000| Untracked 
|  74|0x0000000620c00000, 0x0000000620c00000, 0x0000000621000000|  0%| F|  |TAMS 0x0000000620c00000, 0x0000000620c00000| Untracked 
|  75|0x0000000621000000, 0x0000000621000000, 0x0000000621400000|  0%| F|  |TAMS 0x0000000621000000, 0x0000000621000000| Untracked 
|  76|0x0000000621400000, 0x0000000621400000, 0x0000000621800000|  0%| F|  |TAMS 0x0000000621400000, 0x0000000621400000| Untracked 
|  77|0x0000000621800000, 0x0000000621800000, 0x0000000621c00000|  0%| F|  |TAMS 0x0000000621800000, 0x0000000621800000| Untracked 
|  78|0x0000000621c00000, 0x0000000621c00000, 0x0000000622000000|  0%| F|  |TAMS 0x0000000621c00000, 0x0000000621c00000| Untracked 
|  79|0x0000000622000000, 0x0000000622000000, 0x0000000622400000|  0%| F|  |TAMS 0x0000000622000000, 0x0000000622000000| Untracked 
|  80|0x0000000622400000, 0x0000000622400000, 0x0000000622800000|  0%| F|  |TAMS 0x0000000622400000, 0x0000000622400000| Untracked 
|  81|0x0000000622800000, 0x0000000622800000, 0x0000000622c00000|  0%| F|  |TAMS 0x0000000622800000, 0x0000000622800000| Untracked 
|  82|0x0000000622c00000, 0x0000000622e3c9a8, 0x0000000623000000| 55%| E|  |TAMS 0x0000000622c00000, 0x0000000622c00000| Complete 
|  83|0x0000000623000000, 0x0000000623400000, 0x0000000623400000|100%| E|CS|TAMS 0x0000000623000000, 0x0000000623000000| Complete 
|  84|0x0000000623400000, 0x0000000623800000, 0x0000000623800000|100%| E|CS|TAMS 0x0000000623400000, 0x0000000623400000| Complete 
|  85|0x0000000623800000, 0x0000000623c00000, 0x0000000623c00000|100%| E|CS|TAMS 0x0000000623800000, 0x0000000623800000| Complete 
|  86|0x0000000623c00000, 0x0000000624000000, 0x0000000624000000|100%| E|CS|TAMS 0x0000000623c00000, 0x0000000623c00000| Complete 
|  87|0x0000000624000000, 0x0000000624400000, 0x0000000624400000|100%| E|CS|TAMS 0x0000000624000000, 0x0000000624000000| Complete 
|  88|0x0000000624400000, 0x0000000624800000, 0x0000000624800000|100%| E|CS|TAMS 0x0000000624400000, 0x0000000624400000| Complete 
|  89|0x0000000624800000, 0x0000000624c00000, 0x0000000624c00000|100%| E|CS|TAMS 0x0000000624800000, 0x0000000624800000| Complete 
|  90|0x0000000624c00000, 0x0000000625000000, 0x0000000625000000|100%| E|CS|TAMS 0x0000000624c00000, 0x0000000624c00000| Complete 
|  91|0x0000000625000000, 0x0000000625400000, 0x0000000625400000|100%| E|CS|TAMS 0x0000000625000000, 0x0000000625000000| Complete 
|  92|0x0000000625400000, 0x0000000625800000, 0x0000000625800000|100%| E|CS|TAMS 0x0000000625400000, 0x0000000625400000| Complete 
|  93|0x0000000625800000, 0x0000000625c00000, 0x0000000625c00000|100%| E|CS|TAMS 0x0000000625800000, 0x0000000625800000| Complete 
|  94|0x0000000625c00000, 0x0000000626000000, 0x0000000626000000|100%| E|CS|TAMS 0x0000000625c00000, 0x0000000625c00000| Complete 
|  95|0x0000000626000000, 0x0000000626400000, 0x0000000626400000|100%| E|CS|TAMS 0x0000000626000000, 0x0000000626000000| Complete 
|  96|0x0000000626400000, 0x0000000626800000, 0x0000000626800000|100%| E|  |TAMS 0x0000000626400000, 0x0000000626400000| Complete 
|  97|0x0000000626800000, 0x0000000626c00000, 0x0000000626c00000|100%| E|CS|TAMS 0x0000000626800000, 0x0000000626800000| Complete 
|  98|0x0000000626c00000, 0x0000000627000000, 0x0000000627000000|100%| E|CS|TAMS 0x0000000626c00000, 0x0000000626c00000| Complete 
|  99|0x0000000627000000, 0x0000000627400000, 0x0000000627400000|100%| E|CS|TAMS 0x0000000627000000, 0x0000000627000000| Complete 
| 100|0x0000000627400000, 0x0000000627800000, 0x0000000627800000|100%| E|CS|TAMS 0x0000000627400000, 0x0000000627400000| Complete 
| 101|0x0000000627800000, 0x0000000627c00000, 0x0000000627c00000|100%| E|CS|TAMS 0x0000000627800000, 0x0000000627800000| Complete 
| 102|0x0000000627c00000, 0x0000000628000000, 0x0000000628000000|100%| E|CS|TAMS 0x0000000627c00000, 0x0000000627c00000| Complete 
| 103|0x0000000628000000, 0x0000000628400000, 0x0000000628400000|100%| E|CS|TAMS 0x0000000628000000, 0x0000000628000000| Complete 
| 104|0x0000000628400000, 0x0000000628800000, 0x0000000628800000|100%| E|CS|TAMS 0x0000000628400000, 0x0000000628400000| Complete 
| 105|0x0000000628800000, 0x0000000628c00000, 0x0000000628c00000|100%| E|CS|TAMS 0x0000000628800000, 0x0000000628800000| Complete 
| 106|0x0000000628c00000, 0x0000000629000000, 0x0000000629000000|100%| E|CS|TAMS 0x0000000628c00000, 0x0000000628c00000| Complete 
| 107|0x0000000629000000, 0x0000000629400000, 0x0000000629400000|100%| E|CS|TAMS 0x0000000629000000, 0x0000000629000000| Complete 
| 108|0x0000000629400000, 0x0000000629800000, 0x0000000629800000|100%| E|CS|TAMS 0x0000000629400000, 0x0000000629400000| Complete 
| 109|0x0000000629800000, 0x0000000629c00000, 0x0000000629c00000|100%| E|CS|TAMS 0x0000000629800000, 0x0000000629800000| Complete 
| 110|0x0000000629c00000, 0x000000062a000000, 0x000000062a000000|100%| E|CS|TAMS 0x0000000629c00000, 0x0000000629c00000| Complete 
| 111|0x000000062a000000, 0x000000062a400000, 0x000000062a400000|100%| E|CS|TAMS 0x000000062a000000, 0x000000062a000000| Complete 
| 112|0x000000062a400000, 0x000000062a800000, 0x000000062a800000|100%| E|CS|TAMS 0x000000062a400000, 0x000000062a400000| Complete 
| 113|0x000000062a800000, 0x000000062ac00000, 0x000000062ac00000|100%| E|CS|TAMS 0x000000062a800000, 0x000000062a800000| Complete 
| 114|0x000000062ac00000, 0x000000062b000000, 0x000000062b000000|100%| E|CS|TAMS 0x000000062ac00000, 0x000000062ac00000| Complete 
| 115|0x000000062b000000, 0x000000062b400000, 0x000000062b400000|100%| E|CS|TAMS 0x000000062b000000, 0x000000062b000000| Complete 
| 116|0x000000062b400000, 0x000000062b800000, 0x000000062b800000|100%| E|CS|TAMS 0x000000062b400000, 0x000000062b400000| Complete 
| 117|0x000000062b800000, 0x000000062bc00000, 0x000000062bc00000|100%| E|CS|TAMS 0x000000062b800000, 0x000000062b800000| Complete 
| 118|0x000000062bc00000, 0x000000062c000000, 0x000000062c000000|100%| E|CS|TAMS 0x000000062bc00000, 0x000000062bc00000| Complete 
| 119|0x000000062c000000, 0x000000062c400000, 0x000000062c400000|100%| E|CS|TAMS 0x000000062c000000, 0x000000062c000000| Complete 
| 120|0x000000062c400000, 0x000000062c800000, 0x000000062c800000|100%| E|CS|TAMS 0x000000062c400000, 0x000000062c400000| Complete 
| 121|0x000000062c800000, 0x000000062cc00000, 0x000000062cc00000|100%| E|CS|TAMS 0x000000062c800000, 0x000000062c800000| Complete 
| 122|0x000000062cc00000, 0x000000062d000000, 0x000000062d000000|100%| E|CS|TAMS 0x000000062cc00000, 0x000000062cc00000| Complete 
| 123|0x000000062d000000, 0x000000062d400000, 0x000000062d400000|100%| E|CS|TAMS 0x000000062d000000, 0x000000062d000000| Complete 
| 124|0x000000062d400000, 0x000000062d800000, 0x000000062d800000|100%| E|CS|TAMS 0x000000062d400000, 0x000000062d400000| Complete 

Card table byte_map: [0x0000022e62410000,0x0000022e633a0000] _byte_map_base: 0x0000022e5f39e000

Marking Bits (Prev, Next): (CMBitMap*) 0x0000022e49d35e10, (CMBitMap*) 0x0000022e49d35e50
 Prev Bits: [0x0000022e64330000, 0x0000022e6bfa0000)
 Next Bits: [0x0000022e6bfa0000, 0x0000022e73c10000)

Polling page: 0x0000022e49d50000

Metaspace:

Usage:
  Non-class:      8.25 MB used.
      Class:    879.13 KB used.
       Both:      9.11 MB used.

Virtual space:
  Non-class space:       64.00 MB reserved,       8.38 MB ( 13%) committed,  1 nodes.
      Class space:        1.00 GB reserved,       1.00 MB ( <1%) committed,  1 nodes.
             Both:        1.06 GB reserved,       9.38 MB ( <1%) committed. 

Chunk freelists:
   Non-Class:  6.98 MB
       Class:  15.05 MB
        Both:  22.03 MB

MaxMetaspaceSize: unlimited
CompressedClassSpaceSize: 1.00 GB
Initial GC threshold: 21.00 MB
Current GC threshold: 21.00 MB
CDS: on
MetaspaceReclaimPolicy: balanced
 - commit_granule_bytes: 65536.
 - commit_granule_words: 8192.
 - virtual_space_node_default_size: 8388608.
 - enlarge_chunks_in_place: 1.
 - new_chunks_are_fully_committed: 0.
 - uncommit_free_chunks: 1.
 - use_allocation_guard: 0.
 - handle_deallocations: 1.


Internal statistics:

num_allocs_failed_limit: 0.
num_arena_births: 136.
num_arena_deaths: 0.
num_vsnodes_births: 2.
num_vsnodes_deaths: 0.
num_space_committed: 150.
num_space_uncommitted: 0.
num_chunks_returned_to_freelist: 0.
num_chunks_taken_from_freelist: 197.
num_chunk_merges: 0.
num_chunk_splits: 120.
num_chunks_enlarged: 67.
num_inconsistent_stats: 0.

CodeHeap 'non-profiled nmethods': size=120000Kb used=2508Kb max_used=2768Kb free=117491Kb
 bounds [0x0000022e592d0000, 0x0000022e595a0000, 0x0000022e60800000]
CodeHeap 'profiled nmethods': size=120000Kb used=3661Kb max_used=5020Kb free=116338Kb
 bounds [0x0000022e51800000, 0x0000022e51cf0000, 0x0000022e58d30000]
CodeHeap 'non-nmethods': size=5760Kb used=1370Kb max_used=1430Kb free=4389Kb
 bounds [0x0000022e58d30000, 0x0000022e58fa0000, 0x0000022e592d0000]
 total_blobs=2877 nmethods=2262 adapters=527
 compilation: enabled
              stopped_count=0, restarted_count=0
 full_count=0

Compilation events (20 events):
Event: 89.634 Thread 0x0000022e7c13c060 2753       4       sun.java2d.SunGraphics2D::dispose (12 bytes)
Event: 89.634 Thread 0x0000022e75e9b8f0 2767       3       java.awt.image.ComponentSampleModel::<init> (148 bytes)
Event: 89.635 Thread 0x0000022e75e9b8f0 nmethod 2767 0x0000022e51b50010 code [0x0000022e51b50260, 0x0000022e51b50c38]
Event: 89.635 Thread 0x0000022e75e9b8f0 2768       3       sun.awt.image.ByteComponentRaster::<init> (312 bytes)
Event: 89.635 Thread 0x0000022e75e9b8f0 nmethod 2768 0x0000022e51bd8690 code [0x0000022e51bd8940, 0x0000022e51bd9bb8]
Event: 89.635 Thread 0x0000022e75e9b8f0 2766       3       java.awt.image.PixelInterleavedSampleModel::<init> (137 bytes)
Event: 89.636 Thread 0x0000022e75e9b8f0 nmethod 2766 0x0000022e51909810 code [0x0000022e51909a40, 0x0000022e5190a198]
Event: 89.636 Thread 0x0000022e75e9b8f0 2770       3       java.io.WinNTFileSystem::resolve (275 bytes)
Event: 89.637 Thread 0x0000022e7c13c060 nmethod 2753 0x0000022e59309010 code [0x0000022e59309180, 0x0000022e59309778]
Event: 89.637 Thread 0x0000022e7c13c060 2769  s    4       java.io.BufferedInputStream::read (113 bytes)
Event: 89.637 Thread 0x0000022e75e9b8f0 nmethod 2770 0x0000022e51bd3510 code [0x0000022e51bd3aa0, 0x0000022e51bd6898]
Event: 89.637 Thread 0x0000022e75e9b8f0 2771       3       java.net.Socket$SocketInputStream::read (11 bytes)
Event: 89.638 Thread 0x0000022e75e9b8f0 nmethod 2771 0x0000022e51b4fb90 code [0x0000022e51b4fd40, 0x0000022e51b4ff48]
Event: 89.638 Thread 0x0000022e75e9b8f0 2781       3       java.io.FilterInputStream::<init> (10 bytes)
Event: 89.638 Thread 0x0000022e75e9b8f0 nmethod 2781 0x0000022e51bd8010 code [0x0000022e51bd81c0, 0x0000022e51bd83f8]
Event: 89.639 Thread 0x0000022e75e9b8f0 2782       3       engine.helper.Assets::cutImage (137 bytes)
Event: 89.640 Thread 0x0000022e75e9b8f0 nmethod 2782 0x0000022e51908010 code [0x0000022e519082c0, 0x0000022e51909078]
Event: 90.659 Thread 0x0000022e7c13c060 nmethod 2769 0x0000022e5944fe90 code [0x0000022e59450080, 0x0000022e59451ab8]
Event: 90.659 Thread 0x0000022e7c13c060 2772       4       java.awt.image.BufferedImage::<init> (1012 bytes)
Event: 90.691 Thread 0x0000022e75e9b8f0 2786       3       java.awt.Component::updateGraphicsData (34 bytes)

GC Heap History (20 events):
Event: 43.746 GC heap before
{Heap before GC invocations=8 (full 0):
 garbage-first heap   total 512000K, used 304404K [0x000000060e400000, 0x0000000800000000)
  region size 4096K, 75 young (307200K), 2 survivors (8192K)
 Metaspace       used 8850K, committed 9024K, reserved 1114112K
  class space    used 861K, committed 960K, reserved 1048576K
}
Event: 43.747 GC heap after
{Heap after GC invocations=9 (full 0):
 garbage-first heap   total 512000K, used 5417K [0x000000060e400000, 0x0000000800000000)
  region size 4096K, 2 young (8192K), 2 survivors (8192K)
 Metaspace       used 8850K, committed 9024K, reserved 1114112K
  class space    used 861K, committed 960K, reserved 1048576K
}
Event: 45.613 GC heap before
{Heap before GC invocations=9 (full 0):
 garbage-first heap   total 512000K, used 304425K [0x000000060e400000, 0x0000000800000000)
  region size 4096K, 75 young (307200K), 2 survivors (8192K)
 Metaspace       used 8915K, committed 9088K, reserved 1114112K
  class space    used 861K, committed 960K, reserved 1048576K
}
Event: 45.615 GC heap after
{Heap after GC invocations=10 (full 0):
 garbage-first heap   total 512000K, used 5214K [0x000000060e400000, 0x0000000800000000)
  region size 4096K, 2 young (8192K), 2 survivors (8192K)
 Metaspace       used 8915K, committed 9088K, reserved 1114112K
  class space    used 861K, committed 960K, reserved 1048576K
}
Event: 50.230 GC heap before
{Heap before GC invocations=10 (full 0):
 garbage-first heap   total 512000K, used 304222K [0x000000060e400000, 0x0000000800000000)
  region size 4096K, 75 young (307200K), 2 survivors (8192K)
 Metaspace       used 8965K, committed 9152K, reserved 1114112K
  class space    used 861K, committed 960K, reserved 1048576K
}
Event: 50.232 GC heap after
{Heap after GC invocations=11 (full 0):
 garbage-first heap   total 512000K, used 5404K [0x000000060e400000, 0x0000000800000000)
  region size 4096K, 2 young (8192K), 2 survivors (8192K)
 Metaspace       used 8965K, committed 9152K, reserved 1114112K
  class space    used 861K, committed 960K, reserved 1048576K
}
Event: 54.640 GC heap before
{Heap before GC invocations=11 (full 0):
 garbage-first heap   total 512000K, used 304412K [0x000000060e400000, 0x0000000800000000)
  region size 4096K, 75 young (307200K), 2 survivors (8192K)
 Metaspace       used 8967K, committed 9152K, reserved 1114112K
  class space    used 861K, committed 960K, reserved 1048576K
}
Event: 54.642 GC heap after
{Heap after GC invocations=12 (full 0):
 garbage-first heap   total 512000K, used 5123K [0x000000060e400000, 0x0000000800000000)
  region size 4096K, 2 young (8192K), 2 survivors (8192K)
 Metaspace       used 8967K, committed 9152K, reserved 1114112K
  class space    used 861K, committed 960K, reserved 1048576K
}
Event: 58.020 GC heap before
{Heap before GC invocations=12 (full 0):
 garbage-first heap   total 512000K, used 304131K [0x000000060e400000, 0x0000000800000000)
  region size 4096K, 75 young (307200K), 2 survivors (8192K)
 Metaspace       used 8972K, committed 9152K, reserved 1114112K
  class space    used 861K, committed 960K, reserved 1048576K
}
Event: 58.022 GC heap after
{Heap after GC invocations=13 (full 0):
 garbage-first heap   total 512000K, used 5316K [0x000000060e400000, 0x0000000800000000)
  region size 4096K, 2 young (8192K), 2 survivors (8192K)
 Metaspace       used 8972K, committed 9152K, reserved 1114112K
  class space    used 861K, committed 960K, reserved 1048576K
}
Event: 59.950 GC heap before
{Heap before GC invocations=13 (full 0):
 garbage-first heap   total 512000K, used 304324K [0x000000060e400000, 0x0000000800000000)
  region size 4096K, 75 young (307200K), 2 survivors (8192K)
 Metaspace       used 8994K, committed 9152K, reserved 1114112K
  class space    used 861K, committed 960K, reserved 1048576K
}
Event: 59.952 GC heap after
{Heap after GC invocations=14 (full 0):
 garbage-first heap   total 512000K, used 5323K [0x000000060e400000, 0x0000000800000000)
  region size 4096K, 2 young (8192K), 2 survivors (8192K)
 Metaspace       used 8994K, committed 9152K, reserved 1114112K
  class space    used 861K, committed 960K, reserved 1048576K
}
Event: 64.363 GC heap before
{Heap before GC invocations=14 (full 0):
 garbage-first heap   total 512000K, used 304331K [0x000000060e400000, 0x0000000800000000)
  region size 4096K, 75 young (307200K), 2 survivors (8192K)
 Metaspace       used 8994K, committed 9152K, reserved 1114112K
  class space    used 861K, committed 960K, reserved 1048576K
}
Event: 64.365 GC heap after
{Heap after GC invocations=15 (full 0):
 garbage-first heap   total 512000K, used 5311K [0x000000060e400000, 0x0000000800000000)
  region size 4096K, 2 young (8192K), 2 survivors (8192K)
 Metaspace       used 8994K, committed 9152K, reserved 1114112K
  class space    used 861K, committed 960K, reserved 1048576K
}
Event: 68.668 GC heap before
{Heap before GC invocations=15 (full 0):
 garbage-first heap   total 512000K, used 304319K [0x000000060e400000, 0x0000000800000000)
  region size 4096K, 75 young (307200K), 2 survivors (8192K)
 Metaspace       used 9005K, committed 9152K, reserved 1114112K
  class space    used 861K, committed 960K, reserved 1048576K
}
Event: 68.670 GC heap after
{Heap after GC invocations=16 (full 0):
 garbage-first heap   total 512000K, used 5387K [0x000000060e400000, 0x0000000800000000)
  region size 4096K, 1 young (4096K), 1 survivors (4096K)
 Metaspace       used 9005K, committed 9152K, reserved 1114112K
  class space    used 861K, committed 960K, reserved 1048576K
}
Event: 73.926 GC heap before
{Heap before GC invocations=16 (full 0):
 garbage-first heap   total 512000K, used 308491K [0x000000060e400000, 0x0000000800000000)
  region size 4096K, 75 young (307200K), 1 survivors (4096K)
 Metaspace       used 9005K, committed 9152K, reserved 1114112K
  class space    used 861K, committed 960K, reserved 1048576K
}
Event: 73.928 GC heap after
{Heap after GC invocations=17 (full 0):
 garbage-first heap   total 512000K, used 5422K [0x000000060e400000, 0x0000000800000000)
  region size 4096K, 1 young (4096K), 1 survivors (4096K)
 Metaspace       used 9005K, committed 9152K, reserved 1114112K
  class space    used 861K, committed 960K, reserved 1048576K
}
Event: 75.112 GC heap before
{Heap before GC invocations=17 (full 0):
 garbage-first heap   total 512000K, used 308526K [0x000000060e400000, 0x0000000800000000)
  region size 4096K, 75 young (307200K), 1 survivors (4096K)
 Metaspace       used 9005K, committed 9152K, reserved 1114112K
  class space    used 861K, committed 960K, reserved 1048576K
}
Event: 75.113 GC heap after
{Heap after GC invocations=18 (full 0):
 garbage-first heap   total 512000K, used 5450K [0x000000060e400000, 0x0000000800000000)
  region size 4096K, 1 young (4096K), 1 survivors (4096K)
 Metaspace       used 9005K, committed 9152K, reserved 1114112K
  class space    used 861K, committed 960K, reserved 1048576K
}

Dll operation events (11 events):
Event: 0.005 Loaded shared library C:\Users\WARDESKTOP\.jdks\corretto-17.0.7\bin\java.dll
Event: 0.006 Loaded shared library C:\Users\WARDESKTOP\.jdks\corretto-17.0.7\bin\zip.dll
Event: 0.011 Loaded shared library C:\Users\WARDESKTOP\.jdks\corretto-17.0.7\bin\jsvml.dll
Event: 0.047 Loaded shared library C:\Users\WARDESKTOP\.jdks\corretto-17.0.7\bin\instrument.dll
Event: 0.058 Loaded shared library C:\Users\WARDESKTOP\.jdks\corretto-17.0.7\bin\net.dll
Event: 0.058 Loaded shared library C:\Users\WARDESKTOP\.jdks\corretto-17.0.7\bin\nio.dll
Event: 17.685 Loaded shared library C:\Users\WARDESKTOP\.jdks\corretto-17.0.7\bin\jimage.dll
Event: 23.232 Loaded shared library C:\Users\WARDESKTOP\.jdks\corretto-17.0.7\bin\zip.dll
Event: 23.240 Loaded shared library C:\Users\WARDESKTOP\.jdks\corretto-17.0.7\bin\awt.dll
Event: 23.466 Loaded shared library C:\Users\WARDESKTOP\.jdks\corretto-17.0.7\bin\freetype.dll
Event: 23.467 Loaded shared library C:\Users\WARDESKTOP\.jdks\corretto-17.0.7\bin\fontmanager.dll

Deoptimization events (20 events):
Event: 88.260 Thread 0x0000022e7b0bc960 DEOPT PACKING pc=0x0000022e5947416c sp=0x00000067232fe2f0
Event: 88.260 Thread 0x0000022e7b0bc960 DEOPT UNPACKING pc=0x0000022e58d8a1a3 sp=0x00000067232fe2b8 mode 2
Event: 88.283 Thread 0x0000022e76aed650 Uncommon trap: trap_request=0xffffffde fr.pc=0x0000022e5947416c relative=0x000000000000022c
Event: 88.284 Thread 0x0000022e76aed650 Uncommon trap: reason=class_check action=maybe_recompile pc=0x0000022e5947416c method=sun.java2d.pipe.BufferedContext.setSurfaces(Lsun/java2d/pipe/hw/AccelSurface;Lsun/java2d/pipe/hw/AccelSurface;)V @ 25 c2
Event: 88.284 Thread 0x0000022e76aed650 DEOPT PACKING pc=0x0000022e5947416c sp=0x0000006722dfe510
Event: 88.284 Thread 0x0000022e76aed650 DEOPT UNPACKING pc=0x0000022e58d8a1a3 sp=0x0000006722dfe4d8 mode 2
Event: 88.335 Thread 0x0000022e7b0bfac0 DEOPT PACKING pc=0x0000022e51828e2f sp=0x00000067237fe980
Event: 88.335 Thread 0x0000022e7b0bfac0 DEOPT UNPACKING pc=0x0000022e58d8ace3 sp=0x00000067237fdf18 mode 0
Event: 88.335 Thread 0x0000022e7b0bff90 DEOPT PACKING pc=0x0000022e51828e2f sp=0x00000067233fe7a0
Event: 88.335 Thread 0x0000022e7b0bff90 DEOPT UNPACKING pc=0x0000022e58d8ace3 sp=0x00000067233fdd38 mode 0
Event: 88.366 Thread 0x0000022e7b0c0930 DEOPT PACKING pc=0x0000022e51828e2f sp=0x00000067235febe0
Event: 88.366 Thread 0x0000022e7b0c0930 DEOPT UNPACKING pc=0x0000022e58d8ace3 sp=0x00000067235fe178 mode 0
Event: 88.581 Thread 0x0000022e7b0b8650 Uncommon trap: trap_request=0xffffffe4 fr.pc=0x0000022e594ca2ec relative=0x000000000000050c
Event: 88.581 Thread 0x0000022e7b0b8650 Uncommon trap: reason=range_check action=make_not_entrant pc=0x0000022e594ca2ec method=java.awt.image.DirectColorModel.setFields()V @ 6 c2
Event: 88.581 Thread 0x0000022e7b0b8650 DEOPT PACKING pc=0x0000022e594ca2ec sp=0x00000067230fe450
Event: 88.581 Thread 0x0000022e7b0b8650 DEOPT UNPACKING pc=0x0000022e58d8a1a3 sp=0x00000067230fe2a8 mode 2
Event: 89.637 Thread 0x0000022e7b0b9ba0 DEOPT PACKING pc=0x0000022e518a7dde sp=0x00000067231fe690
Event: 89.637 Thread 0x0000022e7b0b9ba0 DEOPT UNPACKING pc=0x0000022e58d8ace3 sp=0x00000067231fdb30 mode 0
Event: 89.640 Thread 0x0000022e76d3d1f0 DEOPT PACKING pc=0x0000022e518a7dde sp=0x0000006722efe9b0
Event: 89.640 Thread 0x0000022e76d3d1f0 DEOPT UNPACKING pc=0x0000022e58d8ace3 sp=0x0000006722efde50 mode 0

Classes unloaded (0 events):
No events

Classes redefined (0 events):
No events

Internal exceptions (19 events):
Event: 0.055 Thread 0x0000022e76c0fca0 Exception <a 'java/lang/NoSuchMethodError'{0x000000062d762328}: 'java.lang.Object java.lang.invoke.DirectMethodHandle$Holder.invokeStaticInit(java.lang.Object)'> (0x000000062d762328) 
thrown [s\src\hotspot\share\interpreter\linkResolver.cpp, line 759]
Event: 0.061 Thread 0x0000022e76c0fca0 Exception <a 'java/lang/NoSuchMethodError'{0x000000062d7c1620}: 'void java.lang.invoke.DirectMethodHandle$Holder.invokeStatic(java.lang.Object, java.lang.Object)'> (0x000000062d7c1620) 
thrown [s\src\hotspot\share\interpreter\linkResolver.cpp, line 759]
Event: 17.646 Thread 0x0000022e76c0fca0 Exception <a 'java/lang/NoSuchMethodError'{0x000000062d7cd248}: 'void java.lang.invoke.DirectMethodHandle$Holder.invokeSpecial(java.lang.Object, java.lang.Object, java.lang.Object)'> (0x000000062d7cd248) 
thrown [s\src\hotspot\share\interpreter\linkResolver.cpp, line 759]
Event: 17.724 Thread 0x0000022e76c28e70 Exception <a 'java/lang/NoSuchMethodError'{0x000000062d32a418}: 'void java.lang.invoke.DirectMethodHandle$Holder.invokeInterface(java.lang.Object, java.lang.Object, int)'> (0x000000062d32a418) 
thrown [s\src\hotspot\share\interpreter\linkResolver.cpp, line 759]
Event: 17.724 Thread 0x0000022e76c28e70 Exception <a 'java/lang/IncompatibleClassChangeError'{0x000000062d32dd10}: Found class java.lang.Object, but interface was expected> (0x000000062d32dd10) 
thrown [s\src\hotspot\share\interpreter\linkResolver.cpp, line 826]
Event: 23.219 Thread 0x0000022e7b0c0460 Implicit null exception at 0x0000022e59382464 to 0x0000022e59382554
Event: 23.235 Thread 0x0000022e7b0c0460 Exception <a 'java/lang/ClassNotFoundException'{0x00000006288284b0}: sun/awt/resources/spi/awtProvider> (0x00000006288284b0) 
thrown [s\src\hotspot\share\classfile\systemDictionary.cpp, line 256]
Event: 23.244 Thread 0x0000022e7b0c0460 Exception <a 'java/io/FileNotFoundException'{0x000000062888a5c0}> (0x000000062888a5c0) 
thrown [s\src\hotspot\share\prims\jni.cpp, line 516]
Event: 23.246 Thread 0x0000022e7b0c0460 Exception <a 'java/io/FileNotFoundException'{0x00000006288b6638}> (0x00000006288b6638) 
thrown [s\src\hotspot\share\prims\jni.cpp, line 516]
Event: 23.433 Thread 0x0000022e7b0c0460 Exception <a 'java/lang/NoSuchMethodError'{0x0000000628b32780}: 'java.lang.Object java.lang.invoke.DirectMethodHandle$Holder.newInvokeSpecial(java.lang.Object, java.lang.Object, java.lang.Object, java.lang.Object, java.lang.Object)'> (0x0000000628b32780) 
thrown [s\src\hotspot\share\interpreter\linkResolver.cpp, line 759]
Event: 23.433 Thread 0x0000022e7b0c0460 Exception <a 'java/lang/NoSuchMethodError'{0x0000000628b3e148}: 'java.lang.Object java.lang.invoke.DirectMethodHandle$Holder.invokeStatic(java.lang.Object, int, java.lang.Object, java.lang.Object, java.lang.Object, java.lang.Object)'> (0x0000000628b3e148) 
thrown [s\src\hotspot\share\interpreter\linkResolver.cpp, line 759]
Event: 23.435 Thread 0x0000022e7b0c0460 Exception <a 'java/lang/NoSuchMethodError'{0x0000000628b64340}: 'java.lang.Object java.lang.invoke.DirectMethodHandle$Holder.invokeStatic(java.lang.Object, int, java.lang.Object)'> (0x0000000628b64340) 
thrown [s\src\hotspot\share\interpreter\linkResolver.cpp, line 759]
Event: 23.447 Thread 0x0000022e7b0c0460 Exception <a 'java/lang/ClassNotFoundException'{0x000000062842ede0}: com/sun/swing/internal/plaf/metal/resources/spi/metalProvider> (0x000000062842ede0) 
thrown [s\src\hotspot\share\classfile\systemDictionary.cpp, line 256]
Event: 23.448 Thread 0x0000022e7b0c0460 Exception <a 'java/lang/ClassNotFoundException'{0x0000000628435688}: com/sun/swing/internal/plaf/basic/resources/spi/basicProvider> (0x0000000628435688) 
thrown [s\src\hotspot\share\classfile\systemDictionary.cpp, line 256]
Event: 23.450 Thread 0x0000022e7b0c0460 Implicit null exception at 0x0000022e59402dd8 to 0x0000022e59402e6e
Event: 23.451 Thread 0x0000022e7b0c0460 Implicit null exception at 0x0000022e59338b1c to 0x0000022e59338fe4
Event: 23.451 Thread 0x0000022e7b0c0460 Implicit null exception at 0x0000022e592fcd92 to 0x0000022e592fd20c
Event: 23.457 Thread 0x0000022e7b8f60b0 Exception <a 'java/lang/NoSuchMethodError'{0x0000000628a444d0}: 'void java.lang.invoke.DirectMethodHandle$Holder.invokeVirtual(java.lang.Object, java.lang.Object)'> (0x0000000628a444d0) 
thrown [s\src\hotspot\share\interpreter\linkResolver.cpp, line 759]
Event: 23.464 Thread 0x0000022e7b0c0460 Exception <a 'java/lang/NoSuchMethodError'{0x0000000628552db0}: 'void java.lang.invoke.DirectMethodHandle$Holder.invokeStaticInit(java.lang.Object)'> (0x0000000628552db0) 
thrown [s\src\hotspot\share\interpreter\linkResolver.cpp, line 759]

VM Operations (20 events):
Event: 62.974 Executing VM operation: Cleanup
Event: 62.974 Executing VM operation: Cleanup done
Event: 64.363 Executing VM operation: G1CollectForAllocation
Event: 64.365 Executing VM operation: G1CollectForAllocation done
Event: 67.394 Executing VM operation: Cleanup
Event: 67.394 Executing VM operation: Cleanup done
Event: 68.668 Executing VM operation: G1CollectForAllocation
Event: 68.670 Executing VM operation: G1CollectForAllocation done
Event: 73.926 Executing VM operation: G1CollectForAllocation
Event: 73.928 Executing VM operation: G1CollectForAllocation done
Event: 75.112 Executing VM operation: G1CollectForAllocation
Event: 75.113 Executing VM operation: G1CollectForAllocation done
Event: 76.116 Executing VM operation: Cleanup
Event: 76.116 Executing VM operation: Cleanup done
Event: 88.195 Executing VM operation: Cleanup
Event: 88.195 Executing VM operation: Cleanup done
Event: 89.205 Executing VM operation: Cleanup
Event: 89.205 Executing VM operation: Cleanup done
Event: 90.212 Executing VM operation: Cleanup
Event: 90.212 Executing VM operation: Cleanup done

Events (20 events):
Event: 88.349 loading class jdk/internal/reflect/ByteVector
Event: 88.349 loading class jdk/internal/reflect/ByteVector done
Event: 88.349 loading class jdk/internal/reflect/ByteVectorImpl done
Event: 88.349 loading class jdk/internal/reflect/ClassFileAssembler
Event: 88.349 loading class jdk/internal/reflect/ClassFileAssembler done
Event: 88.349 loading class jdk/internal/reflect/UTF8
Event: 88.349 loading class jdk/internal/reflect/UTF8 done
Event: 88.350 loading class jdk/internal/reflect/Label
Event: 88.350 loading class jdk/internal/reflect/Label done
Event: 88.350 loading class jdk/internal/reflect/Label$PatchInfo
Event: 88.350 loading class jdk/internal/reflect/Label$PatchInfo done
Event: 88.350 loading class jdk/internal/reflect/MethodAccessorGenerator$1
Event: 88.350 loading class jdk/internal/reflect/MethodAccessorGenerator$1 done
Event: 88.350 loading class jdk/internal/reflect/ClassDefiner
Event: 88.351 loading class jdk/internal/reflect/ClassDefiner done
Event: 88.351 loading class jdk/internal/reflect/ClassDefiner$1
Event: 88.351 loading class jdk/internal/reflect/ClassDefiner$1 done
Event: 88.562 Thread 0x0000022e7c13c060 Thread added: 0x0000022e7c13c060
Event: 89.609 Thread 0x0000022e7c13c060 Thread exited: 0x0000022e7c13c060
Event: 89.623 Thread 0x0000022e7c13c060 Thread added: 0x0000022e7c13c060


Dynamic libraries:
0x00007ff726080000 - 0x00007ff72608d000 	C:\Users\WARDESKTOP\.jdks\corretto-17.0.7\bin\java.exe
0x00007ffee4140000 - 0x00007ffee43a5000 	C:\WINDOWS\SYSTEM32\ntdll.dll
0x00007ffee1fd0000 - 0x00007ffee2099000 	C:\WINDOWS\System32\KERNEL32.DLL
0x00007ffee1560000 - 0x00007ffee1948000 	C:\WINDOWS\System32\KERNELBASE.dll
0x00007ffee1d00000 - 0x00007ffee1e4b000 	C:\WINDOWS\System32\ucrtbase.dll
0x00007ffecdbe0000 - 0x00007ffecdbf7000 	C:\Users\WARDESKTOP\.jdks\corretto-17.0.7\bin\jli.dll
0x00007ffedd5f0000 - 0x00007ffedd605000 	C:\Users\WARDESKTOP\.jdks\corretto-17.0.7\bin\VCRUNTIME140.dll
0x00007ffee3640000 - 0x00007ffee380a000 	C:\WINDOWS\System32\USER32.dll
0x00007ffee1b90000 - 0x00007ffee1bb7000 	C:\WINDOWS\System32\win32u.dll
0x00007ffec9fb0000 - 0x00007ffeca24a000 	C:\WINDOWS\WinSxS\amd64_microsoft.windows.common-controls_6595b64144ccf1df_6.0.26100.4202_none_3e0698d4e335f517\COMCTL32.dll
0x00007ffee3a90000 - 0x00007ffee3abb000 	C:\WINDOWS\System32\GDI32.dll
0x00007ffee3590000 - 0x00007ffee3639000 	C:\WINDOWS\System32\msvcrt.dll
0x00007ffee1bc0000 - 0x00007ffee1cf7000 	C:\WINDOWS\System32\gdi32full.dll
0x00007ffee1410000 - 0x00007ffee14b3000 	C:\WINDOWS\System32\msvcp_win.dll
0x00007ffee22a0000 - 0x00007ffee22d0000 	C:\WINDOWS\System32\IMM32.DLL
0x00007ffeb3790000 - 0x00007ffeb382b000 	C:\Users\WARDESKTOP\.jdks\corretto-17.0.7\bin\msvcp140.dll
0x00007ffe74a90000 - 0x00007ffe756aa000 	C:\Users\WARDESKTOP\.jdks\corretto-17.0.7\bin\server\jvm.dll
0x00007ffee3f50000 - 0x00007ffee4003000 	C:\WINDOWS\System32\ADVAPI32.dll
0x00007ffee20a0000 - 0x00007ffee2146000 	C:\WINDOWS\System32\sechost.dll
0x00007ffee3070000 - 0x00007ffee3185000 	C:\WINDOWS\System32\RPCRT4.dll
0x00007ffec06c0000 - 0x00007ffec06ca000 	C:\WINDOWS\SYSTEM32\WSOCK32.dll
0x00007ffecdb90000 - 0x00007ffecdbc5000 	C:\WINDOWS\SYSTEM32\WINMM.dll
0x00007ffed79a0000 - 0x00007ffed79ab000 	C:\WINDOWS\SYSTEM32\VERSION.dll
0x00007ffee2220000 - 0x00007ffee2294000 	C:\WINDOWS\System32\WS2_32.dll
0x00007ffee0010000 - 0x00007ffee002b000 	C:\WINDOWS\SYSTEM32\kernel.appcore.dll
0x00007ffedd640000 - 0x00007ffedd64a000 	C:\Users\WARDESKTOP\.jdks\corretto-17.0.7\bin\jimage.dll
0x00007ffed81a0000 - 0x00007ffed83e1000 	C:\WINDOWS\SYSTEM32\DBGHELP.DLL
0x00007ffee3200000 - 0x00007ffee3585000 	C:\WINDOWS\System32\combase.dll
0x00007ffee4010000 - 0x00007ffee40f1000 	C:\WINDOWS\System32\OLEAUT32.dll
0x00007ffec9e30000 - 0x00007ffec9e69000 	C:\WINDOWS\SYSTEM32\dbgcore.DLL
0x00007ffee14c0000 - 0x00007ffee1559000 	C:\WINDOWS\System32\bcryptPrimitives.dll
0x00007ffec2680000 - 0x00007ffec26b9000 	C:\Users\WARDESKTOP\.jdks\corretto-17.0.7\bin\jdwp.dll
0x00007ffeda530000 - 0x00007ffeda53e000 	C:\Users\WARDESKTOP\.jdks\corretto-17.0.7\bin\instrument.dll
0x00007ffec6e30000 - 0x00007ffec6e55000 	C:\Users\WARDESKTOP\.jdks\corretto-17.0.7\bin\java.dll
0x00007ffec6e10000 - 0x00007ffec6e28000 	C:\Users\WARDESKTOP\.jdks\corretto-17.0.7\bin\zip.dll
0x00007ffeb1250000 - 0x00007ffeb1326000 	C:\Users\WARDESKTOP\.jdks\corretto-17.0.7\bin\jsvml.dll
0x00007ffee22e0000 - 0x00007ffee2a22000 	C:\WINDOWS\System32\SHELL32.dll
0x00007ffee1290000 - 0x00007ffee1404000 	C:\WINDOWS\System32\wintypes.dll
0x00007ffedeed0000 - 0x00007ffedf728000 	C:\WINDOWS\SYSTEM32\windows.storage.dll
0x00007ffee3830000 - 0x00007ffee3921000 	C:\WINDOWS\System32\SHCORE.dll
0x00007ffee3190000 - 0x00007ffee31fa000 	C:\WINDOWS\System32\shlwapi.dll
0x00007ffee11a0000 - 0x00007ffee11cf000 	C:\WINDOWS\SYSTEM32\profapi.dll
0x00007ffed86e0000 - 0x00007ffed86ec000 	C:\Users\WARDESKTOP\.jdks\corretto-17.0.7\bin\dt_socket.dll
0x00007ffedfa20000 - 0x00007ffedfa53000 	C:\WINDOWS\SYSTEM32\IPHLPAPI.DLL
0x00007ffee0560000 - 0x00007ffee05ca000 	C:\WINDOWS\system32\mswsock.dll
0x00007ffec6dd0000 - 0x00007ffec6de9000 	C:\Users\WARDESKTOP\.jdks\corretto-17.0.7\bin\net.dll
0x00007ffed9e70000 - 0x00007ffed9f8e000 	C:\WINDOWS\SYSTEM32\WINHTTP.dll
0x00007ffebfcc0000 - 0x00007ffebfcd5000 	C:\Users\WARDESKTOP\.jdks\corretto-17.0.7\bin\nio.dll
0x00007ffe4a430000 - 0x00007ffe4a5d9000 	C:\Users\WARDESKTOP\.jdks\corretto-17.0.7\bin\awt.dll
0x00007ffede110000 - 0x00007ffede1ae000 	C:\WINDOWS\SYSTEM32\apphelp.dll
0x00007ffede930000 - 0x00007ffede966000 	C:\WINDOWS\system32\DWMAPI.DLL
0x00007ffede3f0000 - 0x00007ffede49f000 	C:\WINDOWS\system32\uxtheme.dll
0x00007ffe696c0000 - 0x00007ffe697d4000 	C:\WINDOWS\system32\opengl32.dll
0x00007ffe89b70000 - 0x00007ffe89b9d000 	C:\WINDOWS\SYSTEM32\GLU32.dll
0x00007ffede5f0000 - 0x00007ffede63d000 	C:\WINDOWS\SYSTEM32\dxcore.dll
0x0000000180000000 - 0x0000000183586000 	C:\Program Files (x86)\RivaTuner Statistics Server\RTSSHooks64.dll
0x00007ffee3ac0000 - 0x00007ffee3f46000 	C:\WINDOWS\System32\SETUPAPI.dll
0x00007ffee2a30000 - 0x00007ffee2b90000 	C:\WINDOWS\System32\MSCTF.dll
0x00007ffee2e30000 - 0x00007ffee2fce000 	C:\WINDOWS\System32\ole32.dll
0x00007ffeb1fc0000 - 0x00007ffeb2177000 	C:\WINDOWS\system32\d3d9.dll
0x00007ffed7a90000 - 0x00007ffed7b54000 	C:\WINDOWS\System32\DriverStore\FileRepository\nv_dispi.inf_amd64_9425e4c3b1ac1c47\nvldumdx.dll
0x00007ffee09a0000 - 0x00007ffee09b3000 	C:\WINDOWS\SYSTEM32\msasn1.dll
0x00007ffed6e10000 - 0x00007ffed6e4b000 	C:\WINDOWS\SYSTEM32\cryptnet.dll
0x00007ffee1a10000 - 0x00007ffee1b87000 	C:\WINDOWS\System32\CRYPT32.dll
0x00007ffee07a0000 - 0x00007ffee07ac000 	C:\WINDOWS\SYSTEM32\cryptbase.dll
0x00007ffee0840000 - 0x00007ffee08a3000 	C:\WINDOWS\SYSTEM32\wldp.dll
0x00007ffed6aa0000 - 0x00007ffed6c1c000 	C:\WINDOWS\SYSTEM32\drvstore.dll
0x00007ffee0f50000 - 0x00007ffee0f7d000 	C:\WINDOWS\SYSTEM32\devobj.dll
0x00007ffee0ef0000 - 0x00007ffee0f47000 	C:\WINDOWS\SYSTEM32\cfgmgr32.dll
0x00007ffee1e50000 - 0x00007ffee1ed4000 	C:\WINDOWS\System32\wintrust.dll
0x00007ffee2ba0000 - 0x00007ffee2bc0000 	C:\WINDOWS\System32\imagehlp.dll
0x00007ffee0940000 - 0x00007ffee095b000 	C:\WINDOWS\SYSTEM32\CRYPTSP.dll
0x00007ffedff70000 - 0x00007ffedffaa000 	C:\WINDOWS\system32\rsaenh.dll
0x00007ffee1170000 - 0x00007ffee1196000 	C:\WINDOWS\SYSTEM32\bcrypt.dll
0x00007ffed3d60000 - 0x00007ffed6a70000 	C:\WINDOWS\System32\DriverStore\FileRepository\nv_dispi.inf_amd64_9425e4c3b1ac1c47\nvgpucomp64.dll
0x00007ffe69ed0000 - 0x00007ffe6bc5c000 	C:\WINDOWS\System32\DriverStore\FileRepository\nv_dispi.inf_amd64_9425e4c3b1ac1c47\nvd3dumx.dll
0x00007ffede660000 - 0x00007ffede6c1000 	C:\WINDOWS\SYSTEM32\directxdatabasehelper.dll
0x00007ffe9e640000 - 0x00007ffe9e944000 	C:\WINDOWS\system32\nvspcap64.dll
0x00007ffee0130000 - 0x00007ffee0166000 	C:\WINDOWS\SYSTEM32\ntmarta.dll
0x00007ffee05d0000 - 0x00007ffee05f7000 	C:\WINDOWS\SYSTEM32\gpapi.dll
0x00007ffeaaab0000 - 0x00007ffeaac05000 	C:\WINDOWS\System32\DriverStore\FileRepository\nv_dispi.inf_amd64_9425e4c3b1ac1c47\nvppex.dll
0x00007ffe4a3a0000 - 0x00007ffe4a423000 	C:\Users\WARDESKTOP\.jdks\corretto-17.0.7\bin\freetype.dll
0x00007ffe4a2d0000 - 0x00007ffe4a392000 	C:\Users\WARDESKTOP\.jdks\corretto-17.0.7\bin\fontmanager.dll
0x00007ffed8490000 - 0x00007ffed85e0000 	C:\WINDOWS\SYSTEM32\textinputframework.dll
0x00007ffee2170000 - 0x00007ffee2218000 	C:\WINDOWS\System32\clbcatq.dll
0x00007ffeb6f60000 - 0x00007ffeb6fbe000 	C:\WINDOWS\system32\ApplicationTargetedFeatureDatabase.dll
0x00007ffed2300000 - 0x00007ffed253a000 	C:\Windows\System32\twinapi.appcore.dll

dbghelp: loaded successfully - version: 4.0.5 - missing functions: none
symbol engine: initialized successfully - sym options: 0x614 - pdb path: .;C:\Users\WARDESKTOP\.jdks\corretto-17.0.7\bin;C:\WINDOWS\SYSTEM32;C:\WINDOWS\WinSxS\amd64_microsoft.windows.common-controls_6595b64144ccf1df_6.0.26100.4202_none_3e0698d4e335f517;C:\Users\WARDESKTOP\.jdks\corretto-17.0.7\bin\server;C:\Program Files (x86)\RivaTuner Statistics Server;C:\WINDOWS\System32\DriverStore\FileRepository\nv_dispi.inf_amd64_9425e4c3b1ac1c47

VM Arguments:
jvm_args: -agentlib:jdwp=transport=dt_socket,address=127.0.0.1:54733,suspend=y,server=n -javaagent:C:\Users\WARDESKTOP\AppData\Local\JetBrains\IdeaIC2023.1\captureAgent\debugger-agent.jar -Dfile.encoding=UTF-8 
java_command: Program
java_class_path (initial): C:\Users\WARDESKTOP\source\repos\Mario-AI-Framework-Private\out\production\Mario-AI-Framework-Private;C:\Users\WARDESKTOP\source\repos\Mario-AI-Framework-Private\deepRL\.venv\share\py4j\py4j0.10.9.7.jar;C:\Program Files\JetBrains\IntelliJ IDEA Community Edition 2023.1.7\lib\idea_rt.jar
Launcher Type: SUN_STANDARD

[Global flags]
     intx CICompilerCount                          = 4                                         {product} {ergonomic}
     uint ConcGCThreads                            = 3                                         {product} {ergonomic}
     uint G1ConcRefinementThreads                  = 10                                        {product} {ergonomic}
   size_t G1HeapRegionSize                         = 4194304                                   {product} {ergonomic}
    uintx GCDrainStackTargetSize                   = 64                                        {product} {ergonomic}
   size_t InitialHeapSize                          = 524288000                                 {product} {ergonomic}
   size_t MarkStackSize                            = 4194304                                   {product} {ergonomic}
   size_t MaxHeapSize                              = 8350859264                                {product} {ergonomic}
   size_t MaxNewSize                               = 5007998976                                {product} {ergonomic}
   size_t MinHeapDeltaBytes                        = 4194304                                   {product} {ergonomic}
   size_t MinHeapSize                              = 8388608                                   {product} {ergonomic}
    uintx NonNMethodCodeHeapSize                   = 5839372                                {pd product} {ergonomic}
    uintx NonProfiledCodeHeapSize                  = 122909434                              {pd product} {ergonomic}
    uintx ProfiledCodeHeapSize                     = 122909434                              {pd product} {ergonomic}
    uintx ReservedCodeCacheSize                    = 251658240                              {pd product} {ergonomic}
     bool SegmentedCodeCache                       = true                                      {product} {ergonomic}
   size_t SoftMaxHeapSize                          = 8350859264                             {manageable} {ergonomic}
     bool UseCompressedClassPointers               = true                           {product lp64_product} {ergonomic}
     bool UseCompressedOops                        = true                           {product lp64_product} {ergonomic}
     bool UseG1GC                                  = true                                      {product} {ergonomic}
     bool UseLargePagesIndividualAllocation        = false                                  {pd product} {ergonomic}

Logging:
Log output configuration:
 #0: stdout all=warning uptime,level,tags
 #1: stderr all=off uptime,level,tags

Environment Variables:
JAVA_HOME=C:\Honeywell\OptimizerSupervisor-N4.12.2.16\jre
CLASSPATH=.;C:\Honeywell\OptimizerSupervisor-N4.12.2.16\jre\lib;C:\Honeywell\OptimizerSupervisor-N4.12.2.16\jre\lib\dt.jar;C:\Honeywell\OptimizerSupervisor-N4.12.2.16\jre\lib\tools.jar;
PATH=C:\Program Files\NVIDIA GPU Computing Toolkit\CUDA\v11.8\bin;C:\Program Files\NVIDIA GPU Computing Toolkit\CUDA\v11.8\libnvvp;C:\Program Files\Common Files\Oracle\Java\javapath;C:\Program Files (x86)\Common Files\Oracle\Java\javapath;C:\Windows\system32;C:\Windows;C:\Windows\System32\Wbem;C:\Windows\System32\WindowsPowerShell\v1.0\;C:\Windows\System32\OpenSSH\;C:\Program Files (x86)\NVIDIA Corporation\PhysX\Common;C:\Program Files\Microsoft SQL Server\Client SDK\ODBC\170\Tools\Binn\;C:\WINDOWS\system32;C:\WINDOWS;C:\WINDOWS\System32\Wbem;C:\WINDOWS\System32\WindowsPowerShell\v1.0\;C:\WINDOWS\System32\OpenSSH\;C:\Program Files\dotnet\;C:\Program Files\Git\cmd;C:\vcpkg;C:\vcpkg\installed\x64-windows\tools\drogon;C:\Program Files\Git LFS;C:\ffmpeg\bin;C:\Program Files (x86)\dotnet\;C:\WINDOWS\system32;C:\WINDOWS;C:\WINDOWS\System32\Wbem;C:\WINDOWS\System32\WindowsPowerShell\v1.0\;C:\WINDOWS\System32\OpenSSH\;C:\Program Files\NVIDIA Corporation\Nsight Compute 2022.3.0\;C:\Program Files (x86)\Intel\Intel(R) Management Engine Components\DAL;C:\Program Files\Intel\Intel(R) Management Engine Components\DAL;C:\Program Files (x86)\Windows Kits\10\Windows Performance Toolkit\;C:\Program Files\nodejs\;C:\Program Files\Microsoft SQL Server\150\Tools\Binn\;C:\Program Files\Docker\Docker\resources\bin;C:\Program Files\NVIDIA Corporation\NVIDIA App\NvDLISR;C:\Program Files\WireGuard\;C:\Program Files\Sunshine;C:\Program Files\Sunshine\tools;C:\Users\WARDESKTOP\miniconda3;C:\Users\WARDESKTOP\AppData\Local\Programs\Python\Python312\;C:\Honeywell\OptimizerSupervisor-N4.12.2.16\bin;C:\Program Files\Java\jdk-20\bin;C:\Users\WARDESKTOP\AppData\Local\Programs\Python\Python310\;C:\Users\WARDESKTOP\AppData\Local\Microsoft\WindowsApps;C:\Users\WARDESKTOP\.dotnet\tools;C:\Users\WARDESKTOP\AppData\Local\Programs\Microsoft VS Code\bin;C:\Users\WARDESKTOP\AppData\Local\Programs\oh-my-posh\bin;C:\Program Files\JetBrains\IntelliJ IDEA Community Edition 2021.3.3\bin;C:\Users\WARDESKTOP\AppData\Lo
USERNAME=WARDESKTOP
OS=Windows_NT
PROCESSOR_IDENTIFIER=AMD64 Family 25 Model 97 Stepping 2, AuthenticAMD
TMP=C:\Users\WARDES~1\AppData\Local\Temp
TEMP=C:\Users\WARDES~1\AppData\Local\Temp



---------------  S Y S T E M  ---------------

OS:
 Windows 11 , 64 bit Build 26100 (10.0.26100.4202)
OS uptime: 0 days 10:51 hours
Hyper-V role detected

CPU: total 12 (initial active 12) (12 cores per cpu, 2 threads per core) family 25 model 97 stepping 2 microcode 0xa601209, cx8, cmov, fxsr, ht, mmx, 3dnowpref, sse, sse2, sse3, ssse3, sse4a, sse4.1, sse4.2, popcnt, lzcnt, tsc, tscinvbit, avx, avx2, aes, erms, clmul, bmi1, bmi2, adx, avx512f, avx512dq, avx512cd, avx512bw, avx512vl, sha, fma, vzeroupper, avx512_vpopcntdq, avx512_vpclmulqdq, avx512_vaes, avx512_vnni, clflush, clflushopt, avx512_vbmi2, avx512_vbmi, hv

Memory: 4k page, system-wide physical 31849M (11481M free)
TotalPageFile size 52329M (AvailPageFile size 6M)
current process WorkingSet (physical memory assigned to process): 441M, peak: 441M
current process commit charge ("private bytes"): 810M, peak: 810M

vm_info: OpenJDK 64-Bit Server VM (17.0.7+7-LTS) for windows-amd64 JRE (17.0.7+7-LTS), built on Apr 14 2023 01:39:21 by "Administrator" with MS VC++ 15.9 (VS2017)

END.
