#
# There is insufficient memory for the Java Runtime Environment to continue.
# Native memory allocation (malloc) failed to allocate 1231376 bytes for Chunk::new
# Possible reasons:
#   The system is out of physical RAM or swap space
#   The process is running with CompressedOops enabled, and the Java Heap may be blocking the growth of the native heap
# Possible solutions:
#   Reduce memory load on the system
#   Increase physical memory or swap space
#   Check if swap backing store is full
#   Decrease Java heap size (-Xmx/-Xms)
#   Decrease number of Java threads
#   Decrease Java thread stack sizes (-Xss)
#   Set larger code cache with -XX:ReservedCodeCacheSize=
#   JVM is running with Zero Based Compressed Oops mode in which the Java heap is
#     placed in the first 32GB address space. The Java Heap base address is the
#     maximum limit for the native heap growth. Please use -XX:HeapBaseMinAddress
#     to set the Java Heap base and to place the Java Heap above 32GB virtual address.
# This output file may be truncated or incomplete.
#
#  Out of Memory Error (arena.cpp:189), pid=6584, tid=23296
#
# JRE version: OpenJDK Runtime Environment Corretto-17.0.7.7.1 (17.0.7+7) (build 17.0.7+7-LTS)
# Java VM: OpenJDK 64-Bit Server VM Corretto-17.0.7.7.1 (17.0.7+7-LTS, mixed mode, sharing, tiered, compressed oops, compressed class ptrs, g1 gc, windows-amd64)
# No core dump will be written. Minidumps are not enabled by default on client versions of Windows
#

---------------  S U M M A R Y ------------

Command Line: -agentlib:jdwp=transport=dt_socket,address=127.0.0.1:54337,suspend=y,server=n -javaagent:C:\Users\WARDESKTOP\AppData\Local\JetBrains\IdeaIC2023.1\captureAgent\debugger-agent.jar -Dfile.encoding=UTF-8 Program

Host: AMD Ryzen 5 7600 6-Core Processor              , 12 cores, 31G,  Windows 11 , 64 bit Build 26100 (10.0.26100.4202)
Time: Fri Jul 11 20:12:29 2025 SE Asia Standard Time elapsed time: 60.389899 seconds (0d 0h 1m 0s)

---------------  T H R E A D  ---------------

Current thread (0x0000023bbe4236c0):  JavaThread "C2 CompilerThread1" daemon [_thread_in_native, id=23296, stack(0x000000913b960000,0x000000913ba60000)]


Current CompileTask:
C2:  60389 2563       4       sun.java2d.SunGraphics2D::<init> (154 bytes)

Stack: [0x000000913b960000,0x000000913ba60000]
Native frames: (J=compiled Java code, j=interpreted, Vv=VM code, C=native code)
V  [jvm.dll+0x64b53a]
V  [jvm.dll+0x7fef54]
V  [jvm.dll+0x80070e]
V  [jvm.dll+0x800d63]
V  [jvm.dll+0x236a2b]
V  [jvm.dll+0xbd47c]
V  [jvm.dll+0xbda5c]
V  [jvm.dll+0x350be2]
V  [jvm.dll+0x31b60f]
V  [jvm.dll+0x31aa4a]
V  [jvm.dll+0x20acf5]
V  [jvm.dll+0x20a287]
V  [jvm.dll+0x19a2ed]
V  [jvm.dll+0x21967d]
V  [jvm.dll+0x2178c4]
V  [jvm.dll+0x7b7dcb]
V  [jvm.dll+0x7b237a]
V  [jvm.dll+0x64a3a5]
C  [ucrtbase.dll+0x37b0]
C  [KERNEL32.DLL+0x2e8d7]
C  [ntdll.dll+0x3c34c]


---------------  P R O C E S S  ---------------

Threads class SMR info:
_java_thread_list=0x0000023bb89f49b0, length=41, elements={
0x0000023b8c49f0d0, 0x0000023bb5e319a0, 0x0000023bb5e32160, 0x0000023bb5e47a80,
0x0000023bb5e4a150, 0x0000023bb5e4a710, 0x0000023bb5e4ece0, 0x0000023bb5e595f0,
0x0000023bb89b3a60, 0x0000023bb5e7e790, 0x0000023bb89b04a0, 0x0000023bb8b3a7a0,
0x0000023bb8b46410, 0x0000023bb8b46ef0, 0x0000023bb8bf7fe0, 0x0000023bb8c07910,
0x0000023bb8b4d700, 0x0000023bb8b4dfe0, 0x0000023bb8cae360, 0x0000023bb8ceefa0,
0x0000023bb8cf10b0, 0x0000023bbd0b2740, 0x0000023bbd0b6c70, 0x0000023bbd0cd720,
0x0000023bbd0ce590, 0x0000023bbd0ce0c0, 0x0000023bbd0cd250, 0x0000023bbd0cc3e0,
0x0000023bbd0cc8b0, 0x0000023bbd0cea60, 0x0000023bbd0cef30, 0x0000023bbd0cfda0,
0x0000023bbd0ccd80, 0x0000023bbd0cf400, 0x0000023bbd7efaa0, 0x0000023bbd7ed420,
0x0000023bbd7f0910, 0x0000023bbd7ef100, 0x0000023bbd7ef5d0, 0x0000023bbe4236c0,
0x0000023bc56a4230
}

Java Threads: ( => current thread )
  0x0000023b8c49f0d0 JavaThread "main" [_thread_blocked, id=28772, stack(0x0000009137d00000,0x0000009137e00000)]
  0x0000023bb5e319a0 JavaThread "Reference Handler" daemon [_thread_blocked, id=5620, stack(0x0000009138400000,0x0000009138500000)]
  0x0000023bb5e32160 JavaThread "Finalizer" daemon [_thread_blocked, id=27684, stack(0x0000009138500000,0x0000009138600000)]
  0x0000023bb5e47a80 JavaThread "Signal Dispatcher" daemon [_thread_blocked, id=16548, stack(0x0000009138600000,0x0000009138700000)]
  0x0000023bb5e4a150 JavaThread "Attach Listener" daemon [_thread_blocked, id=17508, stack(0x0000009138700000,0x0000009138800000)]
  0x0000023bb5e4a710 JavaThread "Service Thread" daemon [_thread_blocked, id=20644, stack(0x0000009138800000,0x0000009138900000)]
  0x0000023bb5e4ece0 JavaThread "Monitor Deflation Thread" daemon [_thread_blocked, id=29340, stack(0x0000009138900000,0x0000009138a00000)]
  0x0000023bb5e595f0 JavaThread "C2 CompilerThread0" daemon [_thread_blocked, id=28472, stack(0x0000009138a00000,0x0000009138b00000)]
  0x0000023bb89b3a60 JavaThread "C1 CompilerThread0" daemon [_thread_blocked, id=23496, stack(0x0000009138b00000,0x0000009138c00000)]
  0x0000023bb5e7e790 JavaThread "Sweeper thread" daemon [_thread_blocked, id=16256, stack(0x0000009138c00000,0x0000009138d00000)]
  0x0000023bb89b04a0 JavaThread "Common-Cleaner" daemon [_thread_blocked, id=8608, stack(0x0000009138d00000,0x0000009138e00000)]
  0x0000023bb8b3a7a0 JavaThread "JDWP Transport Listener: dt_socket" daemon [_thread_blocked, id=20320, stack(0x0000009138e00000,0x0000009138f00000)]
  0x0000023bb8b46410 JavaThread "JDWP Event Helper Thread" daemon [_thread_blocked, id=22888, stack(0x0000009138f00000,0x0000009139000000)]
  0x0000023bb8b46ef0 JavaThread "JDWP Command Reader" daemon [_thread_in_native, id=25068, stack(0x0000009139000000,0x0000009139100000)]
  0x0000023bb8bf7fe0 JavaThread "Notification Thread" daemon [_thread_blocked, id=29636, stack(0x0000009139100000,0x0000009139200000)]
  0x0000023bb8c07910 JavaThread "Thread-0" [_thread_in_native, id=23784, stack(0x0000009139300000,0x0000009139400000)]
  0x0000023bb8b4d700 JavaThread "pool-1-thread-1" [_thread_in_native, id=1592, stack(0x0000009139400000,0x0000009139500000)]
  0x0000023bb8b4dfe0 JavaThread "pool-1-thread-2" [_thread_in_native, id=20628, stack(0x0000009139500000,0x0000009139600000)]
  0x0000023bb8cae360 JavaThread "pool-1-thread-3" [_thread_in_native, id=16140, stack(0x0000009139600000,0x0000009139700000)]
  0x0000023bb8ceefa0 JavaThread "pool-1-thread-4" [_thread_blocked, id=16668, stack(0x0000009139700000,0x0000009139800000)]
  0x0000023bb8cf10b0 JavaThread "pool-1-thread-5" [_thread_blocked, id=25388, stack(0x0000009139800000,0x0000009139900000)]
  0x0000023bbd0b2740 JavaThread "pool-1-thread-6" [_thread_in_native, id=3752, stack(0x0000009139900000,0x0000009139a00000)]
  0x0000023bbd0b6c70 JavaThread "pool-1-thread-7" [_thread_in_native, id=15756, stack(0x0000009139a00000,0x0000009139b00000)]
  0x0000023bbd0cd720 JavaThread "pool-1-thread-8" [_thread_in_native, id=17300, stack(0x0000009139c00000,0x0000009139d00000)]
  0x0000023bbd0ce590 JavaThread "pool-1-thread-9" [_thread_blocked, id=27780, stack(0x0000009139d00000,0x0000009139e00000)]
  0x0000023bbd0ce0c0 JavaThread "pool-1-thread-10" [_thread_blocked, id=28620, stack(0x0000009139e00000,0x0000009139f00000)]
  0x0000023bbd0cd250 JavaThread "pool-1-thread-11" [_thread_in_native, id=25676, stack(0x0000009139f00000,0x000000913a000000)]
  0x0000023bbd0cc3e0 JavaThread "pool-1-thread-12" [_thread_blocked, id=22408, stack(0x0000009139b00000,0x0000009139c00000)]
  0x0000023bbd0cc8b0 JavaThread "pool-1-thread-13" [_thread_in_native, id=22928, stack(0x000000913a000000,0x000000913a100000)]
  0x0000023bbd0cea60 JavaThread "pool-1-thread-14" [_thread_in_native, id=29664, stack(0x000000913a100000,0x000000913a200000)]
  0x0000023bbd0cef30 JavaThread "pool-1-thread-15" [_thread_in_native, id=28504, stack(0x000000913a200000,0x000000913a300000)]
  0x0000023bbd0cfda0 JavaThread "pool-1-thread-16" [_thread_in_native, id=27676, stack(0x000000913a300000,0x000000913a400000)]
  0x0000023bbd0ccd80 JavaThread "pool-1-thread-17" [_thread_blocked, id=28904, stack(0x000000913a400000,0x000000913a500000)]
  0x0000023bbd0cf400 JavaThread "Java2D Disposer" daemon [_thread_blocked, id=24184, stack(0x000000913a500000,0x000000913a600000)]
  0x0000023bbd7efaa0 JavaThread "AWT-Windows" daemon [_thread_in_native, id=13144, stack(0x000000913b000000,0x000000913b100000)]
  0x0000023bbd7ed420 JavaThread "D3D Screen Updater" daemon [_thread_blocked, id=17392, stack(0x000000913b790000,0x000000913b890000)]
  0x0000023bbd7f0910 JavaThread "pool-1-thread-18" [_thread_in_native, id=16920, stack(0x000000913b100000,0x000000913b200000)]
  0x0000023bbd7ef100 JavaThread "AWT-Shutdown" [_thread_blocked, id=17296, stack(0x000000913b490000,0x000000913b590000)]
  0x0000023bbd7ef5d0 JavaThread "AWT-EventQueue-0" [_thread_blocked, id=21436, stack(0x000000913b590000,0x000000913b690000)]
=>0x0000023bbe4236c0 JavaThread "C2 CompilerThread1" daemon [_thread_in_native, id=23296, stack(0x000000913b960000,0x000000913ba60000)]
  0x0000023bc56a4230 JavaThread "C2 CompilerThread2" daemon [_thread_blocked, id=19440, stack(0x000000913ba60000,0x000000913bb60000)]

Other Threads:
  0x0000023bb5e2aef0 VMThread "VM Thread" [stack: 0x0000009138300000,0x0000009138400000] [id=26448]
  0x0000023bb5c93810 WatcherThread [stack: 0x0000009139200000,0x0000009139300000] [id=21036]
  0x0000023b8c54c2d0 GCTaskThread "GC Thread#0" [stack: 0x0000009137e00000,0x0000009137f00000] [id=28348]
  0x0000023bbd7fed10 GCTaskThread "GC Thread#1" [stack: 0x000000913a600000,0x000000913a700000] [id=25576]
  0x0000023bbd39a100 GCTaskThread "GC Thread#2" [stack: 0x000000913a700000,0x000000913a800000] [id=5912]
  0x0000023bbd291af0 GCTaskThread "GC Thread#3" [stack: 0x000000913a800000,0x000000913a900000] [id=27844]
  0x0000023bbd39b960 GCTaskThread "GC Thread#4" [stack: 0x000000913a900000,0x000000913aa00000] [id=24968]
  0x0000023bbd283c00 GCTaskThread "GC Thread#5" [stack: 0x000000913aa00000,0x000000913ab00000] [id=28596]
  0x0000023bbd39bc10 GCTaskThread "GC Thread#6" [stack: 0x000000913ab00000,0x000000913ac00000] [id=18216]
  0x0000023bbd313b80 GCTaskThread "GC Thread#7" [stack: 0x000000913ac00000,0x000000913ad00000] [id=10680]
  0x0000023bbd313e30 GCTaskThread "GC Thread#8" [stack: 0x000000913ad00000,0x000000913ae00000] [id=26100]
  0x0000023bbd3140e0 GCTaskThread "GC Thread#9" [stack: 0x000000913ae00000,0x000000913af00000] [id=11008]
  0x0000023b8c55cc40 ConcurrentGCThread "G1 Main Marker" [stack: 0x0000009137f00000,0x0000009138000000] [id=13868]
  0x0000023b8c55e1c0 ConcurrentGCThread "G1 Conc#0" [stack: 0x0000009138000000,0x0000009138100000] [id=13608]
  0x0000023bb5d69650 ConcurrentGCThread "G1 Refine#0" [stack: 0x0000009138100000,0x0000009138200000] [id=24124]
  0x0000023bb5d6ab30 ConcurrentGCThread "G1 Service" [stack: 0x0000009138200000,0x0000009138300000] [id=12920]

Threads with active compile tasks:
C2 CompilerThread1    60414 2563       4       sun.java2d.SunGraphics2D::<init> (154 bytes)

VM state: not at safepoint (normal execution)

VM Mutex/Monitor currently owned by a thread: None

Heap address: 0x000000060e400000, size: 7964 MB, Compressed Oops mode: Zero based, Oop shift amount: 3

CDS archive(s) mapped at: [0x0000000800000000-0x0000000800bc0000-0x0000000800bc0000), size 12320768, SharedBaseAddress: 0x0000000800000000, ArchiveRelocationMode: 0.
Compressed class space mapped at: 0x0000000801000000-0x0000000841000000, reserved size: 1073741824
Narrow klass base: 0x0000000800000000, Narrow klass shift: 0, Narrow klass range: 0x100000000

GC Precious Log:
 CPUs: 12 total, 12 available
 Memory: 31849M
 Large Page Support: Disabled
 NUMA Support: Disabled
 Compressed Oops: Enabled (Zero based)
 Heap Region Size: 4M
 Heap Min Capacity: 8M
 Heap Initial Capacity: 500M
 Heap Max Capacity: 7964M
 Pre-touch: Disabled
 Parallel Workers: 10
 Concurrent Workers: 3
 Concurrent Refinement Workers: 10
 Periodic GC: Disabled

Heap:
 garbage-first heap   total 512000K, used 230481K [0x000000060e400000, 0x0000000800000000)
  region size 4096K, 59 young (241664K), 2 survivors (8192K)
 Metaspace       used 9202K, committed 9472K, reserved 1114112K
  class space    used 881K, committed 1024K, reserved 1048576K

Heap Regions: E=young(eden), S=young(survivor), O=old, HS=humongous(starts), HC=humongous(continues), CS=collection set, F=free, OA=open archive, CA=closed archive, TAMS=top-at-mark-start (previous, next)
|   0|0x000000060e400000, 0x000000060e400000, 0x000000060e800000|  0%| F|  |TAMS 0x000000060e400000, 0x000000060e400000| Untracked 
|   1|0x000000060e800000, 0x000000060e800000, 0x000000060ec00000|  0%| F|  |TAMS 0x000000060e800000, 0x000000060e800000| Untracked 
|   2|0x000000060ec00000, 0x000000060ec00000, 0x000000060f000000|  0%| F|  |TAMS 0x000000060ec00000, 0x000000060ec00000| Untracked 
|   3|0x000000060f000000, 0x000000060f000000, 0x000000060f400000|  0%| F|  |TAMS 0x000000060f000000, 0x000000060f000000| Untracked 
|   4|0x000000060f400000, 0x000000060f400000, 0x000000060f800000|  0%| F|  |TAMS 0x000000060f400000, 0x000000060f400000| Untracked 
|   5|0x000000060f800000, 0x000000060f800000, 0x000000060fc00000|  0%| F|  |TAMS 0x000000060f800000, 0x000000060f800000| Untracked 
|   6|0x000000060fc00000, 0x000000060fc00000, 0x0000000610000000|  0%| F|  |TAMS 0x000000060fc00000, 0x000000060fc00000| Untracked 
|   7|0x0000000610000000, 0x0000000610000000, 0x0000000610400000|  0%| F|  |TAMS 0x0000000610000000, 0x0000000610000000| Untracked 
|   8|0x0000000610400000, 0x0000000610400000, 0x0000000610800000|  0%| F|  |TAMS 0x0000000610400000, 0x0000000610400000| Untracked 
|   9|0x0000000610800000, 0x0000000610800000, 0x0000000610c00000|  0%| F|  |TAMS 0x0000000610800000, 0x0000000610800000| Untracked 
|  10|0x0000000610c00000, 0x0000000610c00000, 0x0000000611000000|  0%| F|  |TAMS 0x0000000610c00000, 0x0000000610c00000| Untracked 
|  11|0x0000000611000000, 0x0000000611000000, 0x0000000611400000|  0%| F|  |TAMS 0x0000000611000000, 0x0000000611000000| Untracked 
|  12|0x0000000611400000, 0x0000000611400000, 0x0000000611800000|  0%| F|  |TAMS 0x0000000611400000, 0x0000000611400000| Untracked 
|  13|0x0000000611800000, 0x0000000611800000, 0x0000000611c00000|  0%| F|  |TAMS 0x0000000611800000, 0x0000000611800000| Untracked 
|  14|0x0000000611c00000, 0x0000000611c00000, 0x0000000612000000|  0%| F|  |TAMS 0x0000000611c00000, 0x0000000611c00000| Untracked 
|  15|0x0000000612000000, 0x0000000612000000, 0x0000000612400000|  0%| F|  |TAMS 0x0000000612000000, 0x0000000612000000| Untracked 
|  16|0x0000000612400000, 0x0000000612400000, 0x0000000612800000|  0%| F|  |TAMS 0x0000000612400000, 0x0000000612400000| Untracked 
|  17|0x0000000612800000, 0x0000000612800000, 0x0000000612c00000|  0%| F|  |TAMS 0x0000000612800000, 0x0000000612800000| Untracked 
|  18|0x0000000612c00000, 0x0000000612c00000, 0x0000000613000000|  0%| F|  |TAMS 0x0000000612c00000, 0x0000000612c00000| Untracked 
|  19|0x0000000613000000, 0x0000000613000000, 0x0000000613400000|  0%| F|  |TAMS 0x0000000613000000, 0x0000000613000000| Untracked 
|  20|0x0000000613400000, 0x0000000613400000, 0x0000000613800000|  0%| F|  |TAMS 0x0000000613400000, 0x0000000613400000| Untracked 
|  21|0x0000000613800000, 0x0000000613800000, 0x0000000613c00000|  0%| F|  |TAMS 0x0000000613800000, 0x0000000613800000| Untracked 
|  22|0x0000000613c00000, 0x0000000613c00000, 0x0000000614000000|  0%| F|  |TAMS 0x0000000613c00000, 0x0000000613c00000| Untracked 
|  23|0x0000000614000000, 0x0000000614000000, 0x0000000614400000|  0%| F|  |TAMS 0x0000000614000000, 0x0000000614000000| Untracked 
|  24|0x0000000614400000, 0x0000000614400000, 0x0000000614800000|  0%| F|  |TAMS 0x0000000614400000, 0x0000000614400000| Untracked 
|  25|0x0000000614800000, 0x0000000614800000, 0x0000000614c00000|  0%| F|  |TAMS 0x0000000614800000, 0x0000000614800000| Untracked 
|  26|0x0000000614c00000, 0x0000000614c00000, 0x0000000615000000|  0%| F|  |TAMS 0x0000000614c00000, 0x0000000614c00000| Untracked 
|  27|0x0000000615000000, 0x0000000615000000, 0x0000000615400000|  0%| F|  |TAMS 0x0000000615000000, 0x0000000615000000| Untracked 
|  28|0x0000000615400000, 0x0000000615400000, 0x0000000615800000|  0%| F|  |TAMS 0x0000000615400000, 0x0000000615400000| Untracked 
|  29|0x0000000615800000, 0x0000000615800000, 0x0000000615c00000|  0%| F|  |TAMS 0x0000000615800000, 0x0000000615800000| Untracked 
|  30|0x0000000615c00000, 0x0000000615c00000, 0x0000000616000000|  0%| F|  |TAMS 0x0000000615c00000, 0x0000000615c00000| Untracked 
|  31|0x0000000616000000, 0x0000000616000000, 0x0000000616400000|  0%| F|  |TAMS 0x0000000616000000, 0x0000000616000000| Untracked 
|  32|0x0000000616400000, 0x0000000616400000, 0x0000000616800000|  0%| F|  |TAMS 0x0000000616400000, 0x0000000616400000| Untracked 
|  33|0x0000000616800000, 0x0000000616800000, 0x0000000616c00000|  0%| F|  |TAMS 0x0000000616800000, 0x0000000616800000| Untracked 
|  34|0x0000000616c00000, 0x0000000616c00000, 0x0000000617000000|  0%| F|  |TAMS 0x0000000616c00000, 0x0000000616c00000| Untracked 
|  35|0x0000000617000000, 0x0000000617000000, 0x0000000617400000|  0%| F|  |TAMS 0x0000000617000000, 0x0000000617000000| Untracked 
|  36|0x0000000617400000, 0x0000000617400000, 0x0000000617800000|  0%| F|  |TAMS 0x0000000617400000, 0x0000000617400000| Untracked 
|  37|0x0000000617800000, 0x0000000617800000, 0x0000000617c00000|  0%| F|  |TAMS 0x0000000617800000, 0x0000000617800000| Untracked 
|  38|0x0000000617c00000, 0x0000000617c00000, 0x0000000618000000|  0%| F|  |TAMS 0x0000000617c00000, 0x0000000617c00000| Untracked 
|  39|0x0000000618000000, 0x0000000618000000, 0x0000000618400000|  0%| F|  |TAMS 0x0000000618000000, 0x0000000618000000| Untracked 
|  40|0x0000000618400000, 0x0000000618400000, 0x0000000618800000|  0%| F|  |TAMS 0x0000000618400000, 0x0000000618400000| Untracked 
|  41|0x0000000618800000, 0x0000000618800000, 0x0000000618c00000|  0%| F|  |TAMS 0x0000000618800000, 0x0000000618800000| Untracked 
|  42|0x0000000618c00000, 0x0000000618c00000, 0x0000000619000000|  0%| F|  |TAMS 0x0000000618c00000, 0x0000000618c00000| Untracked 
|  43|0x0000000619000000, 0x0000000619000000, 0x0000000619400000|  0%| F|  |TAMS 0x0000000619000000, 0x0000000619000000| Untracked 
|  44|0x0000000619400000, 0x0000000619400000, 0x0000000619800000|  0%| F|  |TAMS 0x0000000619400000, 0x0000000619400000| Untracked 
|  45|0x0000000619800000, 0x0000000619800000, 0x0000000619c00000|  0%| F|  |TAMS 0x0000000619800000, 0x0000000619800000| Untracked 
|  46|0x0000000619c00000, 0x0000000619c00000, 0x000000061a000000|  0%| F|  |TAMS 0x0000000619c00000, 0x0000000619c00000| Untracked 
|  47|0x000000061a000000, 0x000000061a000000, 0x000000061a400000|  0%| F|  |TAMS 0x000000061a000000, 0x000000061a000000| Untracked 
|  48|0x000000061a400000, 0x000000061a400000, 0x000000061a800000|  0%| F|  |TAMS 0x000000061a400000, 0x000000061a400000| Untracked 
|  49|0x000000061a800000, 0x000000061a914720, 0x000000061ac00000| 26%| S|CS|TAMS 0x000000061a800000, 0x000000061a800000| Complete 
|  50|0x000000061ac00000, 0x000000061ac00000, 0x000000061b000000|  0%| F|  |TAMS 0x000000061ac00000, 0x000000061ac00000| Untracked 
|  51|0x000000061b000000, 0x000000061b400000, 0x000000061b400000|100%| S|CS|TAMS 0x000000061b000000, 0x000000061b000000| Complete 
|  52|0x000000061b400000, 0x000000061b400000, 0x000000061b800000|  0%| F|  |TAMS 0x000000061b400000, 0x000000061b400000| Untracked 
|  53|0x000000061b800000, 0x000000061b800000, 0x000000061bc00000|  0%| F|  |TAMS 0x000000061b800000, 0x000000061b800000| Untracked 
|  54|0x000000061bc00000, 0x000000061bc00000, 0x000000061c000000|  0%| F|  |TAMS 0x000000061bc00000, 0x000000061bc00000| Untracked 
|  55|0x000000061c000000, 0x000000061c000000, 0x000000061c400000|  0%| F|  |TAMS 0x000000061c000000, 0x000000061c000000| Untracked 
|  56|0x000000061c400000, 0x000000061c400000, 0x000000061c800000|  0%| F|  |TAMS 0x000000061c400000, 0x000000061c400000| Untracked 
|  57|0x000000061c800000, 0x000000061c800000, 0x000000061cc00000|  0%| F|  |TAMS 0x000000061c800000, 0x000000061c800000| Untracked 
|  58|0x000000061cc00000, 0x000000061cc00000, 0x000000061d000000|  0%| F|  |TAMS 0x000000061cc00000, 0x000000061cc00000| Untracked 
|  59|0x000000061d000000, 0x000000061d000000, 0x000000061d400000|  0%| F|  |TAMS 0x000000061d000000, 0x000000061d000000| Untracked 
|  60|0x000000061d400000, 0x000000061d400000, 0x000000061d800000|  0%| F|  |TAMS 0x000000061d400000, 0x000000061d400000| Untracked 
|  61|0x000000061d800000, 0x000000061d800000, 0x000000061dc00000|  0%| F|  |TAMS 0x000000061d800000, 0x000000061d800000| Untracked 
|  62|0x000000061dc00000, 0x000000061dc00000, 0x000000061e000000|  0%| F|  |TAMS 0x000000061dc00000, 0x000000061dc00000| Untracked 
|  63|0x000000061e000000, 0x000000061e000000, 0x000000061e400000|  0%| F|  |TAMS 0x000000061e000000, 0x000000061e000000| Untracked 
|  64|0x000000061e400000, 0x000000061e400000, 0x000000061e800000|  0%| F|  |TAMS 0x000000061e400000, 0x000000061e400000| Untracked 
|  65|0x000000061e800000, 0x000000061e800000, 0x000000061ec00000|  0%| F|  |TAMS 0x000000061e800000, 0x000000061e800000| Untracked 
|  66|0x000000061ec00000, 0x000000061ec00000, 0x000000061f000000|  0%| F|  |TAMS 0x000000061ec00000, 0x000000061ec00000| Untracked 
|  67|0x000000061f000000, 0x000000061f000000, 0x000000061f400000|  0%| F|  |TAMS 0x000000061f000000, 0x000000061f000000| Untracked 
|  68|0x000000061f400000, 0x000000061f4830f0, 0x000000061f800000| 12%| E|  |TAMS 0x000000061f400000, 0x000000061f400000| Complete 
|  69|0x000000061f800000, 0x000000061fc00000, 0x000000061fc00000|100%| E|CS|TAMS 0x000000061f800000, 0x000000061f800000| Complete 
|  70|0x000000061fc00000, 0x0000000620000000, 0x0000000620000000|100%| E|CS|TAMS 0x000000061fc00000, 0x000000061fc00000| Complete 
|  71|0x0000000620000000, 0x0000000620400000, 0x0000000620400000|100%| E|CS|TAMS 0x0000000620000000, 0x0000000620000000| Complete 
|  72|0x0000000620400000, 0x0000000620800000, 0x0000000620800000|100%| E|CS|TAMS 0x0000000620400000, 0x0000000620400000| Complete 
|  73|0x0000000620800000, 0x0000000620c00000, 0x0000000620c00000|100%| E|CS|TAMS 0x0000000620800000, 0x0000000620800000| Complete 
|  74|0x0000000620c00000, 0x0000000621000000, 0x0000000621000000|100%| E|  |TAMS 0x0000000620c00000, 0x0000000620c00000| Complete 
|  75|0x0000000621000000, 0x0000000621400000, 0x0000000621400000|100%| E|CS|TAMS 0x0000000621000000, 0x0000000621000000| Complete 
|  76|0x0000000621400000, 0x0000000621800000, 0x0000000621800000|100%| E|CS|TAMS 0x0000000621400000, 0x0000000621400000| Complete 
|  77|0x0000000621800000, 0x0000000621c00000, 0x0000000621c00000|100%| E|CS|TAMS 0x0000000621800000, 0x0000000621800000| Complete 
|  78|0x0000000621c00000, 0x0000000622000000, 0x0000000622000000|100%| E|CS|TAMS 0x0000000621c00000, 0x0000000621c00000| Complete 
|  79|0x0000000622000000, 0x0000000622400000, 0x0000000622400000|100%| E|CS|TAMS 0x0000000622000000, 0x0000000622000000| Complete 
|  80|0x0000000622400000, 0x0000000622800000, 0x0000000622800000|100%| E|CS|TAMS 0x0000000622400000, 0x0000000622400000| Complete 
|  81|0x0000000622800000, 0x0000000622c00000, 0x0000000622c00000|100%| E|CS|TAMS 0x0000000622800000, 0x0000000622800000| Complete 
|  82|0x0000000622c00000, 0x0000000623000000, 0x0000000623000000|100%| E|CS|TAMS 0x0000000622c00000, 0x0000000622c00000| Complete 
|  83|0x0000000623000000, 0x0000000623400000, 0x0000000623400000|100%| E|CS|TAMS 0x0000000623000000, 0x0000000623000000| Complete 
|  84|0x0000000623400000, 0x0000000623800000, 0x0000000623800000|100%| E|CS|TAMS 0x0000000623400000, 0x0000000623400000| Complete 
|  85|0x0000000623800000, 0x0000000623c00000, 0x0000000623c00000|100%| E|CS|TAMS 0x0000000623800000, 0x0000000623800000| Complete 
|  86|0x0000000623c00000, 0x0000000624000000, 0x0000000624000000|100%| E|CS|TAMS 0x0000000623c00000, 0x0000000623c00000| Complete 
|  87|0x0000000624000000, 0x0000000624400000, 0x0000000624400000|100%| E|CS|TAMS 0x0000000624000000, 0x0000000624000000| Complete 
|  88|0x0000000624400000, 0x0000000624800000, 0x0000000624800000|100%| E|CS|TAMS 0x0000000624400000, 0x0000000624400000| Complete 
|  89|0x0000000624800000, 0x0000000624c00000, 0x0000000624c00000|100%| E|CS|TAMS 0x0000000624800000, 0x0000000624800000| Complete 
|  90|0x0000000624c00000, 0x0000000625000000, 0x0000000625000000|100%| E|CS|TAMS 0x0000000624c00000, 0x0000000624c00000| Complete 
|  91|0x0000000625000000, 0x0000000625400000, 0x0000000625400000|100%| E|CS|TAMS 0x0000000625000000, 0x0000000625000000| Complete 
|  92|0x0000000625400000, 0x0000000625800000, 0x0000000625800000|100%| E|CS|TAMS 0x0000000625400000, 0x0000000625400000| Complete 
|  93|0x0000000625800000, 0x0000000625c00000, 0x0000000625c00000|100%| E|CS|TAMS 0x0000000625800000, 0x0000000625800000| Complete 
|  94|0x0000000625c00000, 0x0000000626000000, 0x0000000626000000|100%| E|CS|TAMS 0x0000000625c00000, 0x0000000625c00000| Complete 
|  95|0x0000000626000000, 0x0000000626400000, 0x0000000626400000|100%| E|CS|TAMS 0x0000000626000000, 0x0000000626000000| Complete 
|  96|0x0000000626400000, 0x0000000626800000, 0x0000000626800000|100%| E|CS|TAMS 0x0000000626400000, 0x0000000626400000| Complete 
|  97|0x0000000626800000, 0x0000000626c00000, 0x0000000626c00000|100%| E|CS|TAMS 0x0000000626800000, 0x0000000626800000| Complete 
|  98|0x0000000626c00000, 0x0000000627000000, 0x0000000627000000|100%| E|CS|TAMS 0x0000000626c00000, 0x0000000626c00000| Complete 
|  99|0x0000000627000000, 0x0000000627400000, 0x0000000627400000|100%| E|CS|TAMS 0x0000000627000000, 0x0000000627000000| Complete 
| 100|0x0000000627400000, 0x0000000627800000, 0x0000000627800000|100%| E|CS|TAMS 0x0000000627400000, 0x0000000627400000| Complete 
| 101|0x0000000627800000, 0x0000000627c00000, 0x0000000627c00000|100%| E|CS|TAMS 0x0000000627800000, 0x0000000627800000| Complete 
| 102|0x0000000627c00000, 0x0000000628000000, 0x0000000628000000|100%| E|CS|TAMS 0x0000000627c00000, 0x0000000627c00000| Complete 
| 103|0x0000000628000000, 0x0000000628400000, 0x0000000628400000|100%| E|CS|TAMS 0x0000000628000000, 0x0000000628000000| Complete 
| 104|0x0000000628400000, 0x0000000628800000, 0x0000000628800000|100%| E|CS|TAMS 0x0000000628400000, 0x0000000628400000| Complete 
| 105|0x0000000628800000, 0x0000000628c00000, 0x0000000628c00000|100%| E|CS|TAMS 0x0000000628800000, 0x0000000628800000| Complete 
| 106|0x0000000628c00000, 0x0000000629000000, 0x0000000629000000|100%| E|CS|TAMS 0x0000000628c00000, 0x0000000628c00000| Complete 
| 107|0x0000000629000000, 0x0000000629400000, 0x0000000629400000|100%| E|CS|TAMS 0x0000000629000000, 0x0000000629000000| Complete 
| 108|0x0000000629400000, 0x0000000629800000, 0x0000000629800000|100%| E|CS|TAMS 0x0000000629400000, 0x0000000629400000| Complete 
| 109|0x0000000629800000, 0x0000000629c00000, 0x0000000629c00000|100%| E|CS|TAMS 0x0000000629800000, 0x0000000629800000| Complete 
| 110|0x0000000629c00000, 0x000000062a000000, 0x000000062a000000|100%| E|CS|TAMS 0x0000000629c00000, 0x0000000629c00000| Complete 
| 111|0x000000062a000000, 0x000000062a400000, 0x000000062a400000|100%| E|CS|TAMS 0x000000062a000000, 0x000000062a000000| Complete 
| 112|0x000000062a400000, 0x000000062a800000, 0x000000062a800000|100%| E|CS|TAMS 0x000000062a400000, 0x000000062a400000| Complete 
| 113|0x000000062a800000, 0x000000062ac00000, 0x000000062ac00000|100%| E|CS|TAMS 0x000000062a800000, 0x000000062a800000| Complete 
| 114|0x000000062ac00000, 0x000000062b000000, 0x000000062b000000|100%| E|CS|TAMS 0x000000062ac00000, 0x000000062ac00000| Complete 
| 115|0x000000062b000000, 0x000000062b400000, 0x000000062b400000|100%| E|CS|TAMS 0x000000062b000000, 0x000000062b000000| Complete 
| 116|0x000000062b400000, 0x000000062b800000, 0x000000062b800000|100%| E|CS|TAMS 0x000000062b400000, 0x000000062b400000| Complete 
| 117|0x000000062b800000, 0x000000062bc00000, 0x000000062bc00000|100%| E|CS|TAMS 0x000000062b800000, 0x000000062b800000| Complete 
| 118|0x000000062bc00000, 0x000000062c000000, 0x000000062c000000|100%| E|CS|TAMS 0x000000062bc00000, 0x000000062bc00000| Complete 
| 119|0x000000062c000000, 0x000000062c400000, 0x000000062c400000|100%| E|CS|TAMS 0x000000062c000000, 0x000000062c000000| Complete 
| 120|0x000000062c400000, 0x000000062c800000, 0x000000062c800000|100%| E|CS|TAMS 0x000000062c400000, 0x000000062c400000| Complete 
| 121|0x000000062c800000, 0x000000062cc00000, 0x000000062cc00000|100%| E|CS|TAMS 0x000000062c800000, 0x000000062c800000| Complete 
| 122|0x000000062cc00000, 0x000000062d000000, 0x000000062d000000|100%| E|CS|TAMS 0x000000062cc00000, 0x000000062cc00000| Complete 
| 123|0x000000062d000000, 0x000000062d400000, 0x000000062d400000|100%| E|CS|TAMS 0x000000062d000000, 0x000000062d000000| Complete 
| 124|0x000000062d400000, 0x000000062d800000, 0x000000062d800000|100%| E|CS|TAMS 0x000000062d400000, 0x000000062d400000| Complete 

Card table byte_map: [0x0000023ba4480000,0x0000023ba5410000] _byte_map_base: 0x0000023ba140e000

Marking Bits (Prev, Next): (CMBitMap*) 0x0000023b8c54c8e0, (CMBitMap*) 0x0000023b8c54c920
 Prev Bits: [0x0000023ba63a0000, 0x0000023bae010000)
 Next Bits: [0x0000023bae010000, 0x0000023bb5c80000)

Polling page: 0x0000023b8bbb0000

Metaspace:

Usage:
  Non-class:      8.13 MB used.
      Class:    881.54 KB used.
       Both:      8.99 MB used.

Virtual space:
  Non-class space:       64.00 MB reserved,       8.25 MB ( 13%) committed,  1 nodes.
      Class space:        1.00 GB reserved,       1.00 MB ( <1%) committed,  1 nodes.
             Both:        1.06 GB reserved,       9.25 MB ( <1%) committed. 

Chunk freelists:
   Non-Class:  6.98 MB
       Class:  15.05 MB
        Both:  22.03 MB

MaxMetaspaceSize: unlimited
CompressedClassSpaceSize: 1.00 GB
Initial GC threshold: 21.00 MB
Current GC threshold: 21.00 MB
CDS: on
MetaspaceReclaimPolicy: balanced
 - commit_granule_bytes: 65536.
 - commit_granule_words: 8192.
 - virtual_space_node_default_size: 8388608.
 - enlarge_chunks_in_place: 1.
 - new_chunks_are_fully_committed: 0.
 - uncommit_free_chunks: 1.
 - use_allocation_guard: 0.
 - handle_deallocations: 1.


Internal statistics:

num_allocs_failed_limit: 0.
num_arena_births: 138.
num_arena_deaths: 0.
num_vsnodes_births: 2.
num_vsnodes_deaths: 0.
num_space_committed: 148.
num_space_uncommitted: 0.
num_chunks_returned_to_freelist: 0.
num_chunks_taken_from_freelist: 197.
num_chunk_merges: 0.
num_chunk_splits: 120.
num_chunks_enlarged: 67.
num_inconsistent_stats: 0.

CodeHeap 'non-profiled nmethods': size=120000Kb used=2006Kb max_used=2661Kb free=117994Kb
 bounds [0x0000023b9ba70000, 0x0000023b9bd10000, 0x0000023ba2fa0000]
CodeHeap 'profiled nmethods': size=120000Kb used=3025Kb max_used=5241Kb free=116974Kb
 bounds [0x0000023b93fa0000, 0x0000023b944c0000, 0x0000023b9b4d0000]
CodeHeap 'non-nmethods': size=5760Kb used=1371Kb max_used=1407Kb free=4388Kb
 bounds [0x0000023b9b4d0000, 0x0000023b9b740000, 0x0000023b9ba70000]
 total_blobs=2653 nmethods=2038 adapters=527
 compilation: enabled
              stopped_count=0, restarted_count=0
 full_count=0

Compilation events (20 events):
Event: 59.369 Thread 0x0000023bb89b3a60 2591       3       java.io.FileDescriptor::<init> (17 bytes)
Event: 59.369 Thread 0x0000023bb89b3a60 nmethod 2591 0x0000023b944b2310 code [0x0000023b944b24a0, 0x0000023b944b2618]
Event: 59.371 Thread 0x0000023bb89b3a60 2595       3       java.util.LinkedList::<init> (10 bytes)
Event: 59.371 Thread 0x0000023bb89b3a60 nmethod 2595 0x0000023b944b2710 code [0x0000023b944b28c0, 0x0000023b944b2b58]
Event: 59.371 Thread 0x0000023bb89b3a60 2596       3       java.util.AbstractSequentialList::<init> (5 bytes)
Event: 59.371 Thread 0x0000023bb89b3a60 nmethod 2596 0x0000023b944b2c90 code [0x0000023b944b2e40, 0x0000023b944b3078]
Event: 59.371 Thread 0x0000023bb89b3a60 2597       3       com.sun.imageio.plugins.common.InputStreamAdapter::read (13 bytes)
Event: 59.371 Thread 0x0000023bb89b3a60 nmethod 2597 0x0000023b944b3190 code [0x0000023b944b3340, 0x0000023b944b3548]
Event: 59.371 Thread 0x0000023bb89b3a60 2598       3       com.sun.imageio.plugins.common.SubImageInputStream::read (46 bytes)
Event: 59.372 Thread 0x0000023bb89b3a60 nmethod 2598 0x0000023b944b3610 code [0x0000023b944b37c0, 0x0000023b944b3ae8]
Event: 59.372 Thread 0x0000023bb89b3a60 2599       3       javax.imageio.spi.PartialOrderIterator::<init> (82 bytes)
Event: 59.373 Thread 0x0000023bb89b3a60 nmethod 2599 0x0000023b944b3c10 code [0x0000023b944b3ea0, 0x0000023b944b4c98]
Event: 59.373 Thread 0x0000023bb89b3a60 2600   !   3       com.sun.imageio.plugins.png.PNGImageReader::decodePass (1399 bytes)
Event: 59.376 Thread 0x0000023bb89b3a60 nmethod 2600 0x0000023b944b5190 code [0x0000023b944b5780, 0x0000023b944b9c88]
Event: 59.377 Thread 0x0000023bb89b3a60 2601       3       jdk.internal.loader.URLClassPath$JarLoader::findResource (18 bytes)
Event: 59.377 Thread 0x0000023bb89b3a60 nmethod 2601 0x0000023b944bd110 code [0x0000023b944bd2c0, 0x0000023b944bd4c8]
Event: 59.377 Thread 0x0000023bb89b3a60 2602   !   3       jdk.internal.loader.URLClassPath$JarLoader::getResource (65 bytes)
Event: 59.377 Thread 0x0000023bb89b3a60 nmethod 2602 0x0000023b944bd610 code [0x0000023b944bd860, 0x0000023b944be208]
Event: 59.381 Thread 0x0000023bc56a4230 nmethod 2566 0x0000023b9bcfcc10 code [0x0000023b9bcfce20, 0x0000023b9bcfdfe8]
Event: 59.381 Thread 0x0000023bc56a4230 2585       4       java.awt.image.Raster::createPackedRaster (103 bytes)

GC Heap History (14 events):
Event: 22.141 GC heap before
{Heap before GC invocations=0 (full 0):
 garbage-first heap   total 512000K, used 24576K [0x000000060e400000, 0x0000000800000000)
  region size 4096K, 6 young (24576K), 0 survivors (0K)
 Metaspace       used 2294K, committed 2496K, reserved 1114112K
  class space    used 181K, committed 256K, reserved 1048576K
}
Event: 22.143 GC heap after
{Heap after GC invocations=1 (full 0):
 garbage-first heap   total 512000K, used 1755K [0x000000060e400000, 0x0000000800000000)
  region size 4096K, 1 young (4096K), 1 survivors (4096K)
 Metaspace       used 2294K, committed 2496K, reserved 1114112K
  class space    used 181K, committed 256K, reserved 1048576K
}
Event: 22.453 GC heap before
{Heap before GC invocations=1 (full 0):
 garbage-first heap   total 512000K, used 46811K [0x000000060e400000, 0x0000000800000000)
  region size 4096K, 12 young (49152K), 1 survivors (4096K)
 Metaspace       used 2454K, committed 2560K, reserved 1114112K
  class space    used 194K, committed 256K, reserved 1048576K
}
Event: 22.454 GC heap after
{Heap after GC invocations=2 (full 0):
 garbage-first heap   total 512000K, used 1808K [0x000000060e400000, 0x0000000800000000)
  region size 4096K, 1 young (4096K), 1 survivors (4096K)
 Metaspace       used 2454K, committed 2560K, reserved 1114112K
  class space    used 194K, committed 256K, reserved 1048576K
}
Event: 26.384 GC heap before
{Heap before GC invocations=2 (full 0):
 garbage-first heap   total 512000K, used 304912K [0x000000060e400000, 0x0000000800000000)
  region size 4096K, 75 young (307200K), 1 survivors (4096K)
 Metaspace       used 2562K, committed 2688K, reserved 1114112K
  class space    used 195K, committed 256K, reserved 1048576K
}
Event: 26.385 GC heap after
{Heap after GC invocations=3 (full 0):
 garbage-first heap   total 512000K, used 1863K [0x000000060e400000, 0x0000000800000000)
  region size 4096K, 1 young (4096K), 1 survivors (4096K)
 Metaspace       used 2562K, committed 2688K, reserved 1114112K
  class space    used 195K, committed 256K, reserved 1048576K
}
Event: 28.778 GC heap before
{Heap before GC invocations=3 (full 0):
 garbage-first heap   total 512000K, used 304967K [0x000000060e400000, 0x0000000800000000)
  region size 4096K, 75 young (307200K), 1 survivors (4096K)
 Metaspace       used 8558K, committed 8768K, reserved 1114112K
  class space    used 845K, committed 960K, reserved 1048576K
}
Event: 28.780 GC heap after
{Heap after GC invocations=4 (full 0):
 garbage-first heap   total 512000K, used 4967K [0x000000060e400000, 0x0000000800000000)
  region size 4096K, 2 young (8192K), 2 survivors (8192K)
 Metaspace       used 8558K, committed 8768K, reserved 1114112K
  class space    used 845K, committed 960K, reserved 1048576K
}
Event: 33.643 GC heap before
{Heap before GC invocations=4 (full 0):
 garbage-first heap   total 512000K, used 303975K [0x000000060e400000, 0x0000000800000000)
  region size 4096K, 75 young (307200K), 2 survivors (8192K)
 Metaspace       used 8794K, committed 8960K, reserved 1114112K
  class space    used 863K, committed 960K, reserved 1048576K
}
Event: 33.644 GC heap after
{Heap after GC invocations=5 (full 0):
 garbage-first heap   total 512000K, used 5323K [0x000000060e400000, 0x0000000800000000)
  region size 4096K, 2 young (8192K), 2 survivors (8192K)
 Metaspace       used 8794K, committed 8960K, reserved 1114112K
  class space    used 863K, committed 960K, reserved 1048576K
}
Event: 37.463 GC heap before
{Heap before GC invocations=5 (full 0):
 garbage-first heap   total 512000K, used 304331K [0x000000060e400000, 0x0000000800000000)
  region size 4096K, 75 young (307200K), 2 survivors (8192K)
 Metaspace       used 8822K, committed 9024K, reserved 1114112K
  class space    used 863K, committed 960K, reserved 1048576K
}
Event: 37.465 GC heap after
{Heap after GC invocations=6 (full 0):
 garbage-first heap   total 512000K, used 5340K [0x000000060e400000, 0x0000000800000000)
  region size 4096K, 2 young (8192K), 2 survivors (8192K)
 Metaspace       used 8822K, committed 9024K, reserved 1114112K
  class space    used 863K, committed 960K, reserved 1048576K
}
Event: 39.548 GC heap before
{Heap before GC invocations=6 (full 0):
 garbage-first heap   total 512000K, used 304348K [0x000000060e400000, 0x0000000800000000)
  region size 4096K, 75 young (307200K), 2 survivors (8192K)
 Metaspace       used 8828K, committed 9024K, reserved 1114112K
  class space    used 863K, committed 960K, reserved 1048576K
}
Event: 39.550 GC heap after
{Heap after GC invocations=7 (full 0):
 garbage-first heap   total 512000K, used 5201K [0x000000060e400000, 0x0000000800000000)
  region size 4096K, 2 young (8192K), 2 survivors (8192K)
 Metaspace       used 8828K, committed 9024K, reserved 1114112K
  class space    used 863K, committed 960K, reserved 1048576K
}

Dll operation events (11 events):
Event: 0.006 Loaded shared library C:\Users\WARDESKTOP\.jdks\corretto-17.0.7\bin\java.dll
Event: 0.007 Loaded shared library C:\Users\WARDESKTOP\.jdks\corretto-17.0.7\bin\zip.dll
Event: 0.013 Loaded shared library C:\Users\WARDESKTOP\.jdks\corretto-17.0.7\bin\jsvml.dll
Event: 0.051 Loaded shared library C:\Users\WARDESKTOP\.jdks\corretto-17.0.7\bin\instrument.dll
Event: 0.062 Loaded shared library C:\Users\WARDESKTOP\.jdks\corretto-17.0.7\bin\net.dll
Event: 0.063 Loaded shared library C:\Users\WARDESKTOP\.jdks\corretto-17.0.7\bin\nio.dll
Event: 19.887 Loaded shared library C:\Users\WARDESKTOP\.jdks\corretto-17.0.7\bin\jimage.dll
Event: 26.392 Loaded shared library C:\Users\WARDESKTOP\.jdks\corretto-17.0.7\bin\zip.dll
Event: 26.399 Loaded shared library C:\Users\WARDESKTOP\.jdks\corretto-17.0.7\bin\awt.dll
Event: 26.609 Loaded shared library C:\Users\WARDESKTOP\.jdks\corretto-17.0.7\bin\freetype.dll
Event: 26.610 Loaded shared library C:\Users\WARDESKTOP\.jdks\corretto-17.0.7\bin\fontmanager.dll

Deoptimization events (20 events):
Event: 59.284 Thread 0x0000023bbd0b6c70 DEOPT PACKING pc=0x0000023b9bc003ec sp=0x0000009139afe210
Event: 59.284 Thread 0x0000023bbd0b6c70 DEOPT UNPACKING pc=0x0000023b9b52a1a3 sp=0x0000009139afe1d8 mode 2
Event: 59.321 Thread 0x0000023bbd0cef30 DEOPT PACKING pc=0x0000023b94447caf sp=0x000000913a2fe8a0
Event: 59.321 Thread 0x0000023bbd0cef30 DEOPT UNPACKING pc=0x0000023b9b52ace3 sp=0x000000913a2fde38 mode 0
Event: 59.333 Thread 0x0000023bbd0cef30 Uncommon trap: trap_request=0xffffffe4 fr.pc=0x0000023b9bcee86c relative=0x000000000000050c
Event: 59.333 Thread 0x0000023bbd0cef30 Uncommon trap: reason=range_check action=make_not_entrant pc=0x0000023b9bcee86c method=java.awt.image.DirectColorModel.setFields()V @ 6 c2
Event: 59.333 Thread 0x0000023bbd0cef30 DEOPT PACKING pc=0x0000023b9bcee86c sp=0x000000913a2fe800
Event: 59.333 Thread 0x0000023bbd0cef30 DEOPT UNPACKING pc=0x0000023b9b52a1a3 sp=0x000000913a2fe658 mode 2
Event: 59.336 Thread 0x0000023bbd0b2740 DEOPT PACKING pc=0x0000023b94447caf sp=0x00000091399fe710
Event: 59.336 Thread 0x0000023bbd0b2740 DEOPT UNPACKING pc=0x0000023b9b52ace3 sp=0x00000091399fdca8 mode 0
Event: 59.336 Thread 0x0000023bbd0cd250 DEOPT PACKING pc=0x0000023b94447caf sp=0x0000009139ffeb10
Event: 59.336 Thread 0x0000023bbd0cd250 DEOPT UNPACKING pc=0x0000023b9b52ace3 sp=0x0000009139ffe0a8 mode 0
Event: 59.338 Thread 0x0000023bb8cae360 DEOPT PACKING pc=0x0000023b94447caf sp=0x00000091396fecf0
Event: 59.338 Thread 0x0000023bb8cae360 DEOPT UNPACKING pc=0x0000023b9b52ace3 sp=0x00000091396fe288 mode 0
Event: 59.347 Thread 0x0000023bb8cf10b0 DEOPT PACKING pc=0x0000023b94447caf sp=0x00000091398fe670
Event: 59.347 Thread 0x0000023bb8cf10b0 DEOPT UNPACKING pc=0x0000023b9b52ace3 sp=0x00000091398fdc08 mode 0
Event: 59.374 Thread 0x0000023bbd0ce590 DEOPT PACKING pc=0x0000023b94447caf sp=0x0000009139dfea40
Event: 59.374 Thread 0x0000023bbd0ce590 DEOPT UNPACKING pc=0x0000023b9b52ace3 sp=0x0000009139dfdfd8 mode 0
Event: 59.375 Thread 0x0000023bb8ceefa0 DEOPT PACKING pc=0x0000023b94447caf sp=0x00000091397fea10
Event: 59.375 Thread 0x0000023bb8ceefa0 DEOPT UNPACKING pc=0x0000023b9b52ace3 sp=0x00000091397fdfa8 mode 0

Classes unloaded (0 events):
No events

Classes redefined (0 events):
No events

Internal exceptions (19 events):
Event: 0.060 Thread 0x0000023bb8c07910 Exception <a 'java/lang/NoSuchMethodError'{0x000000062d762328}: 'java.lang.Object java.lang.invoke.DirectMethodHandle$Holder.invokeStaticInit(java.lang.Object)'> (0x000000062d762328) 
thrown [s\src\hotspot\share\interpreter\linkResolver.cpp, line 759]
Event: 0.067 Thread 0x0000023bb8c07910 Exception <a 'java/lang/NoSuchMethodError'{0x000000062d7c1620}: 'void java.lang.invoke.DirectMethodHandle$Holder.invokeStatic(java.lang.Object, java.lang.Object)'> (0x000000062d7c1620) 
thrown [s\src\hotspot\share\interpreter\linkResolver.cpp, line 759]
Event: 19.866 Thread 0x0000023bb8c07910 Exception <a 'java/lang/NoSuchMethodError'{0x000000062d7cd248}: 'void java.lang.invoke.DirectMethodHandle$Holder.invokeSpecial(java.lang.Object, java.lang.Object, java.lang.Object)'> (0x000000062d7cd248) 
thrown [s\src\hotspot\share\interpreter\linkResolver.cpp, line 759]
Event: 19.921 Thread 0x0000023bb8b4dfe0 Exception <a 'java/lang/NoSuchMethodError'{0x000000062d3741c0}: 'void java.lang.invoke.DirectMethodHandle$Holder.invokeInterface(java.lang.Object, java.lang.Object, int)'> (0x000000062d3741c0) 
thrown [s\src\hotspot\share\interpreter\linkResolver.cpp, line 759]
Event: 19.922 Thread 0x0000023bb8b4dfe0 Exception <a 'java/lang/IncompatibleClassChangeError'{0x000000062d3f2b48}: Found class java.lang.Object, but interface was expected> (0x000000062d3f2b48) 
thrown [s\src\hotspot\share\interpreter\linkResolver.cpp, line 826]
Event: 26.385 Thread 0x0000023bbd0ccd80 Implicit null exception at 0x0000023b9bb09ee4 to 0x0000023b9bb09fd4
Event: 26.395 Thread 0x0000023bbd0ccd80 Exception <a 'java/lang/ClassNotFoundException'{0x000000062d4afde0}: sun/awt/resources/spi/awtProvider> (0x000000062d4afde0) 
thrown [s\src\hotspot\share\classfile\systemDictionary.cpp, line 256]
Event: 26.403 Thread 0x0000023bbd0ccd80 Exception <a 'java/io/FileNotFoundException'{0x000000062d511b80}> (0x000000062d511b80) 
thrown [s\src\hotspot\share\prims\jni.cpp, line 516]
Event: 26.405 Thread 0x0000023bbd0ccd80 Exception <a 'java/io/FileNotFoundException'{0x000000062d53dbf8}> (0x000000062d53dbf8) 
thrown [s\src\hotspot\share\prims\jni.cpp, line 516]
Event: 26.575 Thread 0x0000023bbd0ccd80 Exception <a 'java/lang/NoSuchMethodError'{0x000000062d0f3420}: 'java.lang.Object java.lang.invoke.DirectMethodHandle$Holder.newInvokeSpecial(java.lang.Object, java.lang.Object, java.lang.Object, java.lang.Object, java.lang.Object)'> (0x000000062d0f3420) 
thrown [s\src\hotspot\share\interpreter\linkResolver.cpp, line 759]
Event: 26.576 Thread 0x0000023bbd0ccd80 Exception <a 'java/lang/NoSuchMethodError'{0x000000062d0fede8}: 'java.lang.Object java.lang.invoke.DirectMethodHandle$Holder.invokeStatic(java.lang.Object, int, java.lang.Object, java.lang.Object, java.lang.Object, java.lang.Object)'> (0x000000062d0fede8) 
thrown [s\src\hotspot\share\interpreter\linkResolver.cpp, line 759]
Event: 26.578 Thread 0x0000023bbd0ccd80 Exception <a 'java/lang/NoSuchMethodError'{0x000000062d124bd8}: 'java.lang.Object java.lang.invoke.DirectMethodHandle$Holder.invokeStatic(java.lang.Object, int, java.lang.Object)'> (0x000000062d124bd8) 
thrown [s\src\hotspot\share\interpreter\linkResolver.cpp, line 759]
Event: 26.590 Thread 0x0000023bbd0ccd80 Exception <a 'java/lang/ClassNotFoundException'{0x000000062d1eefa8}: com/sun/swing/internal/plaf/metal/resources/spi/metalProvider> (0x000000062d1eefa8) 
thrown [s\src\hotspot\share\classfile\systemDictionary.cpp, line 256]
Event: 26.591 Thread 0x0000023bbd0ccd80 Exception <a 'java/lang/ClassNotFoundException'{0x000000062d1f5850}: com/sun/swing/internal/plaf/basic/resources/spi/basicProvider> (0x000000062d1f5850) 
thrown [s\src\hotspot\share\classfile\systemDictionary.cpp, line 256]
Event: 26.593 Thread 0x0000023bbd0ccd80 Implicit null exception at 0x0000023b9bb649d8 to 0x0000023b9bb64a6e
Event: 26.594 Thread 0x0000023bbd0ccd80 Implicit null exception at 0x0000023b9bad6c1f to 0x0000023b9bad70f0
Event: 26.594 Thread 0x0000023bbd0ccd80 Implicit null exception at 0x0000023b9ba9b495 to 0x0000023b9ba9b924
Event: 26.599 Thread 0x0000023bbd7efaa0 Exception <a 'java/lang/NoSuchMethodError'{0x000000062d7ae1e0}: 'void java.lang.invoke.DirectMethodHandle$Holder.invokeVirtual(java.lang.Object, java.lang.Object)'> (0x000000062d7ae1e0) 
thrown [s\src\hotspot\share\interpreter\linkResolver.cpp, line 759]
Event: 26.607 Thread 0x0000023bbd0ccd80 Exception <a 'java/lang/NoSuchMethodError'{0x000000062d30b818}: 'void java.lang.invoke.DirectMethodHandle$Holder.invokeStaticInit(java.lang.Object)'> (0x000000062d30b818) 
thrown [s\src\hotspot\share\interpreter\linkResolver.cpp, line 759]

VM Operations (20 events):
Event: 33.643 Executing VM operation: G1CollectForAllocation
Event: 33.644 Executing VM operation: G1CollectForAllocation done
Event: 34.646 Executing VM operation: Cleanup
Event: 34.646 Executing VM operation: Cleanup done
Event: 37.463 Executing VM operation: G1CollectForAllocation
Event: 37.465 Executing VM operation: G1CollectForAllocation done
Event: 38.474 Executing VM operation: Cleanup
Event: 38.474 Executing VM operation: Cleanup done
Event: 39.485 Executing VM operation: Cleanup
Event: 39.485 Executing VM operation: Cleanup done
Event: 39.548 Executing VM operation: G1CollectForAllocation
Event: 39.550 Executing VM operation: G1CollectForAllocation done
Event: 40.562 Executing VM operation: Cleanup
Event: 40.562 Executing VM operation: Cleanup done
Event: 44.598 Executing VM operation: Cleanup
Event: 44.599 Executing VM operation: Cleanup done
Event: 57.689 Executing VM operation: Cleanup
Event: 57.689 Executing VM operation: Cleanup done
Event: 59.710 Executing VM operation: Cleanup
Event: 59.710 Executing VM operation: Cleanup done

Events (20 events):
Event: 56.798 loading class jdk/internal/reflect/Label
Event: 56.798 loading class jdk/internal/reflect/Label done
Event: 56.798 loading class jdk/internal/reflect/Label$PatchInfo
Event: 56.798 loading class jdk/internal/reflect/Label$PatchInfo done
Event: 56.798 loading class jdk/internal/reflect/MethodAccessorGenerator$1
Event: 56.798 loading class jdk/internal/reflect/MethodAccessorGenerator$1 done
Event: 56.798 loading class jdk/internal/reflect/ClassDefiner
Event: 56.798 loading class jdk/internal/reflect/ClassDefiner done
Event: 56.798 loading class jdk/internal/reflect/ClassDefiner$1
Event: 56.798 loading class jdk/internal/reflect/ClassDefiner$1 done
Event: 56.824 loading class java/text/NumberFormat$Style
Event: 56.824 loading class java/text/NumberFormat$Style done
Event: 56.828 Thread 0x0000023bc56a4230 Thread added: 0x0000023bc56a4230
Event: 56.834 Thread 0x0000023bc55754f0 Thread added: 0x0000023bc55754f0
Event: 57.230 Thread 0x0000023bc55754f0 Thread exited: 0x0000023bc55754f0
Event: 57.230 Thread 0x0000023bc56a4230 Thread exited: 0x0000023bc56a4230
Event: 57.243 Thread 0x0000023bc55754f0 Thread added: 0x0000023bc55754f0
Event: 59.285 Thread 0x0000023bc55754f0 Thread exited: 0x0000023bc55754f0
Event: 59.323 Thread 0x0000023bbe4236c0 Thread added: 0x0000023bbe4236c0
Event: 59.323 Thread 0x0000023bc56a4230 Thread added: 0x0000023bc56a4230


Dynamic libraries:
0x00007ff726080000 - 0x00007ff72608d000 	C:\Users\WARDESKTOP\.jdks\corretto-17.0.7\bin\java.exe
0x00007ffee4140000 - 0x00007ffee43a5000 	C:\WINDOWS\SYSTEM32\ntdll.dll
0x00007ffee1fd0000 - 0x00007ffee2099000 	C:\WINDOWS\System32\KERNEL32.DLL
0x00007ffee1560000 - 0x00007ffee1948000 	C:\WINDOWS\System32\KERNELBASE.dll
0x00007ffee1d00000 - 0x00007ffee1e4b000 	C:\WINDOWS\System32\ucrtbase.dll
0x00007ffecdbe0000 - 0x00007ffecdbf7000 	C:\Users\WARDESKTOP\.jdks\corretto-17.0.7\bin\jli.dll
0x00007ffedd5f0000 - 0x00007ffedd605000 	C:\Users\WARDESKTOP\.jdks\corretto-17.0.7\bin\VCRUNTIME140.dll
0x00007ffee3640000 - 0x00007ffee380a000 	C:\WINDOWS\System32\USER32.dll
0x00007ffee1b90000 - 0x00007ffee1bb7000 	C:\WINDOWS\System32\win32u.dll
0x00007ffec9fb0000 - 0x00007ffeca24a000 	C:\WINDOWS\WinSxS\amd64_microsoft.windows.common-controls_6595b64144ccf1df_6.0.26100.4202_none_3e0698d4e335f517\COMCTL32.dll
0x00007ffee3a90000 - 0x00007ffee3abb000 	C:\WINDOWS\System32\GDI32.dll
0x00007ffee3590000 - 0x00007ffee3639000 	C:\WINDOWS\System32\msvcrt.dll
0x00007ffee1bc0000 - 0x00007ffee1cf7000 	C:\WINDOWS\System32\gdi32full.dll
0x00007ffee1410000 - 0x00007ffee14b3000 	C:\WINDOWS\System32\msvcp_win.dll
0x00007ffee22a0000 - 0x00007ffee22d0000 	C:\WINDOWS\System32\IMM32.DLL
0x00007ffeb3790000 - 0x00007ffeb382b000 	C:\Users\WARDESKTOP\.jdks\corretto-17.0.7\bin\msvcp140.dll
0x00007ffe74a90000 - 0x00007ffe756aa000 	C:\Users\WARDESKTOP\.jdks\corretto-17.0.7\bin\server\jvm.dll
0x00007ffee3f50000 - 0x00007ffee4003000 	C:\WINDOWS\System32\ADVAPI32.dll
0x00007ffee20a0000 - 0x00007ffee2146000 	C:\WINDOWS\System32\sechost.dll
0x00007ffee3070000 - 0x00007ffee3185000 	C:\WINDOWS\System32\RPCRT4.dll
0x00007ffecdb90000 - 0x00007ffecdbc5000 	C:\WINDOWS\SYSTEM32\WINMM.dll
0x00007ffed79a0000 - 0x00007ffed79ab000 	C:\WINDOWS\SYSTEM32\VERSION.dll
0x00007ffec06c0000 - 0x00007ffec06ca000 	C:\WINDOWS\SYSTEM32\WSOCK32.dll
0x00007ffee2220000 - 0x00007ffee2294000 	C:\WINDOWS\System32\WS2_32.dll
0x00007ffee0010000 - 0x00007ffee002b000 	C:\WINDOWS\SYSTEM32\kernel.appcore.dll
0x00007ffedd640000 - 0x00007ffedd64a000 	C:\Users\WARDESKTOP\.jdks\corretto-17.0.7\bin\jimage.dll
0x00007ffed81a0000 - 0x00007ffed83e1000 	C:\WINDOWS\SYSTEM32\DBGHELP.DLL
0x00007ffee3200000 - 0x00007ffee3585000 	C:\WINDOWS\System32\combase.dll
0x00007ffee4010000 - 0x00007ffee40f1000 	C:\WINDOWS\System32\OLEAUT32.dll
0x00007ffec9e30000 - 0x00007ffec9e69000 	C:\WINDOWS\SYSTEM32\dbgcore.DLL
0x00007ffee14c0000 - 0x00007ffee1559000 	C:\WINDOWS\System32\bcryptPrimitives.dll
0x00007ffec2680000 - 0x00007ffec26b9000 	C:\Users\WARDESKTOP\.jdks\corretto-17.0.7\bin\jdwp.dll
0x00007ffeda530000 - 0x00007ffeda53e000 	C:\Users\WARDESKTOP\.jdks\corretto-17.0.7\bin\instrument.dll
0x00007ffec6e30000 - 0x00007ffec6e55000 	C:\Users\WARDESKTOP\.jdks\corretto-17.0.7\bin\java.dll
0x00007ffec6e10000 - 0x00007ffec6e28000 	C:\Users\WARDESKTOP\.jdks\corretto-17.0.7\bin\zip.dll
0x00007ffeb1250000 - 0x00007ffeb1326000 	C:\Users\WARDESKTOP\.jdks\corretto-17.0.7\bin\jsvml.dll
0x00007ffee22e0000 - 0x00007ffee2a22000 	C:\WINDOWS\System32\SHELL32.dll
0x00007ffee1290000 - 0x00007ffee1404000 	C:\WINDOWS\System32\wintypes.dll
0x00007ffedeed0000 - 0x00007ffedf728000 	C:\WINDOWS\SYSTEM32\windows.storage.dll
0x00007ffee3830000 - 0x00007ffee3921000 	C:\WINDOWS\System32\SHCORE.dll
0x00007ffee3190000 - 0x00007ffee31fa000 	C:\WINDOWS\System32\shlwapi.dll
0x00007ffee11a0000 - 0x00007ffee11cf000 	C:\WINDOWS\SYSTEM32\profapi.dll
0x00007ffed86e0000 - 0x00007ffed86ec000 	C:\Users\WARDESKTOP\.jdks\corretto-17.0.7\bin\dt_socket.dll
0x00007ffedfa20000 - 0x00007ffedfa53000 	C:\WINDOWS\SYSTEM32\IPHLPAPI.DLL
0x00007ffee0560000 - 0x00007ffee05ca000 	C:\WINDOWS\system32\mswsock.dll
0x00007ffec6dd0000 - 0x00007ffec6de9000 	C:\Users\WARDESKTOP\.jdks\corretto-17.0.7\bin\net.dll
0x00007ffed9e70000 - 0x00007ffed9f8e000 	C:\WINDOWS\SYSTEM32\WINHTTP.dll
0x00007ffebfcc0000 - 0x00007ffebfcd5000 	C:\Users\WARDESKTOP\.jdks\corretto-17.0.7\bin\nio.dll
0x00007ffe4a430000 - 0x00007ffe4a5d9000 	C:\Users\WARDESKTOP\.jdks\corretto-17.0.7\bin\awt.dll
0x00007ffede110000 - 0x00007ffede1ae000 	C:\WINDOWS\SYSTEM32\apphelp.dll
0x00007ffede930000 - 0x00007ffede966000 	C:\WINDOWS\system32\DWMAPI.DLL
0x00007ffede3f0000 - 0x00007ffede49f000 	C:\WINDOWS\system32\uxtheme.dll
0x00007ffe696c0000 - 0x00007ffe697d4000 	C:\WINDOWS\system32\opengl32.dll
0x00007ffe89b70000 - 0x00007ffe89b9d000 	C:\WINDOWS\SYSTEM32\GLU32.dll
0x00007ffede5f0000 - 0x00007ffede63d000 	C:\WINDOWS\SYSTEM32\dxcore.dll
0x0000000180000000 - 0x0000000183586000 	C:\Program Files (x86)\RivaTuner Statistics Server\RTSSHooks64.dll
0x00007ffee3ac0000 - 0x00007ffee3f46000 	C:\WINDOWS\System32\SETUPAPI.dll
0x00007ffee2a30000 - 0x00007ffee2b90000 	C:\WINDOWS\System32\MSCTF.dll
0x00007ffee2e30000 - 0x00007ffee2fce000 	C:\WINDOWS\System32\ole32.dll
0x00007ffeb1fc0000 - 0x00007ffeb2177000 	C:\WINDOWS\system32\d3d9.dll
0x00007ffed7a90000 - 0x00007ffed7b54000 	C:\WINDOWS\System32\DriverStore\FileRepository\nv_dispi.inf_amd64_9425e4c3b1ac1c47\nvldumdx.dll
0x00007ffee09a0000 - 0x00007ffee09b3000 	C:\WINDOWS\SYSTEM32\msasn1.dll
0x00007ffed6e10000 - 0x00007ffed6e4b000 	C:\WINDOWS\SYSTEM32\cryptnet.dll
0x00007ffee1a10000 - 0x00007ffee1b87000 	C:\WINDOWS\System32\CRYPT32.dll
0x00007ffee07a0000 - 0x00007ffee07ac000 	C:\WINDOWS\SYSTEM32\cryptbase.dll
0x00007ffee0840000 - 0x00007ffee08a3000 	C:\WINDOWS\SYSTEM32\wldp.dll
0x00007ffed6aa0000 - 0x00007ffed6c1c000 	C:\WINDOWS\SYSTEM32\drvstore.dll
0x00007ffee0f50000 - 0x00007ffee0f7d000 	C:\WINDOWS\SYSTEM32\devobj.dll
0x00007ffee0ef0000 - 0x00007ffee0f47000 	C:\WINDOWS\SYSTEM32\CFGMGR32.dll
0x00007ffee1e50000 - 0x00007ffee1ed4000 	C:\WINDOWS\System32\wintrust.dll
0x00007ffee2ba0000 - 0x00007ffee2bc0000 	C:\WINDOWS\System32\imagehlp.dll
0x00007ffee0940000 - 0x00007ffee095b000 	C:\WINDOWS\SYSTEM32\CRYPTSP.dll
0x00007ffedff70000 - 0x00007ffedffaa000 	C:\WINDOWS\system32\rsaenh.dll
0x00007ffee1170000 - 0x00007ffee1196000 	C:\WINDOWS\SYSTEM32\bcrypt.dll
0x00007ffed3d60000 - 0x00007ffed6a70000 	C:\WINDOWS\System32\DriverStore\FileRepository\nv_dispi.inf_amd64_9425e4c3b1ac1c47\nvgpucomp64.dll
0x00007ffe69ed0000 - 0x00007ffe6bc5c000 	C:\WINDOWS\System32\DriverStore\FileRepository\nv_dispi.inf_amd64_9425e4c3b1ac1c47\nvd3dumx.dll
0x00007ffede660000 - 0x00007ffede6c1000 	C:\WINDOWS\SYSTEM32\directxdatabasehelper.dll
0x00007ffe9e640000 - 0x00007ffe9e944000 	C:\WINDOWS\system32\nvspcap64.dll
0x00007ffee0130000 - 0x00007ffee0166000 	C:\WINDOWS\SYSTEM32\ntmarta.dll
0x00007ffee05d0000 - 0x00007ffee05f7000 	C:\WINDOWS\SYSTEM32\gpapi.dll
0x00007ffeaaab0000 - 0x00007ffeaac05000 	C:\WINDOWS\System32\DriverStore\FileRepository\nv_dispi.inf_amd64_9425e4c3b1ac1c47\nvppex.dll
0x00007ffe4a160000 - 0x00007ffe4a1e3000 	C:\Users\WARDESKTOP\.jdks\corretto-17.0.7\bin\freetype.dll
0x00007ffe4a090000 - 0x00007ffe4a152000 	C:\Users\WARDESKTOP\.jdks\corretto-17.0.7\bin\fontmanager.dll
0x00007ffed8490000 - 0x00007ffed85e0000 	C:\WINDOWS\SYSTEM32\textinputframework.dll
0x00007ffee2170000 - 0x00007ffee2218000 	C:\WINDOWS\System32\clbcatq.dll
0x00007ffeb6f60000 - 0x00007ffeb6fbe000 	C:\WINDOWS\system32\ApplicationTargetedFeatureDatabase.dll
0x00007ffed2300000 - 0x00007ffed253a000 	C:\Windows\System32\twinapi.appcore.dll

dbghelp: loaded successfully - version: 4.0.5 - missing functions: none
symbol engine: initialized successfully - sym options: 0x614 - pdb path: .;C:\Users\WARDESKTOP\.jdks\corretto-17.0.7\bin;C:\WINDOWS\SYSTEM32;C:\WINDOWS\WinSxS\amd64_microsoft.windows.common-controls_6595b64144ccf1df_6.0.26100.4202_none_3e0698d4e335f517;C:\Users\WARDESKTOP\.jdks\corretto-17.0.7\bin\server;C:\Program Files (x86)\RivaTuner Statistics Server;C:\WINDOWS\System32\DriverStore\FileRepository\nv_dispi.inf_amd64_9425e4c3b1ac1c47

VM Arguments:
jvm_args: -agentlib:jdwp=transport=dt_socket,address=127.0.0.1:54337,suspend=y,server=n -javaagent:C:\Users\WARDESKTOP\AppData\Local\JetBrains\IdeaIC2023.1\captureAgent\debugger-agent.jar -Dfile.encoding=UTF-8 
java_command: Program
java_class_path (initial): C:\Users\WARDESKTOP\source\repos\Mario-AI-Framework-Private\out\production\Mario-AI-Framework-Private;C:\Users\WARDESKTOP\source\repos\Mario-AI-Framework-Private\deepRL\.venv\share\py4j\py4j0.10.9.7.jar;C:\Program Files\JetBrains\IntelliJ IDEA Community Edition 2023.1.7\lib\idea_rt.jar
Launcher Type: SUN_STANDARD

[Global flags]
     intx CICompilerCount                          = 4                                         {product} {ergonomic}
     uint ConcGCThreads                            = 3                                         {product} {ergonomic}
     uint G1ConcRefinementThreads                  = 10                                        {product} {ergonomic}
   size_t G1HeapRegionSize                         = 4194304                                   {product} {ergonomic}
    uintx GCDrainStackTargetSize                   = 64                                        {product} {ergonomic}
   size_t InitialHeapSize                          = 524288000                                 {product} {ergonomic}
   size_t MarkStackSize                            = 4194304                                   {product} {ergonomic}
   size_t MaxHeapSize                              = 8350859264                                {product} {ergonomic}
   size_t MaxNewSize                               = 5007998976                                {product} {ergonomic}
   size_t MinHeapDeltaBytes                        = 4194304                                   {product} {ergonomic}
   size_t MinHeapSize                              = 8388608                                   {product} {ergonomic}
    uintx NonNMethodCodeHeapSize                   = 5839372                                {pd product} {ergonomic}
    uintx NonProfiledCodeHeapSize                  = 122909434                              {pd product} {ergonomic}
    uintx ProfiledCodeHeapSize                     = 122909434                              {pd product} {ergonomic}
    uintx ReservedCodeCacheSize                    = 251658240                              {pd product} {ergonomic}
     bool SegmentedCodeCache                       = true                                      {product} {ergonomic}
   size_t SoftMaxHeapSize                          = 8350859264                             {manageable} {ergonomic}
     bool UseCompressedClassPointers               = true                           {product lp64_product} {ergonomic}
     bool UseCompressedOops                        = true                           {product lp64_product} {ergonomic}
     bool UseG1GC                                  = true                                      {product} {ergonomic}
     bool UseLargePagesIndividualAllocation        = false                                  {pd product} {ergonomic}

Logging:
Log output configuration:
 #0: stdout all=warning uptime,level,tags
 #1: stderr all=off uptime,level,tags

Environment Variables:
JAVA_HOME=C:\Honeywell\OptimizerSupervisor-N4.12.2.16\jre
CLASSPATH=.;C:\Honeywell\OptimizerSupervisor-N4.12.2.16\jre\lib;C:\Honeywell\OptimizerSupervisor-N4.12.2.16\jre\lib\dt.jar;C:\Honeywell\OptimizerSupervisor-N4.12.2.16\jre\lib\tools.jar;
PATH=C:\Program Files\NVIDIA GPU Computing Toolkit\CUDA\v11.8\bin;C:\Program Files\NVIDIA GPU Computing Toolkit\CUDA\v11.8\libnvvp;C:\Program Files\Common Files\Oracle\Java\javapath;C:\Program Files (x86)\Common Files\Oracle\Java\javapath;C:\Windows\system32;C:\Windows;C:\Windows\System32\Wbem;C:\Windows\System32\WindowsPowerShell\v1.0\;C:\Windows\System32\OpenSSH\;C:\Program Files (x86)\NVIDIA Corporation\PhysX\Common;C:\Program Files\Microsoft SQL Server\Client SDK\ODBC\170\Tools\Binn\;C:\WINDOWS\system32;C:\WINDOWS;C:\WINDOWS\System32\Wbem;C:\WINDOWS\System32\WindowsPowerShell\v1.0\;C:\WINDOWS\System32\OpenSSH\;C:\Program Files\dotnet\;C:\Program Files\Git\cmd;C:\vcpkg;C:\vcpkg\installed\x64-windows\tools\drogon;C:\Program Files\Git LFS;C:\ffmpeg\bin;C:\Program Files (x86)\dotnet\;C:\WINDOWS\system32;C:\WINDOWS;C:\WINDOWS\System32\Wbem;C:\WINDOWS\System32\WindowsPowerShell\v1.0\;C:\WINDOWS\System32\OpenSSH\;C:\Program Files\NVIDIA Corporation\Nsight Compute 2022.3.0\;C:\Program Files (x86)\Intel\Intel(R) Management Engine Components\DAL;C:\Program Files\Intel\Intel(R) Management Engine Components\DAL;C:\Program Files (x86)\Windows Kits\10\Windows Performance Toolkit\;C:\Program Files\nodejs\;C:\Program Files\Microsoft SQL Server\150\Tools\Binn\;C:\Program Files\Docker\Docker\resources\bin;C:\Program Files\NVIDIA Corporation\NVIDIA App\NvDLISR;C:\Program Files\WireGuard\;C:\Program Files\Sunshine;C:\Program Files\Sunshine\tools;C:\Users\WARDESKTOP\miniconda3;C:\Users\WARDESKTOP\AppData\Local\Programs\Python\Python312\;C:\Honeywell\OptimizerSupervisor-N4.12.2.16\bin;C:\Program Files\Java\jdk-20\bin;C:\Users\WARDESKTOP\AppData\Local\Programs\Python\Python310\;C:\Users\WARDESKTOP\AppData\Local\Microsoft\WindowsApps;C:\Users\WARDESKTOP\.dotnet\tools;C:\Users\WARDESKTOP\AppData\Local\Programs\Microsoft VS Code\bin;C:\Users\WARDESKTOP\AppData\Local\Programs\oh-my-posh\bin;C:\Program Files\JetBrains\IntelliJ IDEA Community Edition 2021.3.3\bin;C:\Users\WARDESKTOP\AppData\Lo
USERNAME=WARDESKTOP
OS=Windows_NT
PROCESSOR_IDENTIFIER=AMD64 Family 25 Model 97 Stepping 2, AuthenticAMD
TMP=C:\Users\WARDES~1\AppData\Local\Temp
TEMP=C:\Users\WARDES~1\AppData\Local\Temp



---------------  S Y S T E M  ---------------

OS:
 Windows 11 , 64 bit Build 26100 (10.0.26100.4202)
OS uptime: 0 days 10:48 hours
Hyper-V role detected

CPU: total 12 (initial active 12) (12 cores per cpu, 2 threads per core) family 25 model 97 stepping 2 microcode 0xa601209, cx8, cmov, fxsr, ht, mmx, 3dnowpref, sse, sse2, sse3, ssse3, sse4a, sse4.1, sse4.2, popcnt, lzcnt, tsc, tscinvbit, avx, avx2, aes, erms, clmul, bmi1, bmi2, adx, avx512f, avx512dq, avx512cd, avx512bw, avx512vl, sha, fma, vzeroupper, avx512_vpopcntdq, avx512_vpclmulqdq, avx512_vaes, avx512_vnni, clflush, clflushopt, avx512_vbmi2, avx512_vbmi, hv

Memory: 4k page, system-wide physical 31849M (11516M free)
TotalPageFile size 52329M (AvailPageFile size 6M)
current process WorkingSet (physical memory assigned to process): 432M, peak: 447M
current process commit charge ("private bytes"): 792M, peak: 796M

vm_info: OpenJDK 64-Bit Server VM (17.0.7+7-LTS) for windows-amd64 JRE (17.0.7+7-LTS), built on Apr 14 2023 01:39:21 by "Administrator" with MS VC++ 15.9 (VS2017)

END.
