#
# There is insufficient memory for the Java Runtime Environment to continue.
# Native memory allocation (malloc) failed to allocate 1055664 bytes for Chunk::new
# Possible reasons:
#   The system is out of physical RAM or swap space
#   The process is running with CompressedOops enabled, and the Java Heap may be blocking the growth of the native heap
# Possible solutions:
#   Reduce memory load on the system
#   Increase physical memory or swap space
#   Check if swap backing store is full
#   Decrease Java heap size (-Xmx/-Xms)
#   Decrease number of Java threads
#   Decrease Java thread stack sizes (-Xss)
#   Set larger code cache with -XX:ReservedCodeCacheSize=
#   JVM is running with Zero Based Compressed Oops mode in which the Java heap is
#     placed in the first 32GB address space. The Java Heap base address is the
#     maximum limit for the native heap growth. Please use -XX:HeapBaseMinAddress
#     to set the Java Heap base and to place the Java Heap above 32GB virtual address.
# This output file may be truncated or incomplete.
#
#  Out of Memory Error (arena.cpp:189), pid=15748, tid=10072
#
# JRE version: OpenJDK Runtime Environment Corretto-17.0.7.7.1 (17.0.7+7) (build 17.0.7+7-LTS)
# Java VM: OpenJDK 64-Bit Server VM Corretto-17.0.7.7.1 (17.0.7+7-LTS, mixed mode, sharing, tiered, compressed oops, compressed class ptrs, g1 gc, windows-amd64)
# No core dump will be written. Minidumps are not enabled by default on client versions of Windows
#

---------------  S U M M A R Y ------------

Command Line: -agentlib:jdwp=transport=dt_socket,address=127.0.0.1:54853,suspend=y,server=n -javaagent:C:\Users\WARDESKTOP\AppData\Local\JetBrains\IdeaIC2023.1\captureAgent\debugger-agent.jar -Dfile.encoding=UTF-8 Program

Host: AMD Ryzen 5 7600 6-Core Processor              , 12 cores, 31G,  Windows 11 , 64 bit Build 26100 (10.0.26100.4484)
Time: Mon Jul 14 21:24:50 2025 SE Asia Standard Time elapsed time: 1623.446969 seconds (0d 0h 27m 3s)

---------------  T H R E A D  ---------------

Current thread (0x000002520d9f33e0):  JavaThread "C2 CompilerThread2" daemon [_thread_in_native, id=10072, stack(0x000000e085940000,0x000000e085a40000)]


Current CompileTask:
C2:1623447 2859       4       sun.java2d.d3d.D3DGraphicsConfig::getColorModel (95 bytes)

Stack: [0x000000e085940000,0x000000e085a40000]
Native frames: (J=compiled Java code, j=interpreted, Vv=VM code, C=native code)
V  [jvm.dll+0x64b53a]
V  [jvm.dll+0x7fef54]
V  [jvm.dll+0x80070e]
V  [jvm.dll+0x800d63]
V  [jvm.dll+0x236a2b]
V  [jvm.dll+0xbd47c]
V  [jvm.dll+0xbda5c]
V  [jvm.dll+0x350c37]
V  [jvm.dll+0x31b60f]
V  [jvm.dll+0x31aa4a]
V  [jvm.dll+0x20acf5]
V  [jvm.dll+0x20a287]
V  [jvm.dll+0x19a2ed]
V  [jvm.dll+0x21967d]
V  [jvm.dll+0x2178c4]
V  [jvm.dll+0x7b7dcb]
V  [jvm.dll+0x7b237a]
V  [jvm.dll+0x64a3a5]
C  [ucrtbase.dll+0x37b0]
C  [KERNEL32.DLL+0x2e8d7]
C  [ntdll.dll+0x3c34c]


---------------  P R O C E S S  ---------------

Threads class SMR info:
_java_thread_list=0x0000025208441e40, length=41, elements={
0x000002525b7990e0, 0x000002527d4deac0, 0x000002527d4df670, 0x000002527d4f5070,
0x000002527d4f5c20, 0x000002527d4f85e0, 0x000002527d4f8f90, 0x000002527d4fcd40,
0x000002527d4fe520, 0x0000025207d13b50, 0x0000025207dd3e90, 0x0000025207ed6c80,
0x0000025207efab40, 0x0000025207efb220, 0x0000025207f5a070, 0x0000025207ef71f0,
0x0000025207e5aaa0, 0x0000025207f447b0, 0x0000025207da2fd0, 0x0000025207e0ada0,
0x0000025207e0ba80, 0x000002520821f800, 0x0000025208228500, 0x000002520822c0e0,
0x000002520822d8f0, 0x000002520822bc10, 0x000002520822c5b0, 0x000002520822ca80,
0x000002520822ec30, 0x000002520822cf50, 0x000002520822b270, 0x000002520822ddc0,
0x000002520822e290, 0x00000252086b6950, 0x00000252086b6e20, 0x00000252086b77c0,
0x00000252086b72f0, 0x00000252086b7c90, 0x00000252086b8b00, 0x000002520d923e70,
0x000002520d9f33e0
}

Java Threads: ( => current thread )
  0x000002525b7990e0 JavaThread "main" [_thread_blocked, id=2780, stack(0x000000e082300000,0x000000e082400000)]
  0x000002527d4deac0 JavaThread "Reference Handler" daemon [_thread_blocked, id=17196, stack(0x000000e082a00000,0x000000e082b00000)]
  0x000002527d4df670 JavaThread "Finalizer" daemon [_thread_blocked, id=11444, stack(0x000000e082b00000,0x000000e082c00000)]
  0x000002527d4f5070 JavaThread "Signal Dispatcher" daemon [_thread_blocked, id=11656, stack(0x000000e082c00000,0x000000e082d00000)]
  0x000002527d4f5c20 JavaThread "Attach Listener" daemon [_thread_blocked, id=6952, stack(0x000000e082d00000,0x000000e082e00000)]
  0x000002527d4f85e0 JavaThread "Service Thread" daemon [_thread_blocked, id=23740, stack(0x000000e082e00000,0x000000e082f00000)]
  0x000002527d4f8f90 JavaThread "Monitor Deflation Thread" daemon [_thread_blocked, id=23644, stack(0x000000e082f00000,0x000000e083000000)]
  0x000002527d4fcd40 JavaThread "C2 CompilerThread0" daemon [_thread_blocked, id=16136, stack(0x000000e083000000,0x000000e083100000)]
  0x000002527d4fe520 JavaThread "C1 CompilerThread0" daemon [_thread_blocked, id=15396, stack(0x000000e083100000,0x000000e083200000)]
  0x0000025207d13b50 JavaThread "Sweeper thread" daemon [_thread_blocked, id=17040, stack(0x000000e083200000,0x000000e083300000)]
  0x0000025207dd3e90 JavaThread "Common-Cleaner" daemon [_thread_blocked, id=13128, stack(0x000000e083300000,0x000000e083400000)]
  0x0000025207ed6c80 JavaThread "JDWP Transport Listener: dt_socket" daemon [_thread_blocked, id=18492, stack(0x000000e083500000,0x000000e083600000)]
  0x0000025207efab40 JavaThread "JDWP Event Helper Thread" daemon [_thread_blocked, id=17488, stack(0x000000e083600000,0x000000e083700000)]
  0x0000025207efb220 JavaThread "JDWP Command Reader" daemon [_thread_in_native, id=16868, stack(0x000000e083700000,0x000000e083800000)]
  0x0000025207f5a070 JavaThread "Notification Thread" daemon [_thread_blocked, id=24048, stack(0x000000e083800000,0x000000e083900000)]
  0x0000025207ef71f0 JavaThread "Thread-0" [_thread_in_native, id=2160, stack(0x000000e083a00000,0x000000e083b00000)]
  0x0000025207e5aaa0 JavaThread "pool-1-thread-1" [_thread_blocked, id=17388, stack(0x000000e083400000,0x000000e083500000)]
  0x0000025207f447b0 JavaThread "pool-1-thread-2" [_thread_blocked, id=21012, stack(0x000000e083b00000,0x000000e083c00000)]
  0x0000025207da2fd0 JavaThread "pool-1-thread-3" [_thread_in_native, id=5736, stack(0x000000e083c00000,0x000000e083d00000)]
  0x0000025207e0ada0 JavaThread "pool-1-thread-4" [_thread_blocked, id=21336, stack(0x000000e083d00000,0x000000e083e00000)]
  0x0000025207e0ba80 JavaThread "pool-1-thread-5" [_thread_blocked, id=9496, stack(0x000000e083e00000,0x000000e083f00000)]
  0x000002520821f800 JavaThread "pool-1-thread-6" [_thread_in_native, id=9444, stack(0x000000e083f00000,0x000000e084000000)]
  0x0000025208228500 JavaThread "pool-1-thread-7" [_thread_in_native, id=11576, stack(0x000000e084000000,0x000000e084100000)]
  0x000002520822c0e0 JavaThread "pool-1-thread-8" [_thread_blocked, id=21740, stack(0x000000e084100000,0x000000e084200000)]
  0x000002520822d8f0 JavaThread "pool-1-thread-9" [_thread_in_native, id=20852, stack(0x000000e084200000,0x000000e084300000)]
  0x000002520822bc10 JavaThread "pool-1-thread-10" [_thread_in_native, id=8112, stack(0x000000e084300000,0x000000e084400000)]
  0x000002520822c5b0 JavaThread "pool-1-thread-11" [_thread_in_native, id=12244, stack(0x000000e084400000,0x000000e084500000)]
  0x000002520822ca80 JavaThread "pool-1-thread-12" [_thread_blocked, id=380, stack(0x000000e084500000,0x000000e084600000)]
  0x000002520822ec30 JavaThread "pool-1-thread-13" [_thread_blocked, id=9036, stack(0x000000e084600000,0x000000e084700000)]
  0x000002520822cf50 JavaThread "pool-1-thread-14" [_thread_blocked, id=1460, stack(0x000000e084700000,0x000000e084800000)]
  0x000002520822b270 JavaThread "pool-1-thread-15" [_thread_blocked, id=22560, stack(0x000000e084800000,0x000000e084900000)]
  0x000002520822ddc0 JavaThread "pool-1-thread-16" [_thread_in_native, id=5412, stack(0x000000e084900000,0x000000e084a00000)]
  0x000002520822e290 JavaThread "pool-1-thread-17" [_thread_blocked, id=10352, stack(0x000000e084a00000,0x000000e084b00000)]
  0x00000252086b6950 JavaThread "Java2D Disposer" daemon [_thread_blocked, id=8612, stack(0x000000e085400000,0x000000e085500000)]
  0x00000252086b6e20 JavaThread "AWT-Windows" daemon [_thread_in_native, id=8656, stack(0x000000e085600000,0x000000e085700000)]
  0x00000252086b77c0 JavaThread "D3D Screen Updater" daemon [_thread_blocked, id=24280, stack(0x000000e085c40000,0x000000e085d40000)]
  0x00000252086b72f0 JavaThread "pool-1-thread-18" [_thread_in_native, id=18356, stack(0x000000e082000000,0x000000e082100000)]
  0x00000252086b7c90 JavaThread "AWT-Shutdown" [_thread_blocked, id=19564, stack(0x000000e082200000,0x000000e082300000)]
  0x00000252086b8b00 JavaThread "AWT-EventQueue-0" [_thread_blocked, id=3552, stack(0x000000e085500000,0x000000e085600000)]
  0x000002520d923e70 JavaThread "C2 CompilerThread1" daemon [_thread_in_native, id=22668, stack(0x000000e085700000,0x000000e085800000)]
=>0x000002520d9f33e0 JavaThread "C2 CompilerThread2" daemon [_thread_in_native, id=10072, stack(0x000000e085940000,0x000000e085a40000)]

Other Threads:
  0x000002527d4d8010 VMThread "VM Thread" [stack: 0x000000e082900000,0x000000e082a00000] [id=21744]
  0x000002525b829c90 WatcherThread [stack: 0x000000e083900000,0x000000e083a00000] [id=2640]
  0x000002527d33fc80 GCTaskThread "GC Thread#0" [stack: 0x000000e082400000,0x000000e082500000] [id=9404]
  0x0000025208498150 GCTaskThread "GC Thread#1" [stack: 0x000000e084b00000,0x000000e084c00000] [id=18032]
  0x0000025208660f40 GCTaskThread "GC Thread#2" [stack: 0x000000e084c00000,0x000000e084d00000] [id=11840]
  0x0000025208712d10 GCTaskThread "GC Thread#3" [stack: 0x000000e084d00000,0x000000e084e00000] [id=22816]
  0x0000025208712fc0 GCTaskThread "GC Thread#4" [stack: 0x000000e084e00000,0x000000e084f00000] [id=6344]
  0x0000025208713a80 GCTaskThread "GC Thread#5" [stack: 0x000000e084f00000,0x000000e085000000] [id=8964]
  0x000002520874d4a0 GCTaskThread "GC Thread#6" [stack: 0x000000e085000000,0x000000e085100000] [id=24468]
  0x000002520874db60 GCTaskThread "GC Thread#7" [stack: 0x000000e085100000,0x000000e085200000] [id=13908]
  0x000002520874de10 GCTaskThread "GC Thread#8" [stack: 0x000000e085200000,0x000000e085300000] [id=15632]
  0x000002520874e0c0 GCTaskThread "GC Thread#9" [stack: 0x000000e085300000,0x000000e085400000] [id=23884]
  0x000002525b814ed0 ConcurrentGCThread "G1 Main Marker" [stack: 0x000000e082500000,0x000000e082600000] [id=6356]
  0x000002525b816450 ConcurrentGCThread "G1 Conc#0" [stack: 0x000000e082600000,0x000000e082700000] [id=12876]
  0x000002525b84dab0 ConcurrentGCThread "G1 Refine#0" [stack: 0x000000e082700000,0x000000e082800000] [id=10008]
  0x000002525b84e370 ConcurrentGCThread "G1 Service" [stack: 0x000000e082800000,0x000000e082900000] [id=4916]

Threads with active compile tasks:
C1 CompilerThread0  1623474 2888       3       java.util.zip.InflaterInputStream::fill (60 bytes)
C2 CompilerThread1  1623474 2861       4       sun.java2d.SunGraphics2D::<init> (154 bytes)
C2 CompilerThread2  1623474 2859       4       sun.java2d.d3d.D3DGraphicsConfig::getColorModel (95 bytes)

VM state: not at safepoint (normal execution)

VM Mutex/Monitor currently owned by a thread: None

Heap address: 0x000000060e400000, size: 7964 MB, Compressed Oops mode: Zero based, Oop shift amount: 3

CDS archive(s) mapped at: [0x0000000800000000-0x0000000800bc0000-0x0000000800bc0000), size 12320768, SharedBaseAddress: 0x0000000800000000, ArchiveRelocationMode: 0.
Compressed class space mapped at: 0x0000000801000000-0x0000000841000000, reserved size: 1073741824
Narrow klass base: 0x0000000800000000, Narrow klass shift: 0, Narrow klass range: 0x100000000

GC Precious Log:
 CPUs: 12 total, 12 available
 Memory: 31849M
 Large Page Support: Disabled
 NUMA Support: Disabled
 Compressed Oops: Enabled (Zero based)
 Heap Region Size: 4M
 Heap Min Capacity: 8M
 Heap Initial Capacity: 500M
 Heap Max Capacity: 7964M
 Pre-touch: Disabled
 Parallel Workers: 10
 Concurrent Workers: 3
 Concurrent Refinement Workers: 10
 Periodic GC: Disabled

Heap:
 garbage-first heap   total 512000K, used 247559K [0x000000060e400000, 0x0000000800000000)
  region size 4096K, 61 young (249856K), 1 survivors (4096K)
 Metaspace       used 9233K, committed 9472K, reserved 1114112K
  class space    used 869K, committed 960K, reserved 1048576K

Heap Regions: E=young(eden), S=young(survivor), O=old, HS=humongous(starts), HC=humongous(continues), CS=collection set, F=free, OA=open archive, CA=closed archive, TAMS=top-at-mark-start (previous, next)
|   0|0x000000060e400000, 0x000000060e800000, 0x000000060e800000|100%| O|  |TAMS 0x000000060e400000, 0x000000060e400000| Untracked 
|   1|0x000000060e800000, 0x000000060e967400, 0x000000060ec00000| 35%| O|  |TAMS 0x000000060e800000, 0x000000060e800000| Untracked 
|   2|0x000000060ec00000, 0x000000060ec00000, 0x000000060f000000|  0%| F|  |TAMS 0x000000060ec00000, 0x000000060ec00000| Untracked 
|   3|0x000000060f000000, 0x000000060f000000, 0x000000060f400000|  0%| F|  |TAMS 0x000000060f000000, 0x000000060f000000| Untracked 
|   4|0x000000060f400000, 0x000000060f400000, 0x000000060f800000|  0%| F|  |TAMS 0x000000060f400000, 0x000000060f400000| Untracked 
|   5|0x000000060f800000, 0x000000060f800000, 0x000000060fc00000|  0%| F|  |TAMS 0x000000060f800000, 0x000000060f800000| Untracked 
|   6|0x000000060fc00000, 0x000000060fc00000, 0x0000000610000000|  0%| F|  |TAMS 0x000000060fc00000, 0x000000060fc00000| Untracked 
|   7|0x0000000610000000, 0x0000000610000000, 0x0000000610400000|  0%| F|  |TAMS 0x0000000610000000, 0x0000000610000000| Untracked 
|   8|0x0000000610400000, 0x0000000610400000, 0x0000000610800000|  0%| F|  |TAMS 0x0000000610400000, 0x0000000610400000| Untracked 
|   9|0x0000000610800000, 0x0000000610800000, 0x0000000610c00000|  0%| F|  |TAMS 0x0000000610800000, 0x0000000610800000| Untracked 
|  10|0x0000000610c00000, 0x0000000610c00000, 0x0000000611000000|  0%| F|  |TAMS 0x0000000610c00000, 0x0000000610c00000| Untracked 
|  11|0x0000000611000000, 0x0000000611000000, 0x0000000611400000|  0%| F|  |TAMS 0x0000000611000000, 0x0000000611000000| Untracked 
|  12|0x0000000611400000, 0x0000000611400000, 0x0000000611800000|  0%| F|  |TAMS 0x0000000611400000, 0x0000000611400000| Untracked 
|  13|0x0000000611800000, 0x0000000611800000, 0x0000000611c00000|  0%| F|  |TAMS 0x0000000611800000, 0x0000000611800000| Untracked 
|  14|0x0000000611c00000, 0x0000000611c00000, 0x0000000612000000|  0%| F|  |TAMS 0x0000000611c00000, 0x0000000611c00000| Untracked 
|  15|0x0000000612000000, 0x0000000612000000, 0x0000000612400000|  0%| F|  |TAMS 0x0000000612000000, 0x0000000612000000| Untracked 
|  16|0x0000000612400000, 0x0000000612400000, 0x0000000612800000|  0%| F|  |TAMS 0x0000000612400000, 0x0000000612400000| Untracked 
|  17|0x0000000612800000, 0x0000000612800000, 0x0000000612c00000|  0%| F|  |TAMS 0x0000000612800000, 0x0000000612800000| Untracked 
|  18|0x0000000612c00000, 0x0000000612c00000, 0x0000000613000000|  0%| F|  |TAMS 0x0000000612c00000, 0x0000000612c00000| Untracked 
|  19|0x0000000613000000, 0x0000000613000000, 0x0000000613400000|  0%| F|  |TAMS 0x0000000613000000, 0x0000000613000000| Untracked 
|  20|0x0000000613400000, 0x0000000613400000, 0x0000000613800000|  0%| F|  |TAMS 0x0000000613400000, 0x0000000613400000| Untracked 
|  21|0x0000000613800000, 0x0000000613800000, 0x0000000613c00000|  0%| F|  |TAMS 0x0000000613800000, 0x0000000613800000| Untracked 
|  22|0x0000000613c00000, 0x0000000613c00000, 0x0000000614000000|  0%| F|  |TAMS 0x0000000613c00000, 0x0000000613c00000| Untracked 
|  23|0x0000000614000000, 0x0000000614000000, 0x0000000614400000|  0%| F|  |TAMS 0x0000000614000000, 0x0000000614000000| Untracked 
|  24|0x0000000614400000, 0x0000000614400000, 0x0000000614800000|  0%| F|  |TAMS 0x0000000614400000, 0x0000000614400000| Untracked 
|  25|0x0000000614800000, 0x0000000614800000, 0x0000000614c00000|  0%| F|  |TAMS 0x0000000614800000, 0x0000000614800000| Untracked 
|  26|0x0000000614c00000, 0x0000000614c00000, 0x0000000615000000|  0%| F|  |TAMS 0x0000000614c00000, 0x0000000614c00000| Untracked 
|  27|0x0000000615000000, 0x0000000615000000, 0x0000000615400000|  0%| F|  |TAMS 0x0000000615000000, 0x0000000615000000| Untracked 
|  28|0x0000000615400000, 0x0000000615400000, 0x0000000615800000|  0%| F|  |TAMS 0x0000000615400000, 0x0000000615400000| Untracked 
|  29|0x0000000615800000, 0x0000000615800000, 0x0000000615c00000|  0%| F|  |TAMS 0x0000000615800000, 0x0000000615800000| Untracked 
|  30|0x0000000615c00000, 0x0000000615c00000, 0x0000000616000000|  0%| F|  |TAMS 0x0000000615c00000, 0x0000000615c00000| Untracked 
|  31|0x0000000616000000, 0x0000000616000000, 0x0000000616400000|  0%| F|  |TAMS 0x0000000616000000, 0x0000000616000000| Untracked 
|  32|0x0000000616400000, 0x0000000616400000, 0x0000000616800000|  0%| F|  |TAMS 0x0000000616400000, 0x0000000616400000| Untracked 
|  33|0x0000000616800000, 0x0000000616800000, 0x0000000616c00000|  0%| F|  |TAMS 0x0000000616800000, 0x0000000616800000| Untracked 
|  34|0x0000000616c00000, 0x0000000616c00000, 0x0000000617000000|  0%| F|  |TAMS 0x0000000616c00000, 0x0000000616c00000| Untracked 
|  35|0x0000000617000000, 0x0000000617000000, 0x0000000617400000|  0%| F|  |TAMS 0x0000000617000000, 0x0000000617000000| Untracked 
|  36|0x0000000617400000, 0x0000000617400000, 0x0000000617800000|  0%| F|  |TAMS 0x0000000617400000, 0x0000000617400000| Untracked 
|  37|0x0000000617800000, 0x0000000617800000, 0x0000000617c00000|  0%| F|  |TAMS 0x0000000617800000, 0x0000000617800000| Untracked 
|  38|0x0000000617c00000, 0x0000000617c00000, 0x0000000618000000|  0%| F|  |TAMS 0x0000000617c00000, 0x0000000617c00000| Untracked 
|  39|0x0000000618000000, 0x0000000618000000, 0x0000000618400000|  0%| F|  |TAMS 0x0000000618000000, 0x0000000618000000| Untracked 
|  40|0x0000000618400000, 0x0000000618400000, 0x0000000618800000|  0%| F|  |TAMS 0x0000000618400000, 0x0000000618400000| Untracked 
|  41|0x0000000618800000, 0x0000000618800000, 0x0000000618c00000|  0%| F|  |TAMS 0x0000000618800000, 0x0000000618800000| Untracked 
|  42|0x0000000618c00000, 0x0000000618c00000, 0x0000000619000000|  0%| F|  |TAMS 0x0000000618c00000, 0x0000000618c00000| Untracked 
|  43|0x0000000619000000, 0x0000000619000000, 0x0000000619400000|  0%| F|  |TAMS 0x0000000619000000, 0x0000000619000000| Untracked 
|  44|0x0000000619400000, 0x0000000619400000, 0x0000000619800000|  0%| F|  |TAMS 0x0000000619400000, 0x0000000619400000| Untracked 
|  45|0x0000000619800000, 0x0000000619800000, 0x0000000619c00000|  0%| F|  |TAMS 0x0000000619800000, 0x0000000619800000| Untracked 
|  46|0x0000000619c00000, 0x0000000619c00000, 0x000000061a000000|  0%| F|  |TAMS 0x0000000619c00000, 0x0000000619c00000| Untracked 
|  47|0x000000061a000000, 0x000000061a000000, 0x000000061a400000|  0%| F|  |TAMS 0x000000061a000000, 0x000000061a000000| Untracked 
|  48|0x000000061a400000, 0x000000061a400000, 0x000000061a800000|  0%| F|  |TAMS 0x000000061a400000, 0x000000061a400000| Untracked 
|  49|0x000000061a800000, 0x000000061a85a860, 0x000000061ac00000|  8%| S|CS|TAMS 0x000000061a800000, 0x000000061a800000| Complete 
|  50|0x000000061ac00000, 0x000000061ac00000, 0x000000061b000000|  0%| F|  |TAMS 0x000000061ac00000, 0x000000061ac00000| Untracked 
|  51|0x000000061b000000, 0x000000061b000000, 0x000000061b400000|  0%| F|  |TAMS 0x000000061b000000, 0x000000061b000000| Untracked 
|  52|0x000000061b400000, 0x000000061b400000, 0x000000061b800000|  0%| F|  |TAMS 0x000000061b400000, 0x000000061b400000| Untracked 
|  53|0x000000061b800000, 0x000000061b800000, 0x000000061bc00000|  0%| F|  |TAMS 0x000000061b800000, 0x000000061b800000| Untracked 
|  54|0x000000061bc00000, 0x000000061bc00000, 0x000000061c000000|  0%| F|  |TAMS 0x000000061bc00000, 0x000000061bc00000| Untracked 
|  55|0x000000061c000000, 0x000000061c000000, 0x000000061c400000|  0%| F|  |TAMS 0x000000061c000000, 0x000000061c000000| Untracked 
|  56|0x000000061c400000, 0x000000061c400000, 0x000000061c800000|  0%| F|  |TAMS 0x000000061c400000, 0x000000061c400000| Untracked 
|  57|0x000000061c800000, 0x000000061c800000, 0x000000061cc00000|  0%| F|  |TAMS 0x000000061c800000, 0x000000061c800000| Untracked 
|  58|0x000000061cc00000, 0x000000061cc00000, 0x000000061d000000|  0%| F|  |TAMS 0x000000061cc00000, 0x000000061cc00000| Untracked 
|  59|0x000000061d000000, 0x000000061d000000, 0x000000061d400000|  0%| F|  |TAMS 0x000000061d000000, 0x000000061d000000| Untracked 
|  60|0x000000061d400000, 0x000000061d400000, 0x000000061d800000|  0%| F|  |TAMS 0x000000061d400000, 0x000000061d400000| Untracked 
|  61|0x000000061d800000, 0x000000061d800000, 0x000000061dc00000|  0%| F|  |TAMS 0x000000061d800000, 0x000000061d800000| Untracked 
|  62|0x000000061dc00000, 0x000000061dc00000, 0x000000061e000000|  0%| F|  |TAMS 0x000000061dc00000, 0x000000061dc00000| Untracked 
|  63|0x000000061e000000, 0x000000061e000000, 0x000000061e400000|  0%| F|  |TAMS 0x000000061e000000, 0x000000061e000000| Untracked 
|  64|0x000000061e400000, 0x000000061e400000, 0x000000061e800000|  0%| F|  |TAMS 0x000000061e400000, 0x000000061e400000| Untracked 
|  65|0x000000061e800000, 0x000000061e8ee8c0, 0x000000061ec00000| 23%| E|  |TAMS 0x000000061e800000, 0x000000061e800000| Complete 
|  66|0x000000061ec00000, 0x000000061f000000, 0x000000061f000000|100%| E|CS|TAMS 0x000000061ec00000, 0x000000061ec00000| Complete 
|  67|0x000000061f000000, 0x000000061f400000, 0x000000061f400000|100%| E|CS|TAMS 0x000000061f000000, 0x000000061f000000| Complete 
|  68|0x000000061f400000, 0x000000061f800000, 0x000000061f800000|100%| E|CS|TAMS 0x000000061f400000, 0x000000061f400000| Complete 
|  69|0x000000061f800000, 0x000000061fc00000, 0x000000061fc00000|100%| E|CS|TAMS 0x000000061f800000, 0x000000061f800000| Complete 
|  70|0x000000061fc00000, 0x0000000620000000, 0x0000000620000000|100%| E|CS|TAMS 0x000000061fc00000, 0x000000061fc00000| Complete 
|  71|0x0000000620000000, 0x0000000620400000, 0x0000000620400000|100%| E|CS|TAMS 0x0000000620000000, 0x0000000620000000| Complete 
|  72|0x0000000620400000, 0x0000000620800000, 0x0000000620800000|100%| E|CS|TAMS 0x0000000620400000, 0x0000000620400000| Complete 
|  73|0x0000000620800000, 0x0000000620c00000, 0x0000000620c00000|100%| E|CS|TAMS 0x0000000620800000, 0x0000000620800000| Complete 
|  74|0x0000000620c00000, 0x0000000621000000, 0x0000000621000000|100%| E|CS|TAMS 0x0000000620c00000, 0x0000000620c00000| Complete 
|  75|0x0000000621000000, 0x0000000621400000, 0x0000000621400000|100%| E|CS|TAMS 0x0000000621000000, 0x0000000621000000| Complete 
|  76|0x0000000621400000, 0x0000000621800000, 0x0000000621800000|100%| E|CS|TAMS 0x0000000621400000, 0x0000000621400000| Complete 
|  77|0x0000000621800000, 0x0000000621c00000, 0x0000000621c00000|100%| E|CS|TAMS 0x0000000621800000, 0x0000000621800000| Complete 
|  78|0x0000000621c00000, 0x0000000622000000, 0x0000000622000000|100%| E|CS|TAMS 0x0000000621c00000, 0x0000000621c00000| Complete 
|  79|0x0000000622000000, 0x0000000622400000, 0x0000000622400000|100%| E|CS|TAMS 0x0000000622000000, 0x0000000622000000| Complete 
|  80|0x0000000622400000, 0x0000000622800000, 0x0000000622800000|100%| E|CS|TAMS 0x0000000622400000, 0x0000000622400000| Complete 
|  81|0x0000000622800000, 0x0000000622c00000, 0x0000000622c00000|100%| E|CS|TAMS 0x0000000622800000, 0x0000000622800000| Complete 
|  82|0x0000000622c00000, 0x0000000623000000, 0x0000000623000000|100%| E|CS|TAMS 0x0000000622c00000, 0x0000000622c00000| Complete 
|  83|0x0000000623000000, 0x0000000623400000, 0x0000000623400000|100%| E|CS|TAMS 0x0000000623000000, 0x0000000623000000| Complete 
|  84|0x0000000623400000, 0x0000000623800000, 0x0000000623800000|100%| E|CS|TAMS 0x0000000623400000, 0x0000000623400000| Complete 
|  85|0x0000000623800000, 0x0000000623c00000, 0x0000000623c00000|100%| E|CS|TAMS 0x0000000623800000, 0x0000000623800000| Complete 
|  86|0x0000000623c00000, 0x0000000624000000, 0x0000000624000000|100%| E|CS|TAMS 0x0000000623c00000, 0x0000000623c00000| Complete 
|  87|0x0000000624000000, 0x0000000624400000, 0x0000000624400000|100%| E|CS|TAMS 0x0000000624000000, 0x0000000624000000| Complete 
|  88|0x0000000624400000, 0x0000000624800000, 0x0000000624800000|100%| E|CS|TAMS 0x0000000624400000, 0x0000000624400000| Complete 
|  89|0x0000000624800000, 0x0000000624c00000, 0x0000000624c00000|100%| E|CS|TAMS 0x0000000624800000, 0x0000000624800000| Complete 
|  90|0x0000000624c00000, 0x0000000625000000, 0x0000000625000000|100%| E|CS|TAMS 0x0000000624c00000, 0x0000000624c00000| Complete 
|  91|0x0000000625000000, 0x0000000625400000, 0x0000000625400000|100%| E|CS|TAMS 0x0000000625000000, 0x0000000625000000| Complete 
|  92|0x0000000625400000, 0x0000000625800000, 0x0000000625800000|100%| E|CS|TAMS 0x0000000625400000, 0x0000000625400000| Complete 
|  93|0x0000000625800000, 0x0000000625c00000, 0x0000000625c00000|100%| E|CS|TAMS 0x0000000625800000, 0x0000000625800000| Complete 
|  94|0x0000000625c00000, 0x0000000626000000, 0x0000000626000000|100%| E|CS|TAMS 0x0000000625c00000, 0x0000000625c00000| Complete 
|  95|0x0000000626000000, 0x0000000626400000, 0x0000000626400000|100%| E|CS|TAMS 0x0000000626000000, 0x0000000626000000| Complete 
|  96|0x0000000626400000, 0x0000000626800000, 0x0000000626800000|100%| E|CS|TAMS 0x0000000626400000, 0x0000000626400000| Complete 
|  97|0x0000000626800000, 0x0000000626c00000, 0x0000000626c00000|100%| E|CS|TAMS 0x0000000626800000, 0x0000000626800000| Complete 
|  98|0x0000000626c00000, 0x0000000627000000, 0x0000000627000000|100%| E|CS|TAMS 0x0000000626c00000, 0x0000000626c00000| Complete 
|  99|0x0000000627000000, 0x0000000627400000, 0x0000000627400000|100%| E|CS|TAMS 0x0000000627000000, 0x0000000627000000| Complete 
| 100|0x0000000627400000, 0x0000000627800000, 0x0000000627800000|100%| E|CS|TAMS 0x0000000627400000, 0x0000000627400000| Complete 
| 101|0x0000000627800000, 0x0000000627c00000, 0x0000000627c00000|100%| E|CS|TAMS 0x0000000627800000, 0x0000000627800000| Complete 
| 102|0x0000000627c00000, 0x0000000628000000, 0x0000000628000000|100%| E|CS|TAMS 0x0000000627c00000, 0x0000000627c00000| Complete 
| 103|0x0000000628000000, 0x0000000628400000, 0x0000000628400000|100%| E|CS|TAMS 0x0000000628000000, 0x0000000628000000| Complete 
| 104|0x0000000628400000, 0x0000000628800000, 0x0000000628800000|100%| E|CS|TAMS 0x0000000628400000, 0x0000000628400000| Complete 
| 105|0x0000000628800000, 0x0000000628c00000, 0x0000000628c00000|100%| E|CS|TAMS 0x0000000628800000, 0x0000000628800000| Complete 
| 106|0x0000000628c00000, 0x0000000629000000, 0x0000000629000000|100%| E|CS|TAMS 0x0000000628c00000, 0x0000000628c00000| Complete 
| 107|0x0000000629000000, 0x0000000629400000, 0x0000000629400000|100%| E|CS|TAMS 0x0000000629000000, 0x0000000629000000| Complete 
| 108|0x0000000629400000, 0x0000000629800000, 0x0000000629800000|100%| E|CS|TAMS 0x0000000629400000, 0x0000000629400000| Complete 
| 109|0x0000000629800000, 0x0000000629c00000, 0x0000000629c00000|100%| E|CS|TAMS 0x0000000629800000, 0x0000000629800000| Complete 
| 110|0x0000000629c00000, 0x000000062a000000, 0x000000062a000000|100%| E|CS|TAMS 0x0000000629c00000, 0x0000000629c00000| Complete 
| 111|0x000000062a000000, 0x000000062a400000, 0x000000062a400000|100%| E|CS|TAMS 0x000000062a000000, 0x000000062a000000| Complete 
| 112|0x000000062a400000, 0x000000062a800000, 0x000000062a800000|100%| E|CS|TAMS 0x000000062a400000, 0x000000062a400000| Complete 
| 113|0x000000062a800000, 0x000000062ac00000, 0x000000062ac00000|100%| E|CS|TAMS 0x000000062a800000, 0x000000062a800000| Complete 
| 114|0x000000062ac00000, 0x000000062b000000, 0x000000062b000000|100%| E|CS|TAMS 0x000000062ac00000, 0x000000062ac00000| Complete 
| 115|0x000000062b000000, 0x000000062b400000, 0x000000062b400000|100%| E|CS|TAMS 0x000000062b000000, 0x000000062b000000| Complete 
| 116|0x000000062b400000, 0x000000062b800000, 0x000000062b800000|100%| E|CS|TAMS 0x000000062b400000, 0x000000062b400000| Complete 
| 117|0x000000062b800000, 0x000000062bc00000, 0x000000062bc00000|100%| E|CS|TAMS 0x000000062b800000, 0x000000062b800000| Complete 
| 118|0x000000062bc00000, 0x000000062c000000, 0x000000062c000000|100%| E|CS|TAMS 0x000000062bc00000, 0x000000062bc00000| Complete 
| 119|0x000000062c000000, 0x000000062c400000, 0x000000062c400000|100%| E|CS|TAMS 0x000000062c000000, 0x000000062c000000| Complete 
| 120|0x000000062c400000, 0x000000062c800000, 0x000000062c800000|100%| E|CS|TAMS 0x000000062c400000, 0x000000062c400000| Complete 
| 121|0x000000062c800000, 0x000000062cc00000, 0x000000062cc00000|100%| E|CS|TAMS 0x000000062c800000, 0x000000062c800000| Complete 
| 122|0x000000062cc00000, 0x000000062d000000, 0x000000062d000000|100%| E|CS|TAMS 0x000000062cc00000, 0x000000062cc00000| Complete 
| 123|0x000000062d000000, 0x000000062d400000, 0x000000062d400000|100%| E|CS|TAMS 0x000000062d000000, 0x000000062d000000| Complete 
| 124|0x000000062d400000, 0x000000062d800000, 0x000000062d800000|100%| E|CS|TAMS 0x000000062d400000, 0x000000062d400000| Complete 

Card table byte_map: [0x0000025273770000,0x0000025274700000] _byte_map_base: 0x00000252706fe000

Marking Bits (Prev, Next): (CMBitMap*) 0x000002525b804b70, (CMBitMap*) 0x000002525b804bb0
 Prev Bits: [0x0000025275690000, 0x000002527d300000)
 Next Bits: [0x0000025200000000, 0x0000025207c70000)

Polling page: 0x0000025259b10000

Metaspace:

Usage:
  Non-class:      8.17 MB used.
      Class:    869.56 KB used.
       Both:      9.02 MB used.

Virtual space:
  Non-class space:       64.00 MB reserved,       8.31 MB ( 13%) committed,  1 nodes.
      Class space:        1.00 GB reserved,     960.00 KB ( <1%) committed,  1 nodes.
             Both:        1.06 GB reserved,       9.25 MB ( <1%) committed. 

Chunk freelists:
   Non-Class:  7.00 MB
       Class:  15.11 MB
        Both:  22.11 MB

MaxMetaspaceSize: unlimited
CompressedClassSpaceSize: 1.00 GB
Initial GC threshold: 21.00 MB
Current GC threshold: 21.00 MB
CDS: on
MetaspaceReclaimPolicy: balanced
 - commit_granule_bytes: 65536.
 - commit_granule_words: 8192.
 - virtual_space_node_default_size: 8388608.
 - enlarge_chunks_in_place: 1.
 - new_chunks_are_fully_committed: 0.
 - uncommit_free_chunks: 1.
 - use_allocation_guard: 0.
 - handle_deallocations: 1.


Internal statistics:

num_allocs_failed_limit: 0.
num_arena_births: 138.
num_arena_deaths: 0.
num_vsnodes_births: 2.
num_vsnodes_deaths: 0.
num_space_committed: 148.
num_space_uncommitted: 0.
num_chunks_returned_to_freelist: 0.
num_chunks_taken_from_freelist: 191.
num_chunk_merges: 0.
num_chunk_splits: 121.
num_chunks_enlarged: 71.
num_inconsistent_stats: 0.

CodeHeap 'non-profiled nmethods': size=120000Kb used=2810Kb max_used=2810Kb free=117189Kb
 bounds [0x000002526ad60000, 0x000002526b020000, 0x0000025272290000]
CodeHeap 'profiled nmethods': size=120000Kb used=3585Kb max_used=4868Kb free=116414Kb
 bounds [0x0000025263290000, 0x0000025263760000, 0x000002526a7c0000]
CodeHeap 'non-nmethods': size=5760Kb used=1368Kb max_used=1439Kb free=4391Kb
 bounds [0x000002526a7c0000, 0x000002526aa30000, 0x000002526ad60000]
 total_blobs=2961 nmethods=2351 adapters=522
 compilation: enabled
              stopped_count=0, restarted_count=0
 full_count=0

Compilation events (20 events):
Event: 1622.395 Thread 0x000002520d923e70 nmethod 2786 0x000002526b00d310 code [0x000002526b00d760, 0x000002526b0121d8]
Event: 1622.395 Thread 0x000002520d923e70 2857       4       java.awt.Rectangle::intersection (180 bytes)
Event: 1622.395 Thread 0x000002527d4fcd40 2858       4       java.awt.image.DirectColorModel::<init> (37 bytes)
Event: 1622.395 Thread 0x000002520d9f33e0 2859       4       sun.java2d.d3d.D3DGraphicsConfig::getColorModel (95 bytes)
Event: 1622.397 Thread 0x000002520d923e70 nmethod 2857 0x000002526b014b90 code [0x000002526b014d20, 0x000002526b014f78]
Event: 1622.397 Thread 0x000002520d923e70 2863 %     4       com.sun.imageio.plugins.gif.GIFImageReader::initializeStringTable @ 53 (79 bytes)
Event: 1622.403 Thread 0x000002520d923e70 nmethod 2863% 0x000002526b015110 code [0x000002526b0152c0, 0x000002526b015718]
Event: 1622.403 Thread 0x000002520d923e70 2864       4       sun.java2d.SunGraphics2D::setComposite (224 bytes)
Event: 1622.404 Thread 0x000002527d4fe520 2865       3       java.security.AccessController::getContext (23 bytes)
Event: 1622.405 Thread 0x000002527d4fe520 nmethod 2865 0x00000252632a9d90 code [0x00000252632a9f60, 0x00000252632aa258]
Event: 1622.405 Thread 0x000002527d4fe520 2867       3       java.util.EventObject::<init> (24 bytes)
Event: 1622.405 Thread 0x000002527d4fe520 nmethod 2867 0x00000252632a9790 code [0x00000252632a9940, 0x00000252632a9c28]
Event: 1622.409 Thread 0x000002520d923e70 nmethod 2864 0x000002526b015d10 code [0x000002526b015ee0, 0x000002526b016898]
Event: 1622.409 Thread 0x000002520d923e70 2860       4       sun.java2d.pipe.DrawImage::blitSurfaceData (258 bytes)
Event: 1622.413 Thread 0x000002527d4fe520 2870       3       java.awt.KeyboardFocusManager::getCurrentKeyboardFocusManager (7 bytes)
Event: 1622.413 Thread 0x000002527d4fe520 nmethod 2870 0x000002526339a810 code [0x000002526339aa00, 0x000002526339aed8]
Event: 1622.413 Thread 0x000002527d4fe520 2871  s    3       java.awt.KeyboardFocusManager::getCurrentKeyboardFocusManager (32 bytes)
Event: 1622.413 Thread 0x000002527d4fe520 nmethod 2871 0x000002526339a110 code [0x000002526339a2e0, 0x000002526339a6e8]
Event: 1622.429 Thread 0x000002520d923e70 nmethod 2860 0x000002526b016c10 code [0x000002526b016e20, 0x000002526b0182f0]
Event: 1622.430 Thread 0x000002520d923e70 2861       4       sun.java2d.SunGraphics2D::<init> (154 bytes)

GC Heap History (20 events):
Event: 1524.702 GC heap before
{Heap before GC invocations=365 (full 0):
 garbage-first heap   total 512000K, used 308990K [0x000000060e400000, 0x0000000800000000)
  region size 4096K, 75 young (307200K), 1 survivors (4096K)
 Metaspace       used 8926K, committed 9088K, reserved 1114112K
  class space    used 846K, committed 960K, reserved 1048576K
}
Event: 1524.702 GC heap after
{Heap after GC invocations=366 (full 0):
 garbage-first heap   total 512000K, used 5888K [0x000000060e400000, 0x0000000800000000)
  region size 4096K, 1 young (4096K), 1 survivors (4096K)
 Metaspace       used 8926K, committed 9088K, reserved 1114112K
  class space    used 846K, committed 960K, reserved 1048576K
}
Event: 1539.362 GC heap before
{Heap before GC invocations=366 (full 0):
 garbage-first heap   total 512000K, used 308992K [0x000000060e400000, 0x0000000800000000)
  region size 4096K, 75 young (307200K), 1 survivors (4096K)
 Metaspace       used 8926K, committed 9088K, reserved 1114112K
  class space    used 846K, committed 960K, reserved 1048576K
}
Event: 1539.362 GC heap after
{Heap after GC invocations=367 (full 0):
 garbage-first heap   total 512000K, used 5877K [0x000000060e400000, 0x0000000800000000)
  region size 4096K, 1 young (4096K), 1 survivors (4096K)
 Metaspace       used 8926K, committed 9088K, reserved 1114112K
  class space    used 846K, committed 960K, reserved 1048576K
}
Event: 1540.517 GC heap before
{Heap before GC invocations=367 (full 0):
 garbage-first heap   total 512000K, used 308981K [0x000000060e400000, 0x0000000800000000)
  region size 4096K, 75 young (307200K), 1 survivors (4096K)
 Metaspace       used 8926K, committed 9088K, reserved 1114112K
  class space    used 846K, committed 960K, reserved 1048576K
}
Event: 1540.517 GC heap after
{Heap after GC invocations=368 (full 0):
 garbage-first heap   total 512000K, used 5917K [0x000000060e400000, 0x0000000800000000)
  region size 4096K, 1 young (4096K), 1 survivors (4096K)
 Metaspace       used 8926K, committed 9088K, reserved 1114112K
  class space    used 846K, committed 960K, reserved 1048576K
}
Event: 1555.948 GC heap before
{Heap before GC invocations=368 (full 0):
 garbage-first heap   total 512000K, used 309021K [0x000000060e400000, 0x0000000800000000)
  region size 4096K, 75 young (307200K), 1 survivors (4096K)
 Metaspace       used 8926K, committed 9088K, reserved 1114112K
  class space    used 846K, committed 960K, reserved 1048576K
}
Event: 1555.948 GC heap after
{Heap after GC invocations=369 (full 0):
 garbage-first heap   total 512000K, used 5901K [0x000000060e400000, 0x0000000800000000)
  region size 4096K, 1 young (4096K), 1 survivors (4096K)
 Metaspace       used 8926K, committed 9088K, reserved 1114112K
  class space    used 846K, committed 960K, reserved 1048576K
}
Event: 1556.995 GC heap before
{Heap before GC invocations=369 (full 0):
 garbage-first heap   total 512000K, used 309005K [0x000000060e400000, 0x0000000800000000)
  region size 4096K, 75 young (307200K), 1 survivors (4096K)
 Metaspace       used 8926K, committed 9088K, reserved 1114112K
  class space    used 846K, committed 960K, reserved 1048576K
}
Event: 1556.995 GC heap after
{Heap after GC invocations=370 (full 0):
 garbage-first heap   total 512000K, used 5916K [0x000000060e400000, 0x0000000800000000)
  region size 4096K, 1 young (4096K), 1 survivors (4096K)
 Metaspace       used 8926K, committed 9088K, reserved 1114112K
  class space    used 846K, committed 960K, reserved 1048576K
}
Event: 1571.748 GC heap before
{Heap before GC invocations=370 (full 0):
 garbage-first heap   total 512000K, used 309020K [0x000000060e400000, 0x0000000800000000)
  region size 4096K, 75 young (307200K), 1 survivors (4096K)
 Metaspace       used 8926K, committed 9088K, reserved 1114112K
  class space    used 846K, committed 960K, reserved 1048576K
}
Event: 1571.749 GC heap after
{Heap after GC invocations=371 (full 0):
 garbage-first heap   total 512000K, used 5909K [0x000000060e400000, 0x0000000800000000)
  region size 4096K, 1 young (4096K), 1 survivors (4096K)
 Metaspace       used 8926K, committed 9088K, reserved 1114112K
  class space    used 846K, committed 960K, reserved 1048576K
}
Event: 1572.801 GC heap before
{Heap before GC invocations=371 (full 0):
 garbage-first heap   total 512000K, used 309013K [0x000000060e400000, 0x0000000800000000)
  region size 4096K, 75 young (307200K), 1 survivors (4096K)
 Metaspace       used 8926K, committed 9088K, reserved 1114112K
  class space    used 846K, committed 960K, reserved 1048576K
}
Event: 1572.801 GC heap after
{Heap after GC invocations=372 (full 0):
 garbage-first heap   total 512000K, used 5895K [0x000000060e400000, 0x0000000800000000)
  region size 4096K, 1 young (4096K), 1 survivors (4096K)
 Metaspace       used 8926K, committed 9088K, reserved 1114112K
  class space    used 846K, committed 960K, reserved 1048576K
}
Event: 1588.622 GC heap before
{Heap before GC invocations=372 (full 0):
 garbage-first heap   total 512000K, used 308999K [0x000000060e400000, 0x0000000800000000)
  region size 4096K, 75 young (307200K), 1 survivors (4096K)
 Metaspace       used 8926K, committed 9088K, reserved 1114112K
  class space    used 846K, committed 960K, reserved 1048576K
}
Event: 1588.622 GC heap after
{Heap after GC invocations=373 (full 0):
 garbage-first heap   total 512000K, used 5922K [0x000000060e400000, 0x0000000800000000)
  region size 4096K, 1 young (4096K), 1 survivors (4096K)
 Metaspace       used 8926K, committed 9088K, reserved 1114112K
  class space    used 846K, committed 960K, reserved 1048576K
}
Event: 1593.357 GC heap before
{Heap before GC invocations=373 (full 0):
 garbage-first heap   total 512000K, used 309026K [0x000000060e400000, 0x0000000800000000)
  region size 4096K, 75 young (307200K), 1 survivors (4096K)
 Metaspace       used 8926K, committed 9088K, reserved 1114112K
  class space    used 846K, committed 960K, reserved 1048576K
}
Event: 1593.358 GC heap after
{Heap after GC invocations=374 (full 0):
 garbage-first heap   total 512000K, used 5896K [0x000000060e400000, 0x0000000800000000)
  region size 4096K, 1 young (4096K), 1 survivors (4096K)
 Metaspace       used 8926K, committed 9088K, reserved 1114112K
  class space    used 846K, committed 960K, reserved 1048576K
}
Event: 1595.446 GC heap before
{Heap before GC invocations=374 (full 0):
 garbage-first heap   total 512000K, used 309000K [0x000000060e400000, 0x0000000800000000)
  region size 4096K, 75 young (307200K), 1 survivors (4096K)
 Metaspace       used 8926K, committed 9088K, reserved 1114112K
  class space    used 846K, committed 960K, reserved 1048576K
}
Event: 1595.447 GC heap after
{Heap after GC invocations=375 (full 0):
 garbage-first heap   total 512000K, used 5895K [0x000000060e400000, 0x0000000800000000)
  region size 4096K, 1 young (4096K), 1 survivors (4096K)
 Metaspace       used 8926K, committed 9088K, reserved 1114112K
  class space    used 846K, committed 960K, reserved 1048576K
}

Dll operation events (11 events):
Event: 0.005 Loaded shared library C:\Users\WARDESKTOP\.jdks\corretto-17.0.7\bin\java.dll
Event: 0.006 Loaded shared library C:\Users\WARDESKTOP\.jdks\corretto-17.0.7\bin\zip.dll
Event: 0.011 Loaded shared library C:\Users\WARDESKTOP\.jdks\corretto-17.0.7\bin\jsvml.dll
Event: 0.047 Loaded shared library C:\Users\WARDESKTOP\.jdks\corretto-17.0.7\bin\instrument.dll
Event: 0.058 Loaded shared library C:\Users\WARDESKTOP\.jdks\corretto-17.0.7\bin\net.dll
Event: 0.059 Loaded shared library C:\Users\WARDESKTOP\.jdks\corretto-17.0.7\bin\nio.dll
Event: 17.799 Loaded shared library C:\Users\WARDESKTOP\.jdks\corretto-17.0.7\bin\jimage.dll
Event: 23.341 Loaded shared library C:\Users\WARDESKTOP\.jdks\corretto-17.0.7\bin\zip.dll
Event: 23.350 Loaded shared library C:\Users\WARDESKTOP\.jdks\corretto-17.0.7\bin\awt.dll
Event: 23.553 Loaded shared library C:\Users\WARDESKTOP\.jdks\corretto-17.0.7\bin\freetype.dll
Event: 23.554 Loaded shared library C:\Users\WARDESKTOP\.jdks\corretto-17.0.7\bin\fontmanager.dll

Deoptimization events (20 events):
Event: 1622.244 Thread 0x000002520822bc10 Uncommon trap: trap_request=0xffffffde fr.pc=0x000002526aef4a6c relative=0x000000000000022c
Event: 1622.244 Thread 0x000002520822bc10 Uncommon trap: reason=class_check action=maybe_recompile pc=0x000002526aef4a6c method=sun.java2d.pipe.BufferedContext.setSurfaces(Lsun/java2d/pipe/hw/AccelSurface;Lsun/java2d/pipe/hw/AccelSurface;)V @ 25 c2
Event: 1622.244 Thread 0x000002520822bc10 DEOPT PACKING pc=0x000002526aef4a6c sp=0x000000e0843fe380
Event: 1622.244 Thread 0x000002520822bc10 DEOPT UNPACKING pc=0x000002526a81a1a3 sp=0x000000e0843fe348 mode 2
Event: 1622.246 Thread 0x00000252086b8b00 Uncommon trap: trap_request=0xffffffde fr.pc=0x000002526afd43bc relative=0x000000000000099c
Event: 1622.246 Thread 0x00000252086b8b00 Uncommon trap: reason=class_check action=maybe_recompile pc=0x000002526afd43bc method=sun.java2d.d3d.D3DRenderer.validateContext(Lsun/java2d/SunGraphics2D;)V @ 23 c2
Event: 1622.246 Thread 0x00000252086b8b00 DEOPT PACKING pc=0x000002526afd43bc sp=0x000000e0855fdff0
Event: 1622.246 Thread 0x00000252086b8b00 DEOPT UNPACKING pc=0x000002526a81a1a3 sp=0x000000e0855fdf18 mode 2
Event: 1622.246 Thread 0x00000252086b8b00 Uncommon trap: trap_request=0xffffffde fr.pc=0x000002526aef4a6c relative=0x000000000000022c
Event: 1622.246 Thread 0x00000252086b8b00 Uncommon trap: reason=class_check action=maybe_recompile pc=0x000002526aef4a6c method=sun.java2d.pipe.BufferedContext.setSurfaces(Lsun/java2d/pipe/hw/AccelSurface;Lsun/java2d/pipe/hw/AccelSurface;)V @ 25 c2
Event: 1622.246 Thread 0x00000252086b8b00 DEOPT PACKING pc=0x000002526aef4a6c sp=0x000000e0855fdd00
Event: 1622.246 Thread 0x00000252086b8b00 DEOPT UNPACKING pc=0x000002526a81a1a3 sp=0x000000e0855fdcc8 mode 2
Event: 1622.246 Thread 0x00000252086b8b00 Uncommon trap: trap_request=0xffffff45 fr.pc=0x000002526af53370 relative=0x0000000000000130
Event: 1622.246 Thread 0x00000252086b8b00 Uncommon trap: reason=unstable_if action=reinterpret pc=0x000002526af53370 method=java.awt.geom.AffineTransform.translate(DD)V @ 4 c2
Event: 1622.246 Thread 0x00000252086b8b00 DEOPT PACKING pc=0x000002526af53370 sp=0x000000e0855fdf80
Event: 1622.246 Thread 0x00000252086b8b00 DEOPT UNPACKING pc=0x000002526a81a1a3 sp=0x000000e0855fdf30 mode 2
Event: 1622.252 Thread 0x000002520822c5b0 DEOPT PACKING pc=0x000002526346baaf sp=0x000000e0844fe610
Event: 1622.252 Thread 0x000002520822c5b0 DEOPT UNPACKING pc=0x000002526a81ace3 sp=0x000000e0844fdba8 mode 0
Event: 1622.393 Thread 0x0000025208228500 DEOPT PACKING pc=0x000002526346baaf sp=0x000000e0840fe790
Event: 1622.393 Thread 0x0000025208228500 DEOPT UNPACKING pc=0x000002526a81ace3 sp=0x000000e0840fdd28 mode 0

Classes unloaded (0 events):
No events

Classes redefined (0 events):
No events

Internal exceptions (20 events):
Event: 0.063 Thread 0x0000025207ef71f0 Exception <a 'java/lang/NoSuchMethodError'{0x000000062d7c1620}: 'void java.lang.invoke.DirectMethodHandle$Holder.invokeStatic(java.lang.Object, java.lang.Object)'> (0x000000062d7c1620) 
thrown [s\src\hotspot\share\interpreter\linkResolver.cpp, line 759]
Event: 17.755 Thread 0x0000025207ef71f0 Exception <a 'java/lang/NoSuchMethodError'{0x000000062d7cd248}: 'void java.lang.invoke.DirectMethodHandle$Holder.invokeSpecial(java.lang.Object, java.lang.Object, java.lang.Object)'> (0x000000062d7cd248) 
thrown [s\src\hotspot\share\interpreter\linkResolver.cpp, line 759]
Event: 17.830 Thread 0x0000025207e5aaa0 Exception <a 'java/lang/NoSuchMethodError'{0x000000062d37f8a8}: 'void java.lang.invoke.DirectMethodHandle$Holder.invokeInterface(java.lang.Object, java.lang.Object, int)'> (0x000000062d37f8a8) 
thrown [s\src\hotspot\share\interpreter\linkResolver.cpp, line 759]
Event: 17.830 Thread 0x0000025207da2fd0 Exception <a 'java/lang/NoSuchMethodError'{0x000000062d2e9040}: 'void java.lang.invoke.DirectMethodHandle$Holder.invokeInterface(java.lang.Object, java.lang.Object, int)'> (0x000000062d2e9040) 
thrown [s\src\hotspot\share\interpreter\linkResolver.cpp, line 759]
Event: 17.830 Thread 0x0000025207e5aaa0 Exception <a 'java/lang/IncompatibleClassChangeError'{0x000000062d3831a0}: Found class java.lang.Object, but interface was expected> (0x000000062d3831a0) 
thrown [s\src\hotspot\share\interpreter\linkResolver.cpp, line 826]
Event: 17.830 Thread 0x0000025207da2fd0 Exception <a 'java/lang/IncompatibleClassChangeError'{0x000000062d3e2f70}: Found class java.lang.Object, but interface was expected> (0x000000062d3e2f70) 
thrown [s\src\hotspot\share\interpreter\linkResolver.cpp, line 826]
Event: 23.331 Thread 0x000002520822e290 Implicit null exception at 0x000002526add6ae4 to 0x000002526add6bd4
Event: 23.344 Thread 0x000002520822e290 Exception <a 'java/lang/ClassNotFoundException'{0x00000006282afa60}: sun/awt/resources/spi/awtProvider> (0x00000006282afa60) 
thrown [s\src\hotspot\share\classfile\systemDictionary.cpp, line 256]
Event: 23.355 Thread 0x000002520822e290 Exception <a 'java/io/FileNotFoundException'{0x0000000628312b80}> (0x0000000628312b80) 
thrown [s\src\hotspot\share\prims\jni.cpp, line 516]
Event: 23.358 Thread 0x000002520822e290 Exception <a 'java/io/FileNotFoundException'{0x0000000627c09728}> (0x0000000627c09728) 
thrown [s\src\hotspot\share\prims\jni.cpp, line 516]
Event: 23.511 Thread 0x000002520822e290 Exception <a 'java/lang/NoSuchMethodError'{0x0000000627e7d8e0}: 'java.lang.Object java.lang.invoke.DirectMethodHandle$Holder.newInvokeSpecial(java.lang.Object, java.lang.Object, java.lang.Object, java.lang.Object, java.lang.Object)'> (0x0000000627e7d8e0) 
thrown [s\src\hotspot\share\interpreter\linkResolver.cpp, line 759]
Event: 23.512 Thread 0x000002520822e290 Exception <a 'java/lang/NoSuchMethodError'{0x0000000627e892a8}: 'java.lang.Object java.lang.invoke.DirectMethodHandle$Holder.invokeStatic(java.lang.Object, int, java.lang.Object, java.lang.Object, java.lang.Object, java.lang.Object)'> (0x0000000627e892a8) 
thrown [s\src\hotspot\share\interpreter\linkResolver.cpp, line 759]
Event: 23.515 Thread 0x000002520822e290 Exception <a 'java/lang/NoSuchMethodError'{0x0000000627eaf098}: 'java.lang.Object java.lang.invoke.DirectMethodHandle$Holder.invokeStatic(java.lang.Object, int, java.lang.Object)'> (0x0000000627eaf098) 
thrown [s\src\hotspot\share\interpreter\linkResolver.cpp, line 759]
Event: 23.530 Thread 0x000002520822e290 Exception <a 'java/lang/ClassNotFoundException'{0x0000000627f79b68}: com/sun/swing/internal/plaf/metal/resources/spi/metalProvider> (0x0000000627f79b68) 
thrown [s\src\hotspot\share\classfile\systemDictionary.cpp, line 256]
Event: 23.531 Thread 0x000002520822e290 Exception <a 'java/lang/ClassNotFoundException'{0x0000000627f80410}: com/sun/swing/internal/plaf/basic/resources/spi/basicProvider> (0x0000000627f80410) 
thrown [s\src\hotspot\share\classfile\systemDictionary.cpp, line 256]
Event: 23.533 Thread 0x000002520822e290 Implicit null exception at 0x000002526ad75058 to 0x000002526ad750ee
Event: 23.535 Thread 0x000002520822e290 Implicit null exception at 0x000002526ae4529f to 0x000002526ae45778
Event: 23.535 Thread 0x000002520822e290 Implicit null exception at 0x000002526add0c95 to 0x000002526add1128
Event: 23.541 Thread 0x00000252086b6e20 Exception <a 'java/lang/NoSuchMethodError'{0x0000000627d48ca8}: 'void java.lang.invoke.DirectMethodHandle$Holder.invokeVirtual(java.lang.Object, java.lang.Object)'> (0x0000000627d48ca8) 
thrown [s\src\hotspot\share\interpreter\linkResolver.cpp, line 759]
Event: 23.551 Thread 0x000002520822e290 Exception <a 'java/lang/NoSuchMethodError'{0x00000006278a6b50}: 'void java.lang.invoke.DirectMethodHandle$Holder.invokeStaticInit(java.lang.Object)'> (0x00000006278a6b50) 
thrown [s\src\hotspot\share\interpreter\linkResolver.cpp, line 759]

VM Operations (20 events):
Event: 1539.362 Executing VM operation: G1CollectForAllocation done
Event: 1540.516 Executing VM operation: G1CollectForAllocation
Event: 1540.517 Executing VM operation: G1CollectForAllocation done
Event: 1555.948 Executing VM operation: G1CollectForAllocation
Event: 1555.949 Executing VM operation: G1CollectForAllocation done
Event: 1556.995 Executing VM operation: G1CollectForAllocation
Event: 1556.995 Executing VM operation: G1CollectForAllocation done
Event: 1571.748 Executing VM operation: G1CollectForAllocation
Event: 1571.749 Executing VM operation: G1CollectForAllocation done
Event: 1572.801 Executing VM operation: G1CollectForAllocation
Event: 1572.801 Executing VM operation: G1CollectForAllocation done
Event: 1588.622 Executing VM operation: G1CollectForAllocation
Event: 1588.622 Executing VM operation: G1CollectForAllocation done
Event: 1593.357 Executing VM operation: G1CollectForAllocation
Event: 1593.358 Executing VM operation: G1CollectForAllocation done
Event: 1595.446 Executing VM operation: G1CollectForAllocation
Event: 1595.447 Executing VM operation: G1CollectForAllocation done
Event: 1610.596 Executing VM operation: Cleanup
Event: 1610.597 Executing VM operation: Cleanup done
Event: 1622.711 Executing VM operation: Cleanup

Events (20 events):
Event: 1609.749 loading class java/awt/im/spi/InputMethod done
Event: 1609.749 loading class sun/awt/im/InputMethodAdapter done
Event: 1609.749 loading class sun/awt/windows/WInputMethod done
Event: 1609.750 loading class java/awt/LightweightDispatcher$2
Event: 1609.750 loading class java/awt/LightweightDispatcher$2 done
Event: 1609.750 loading class java/awt/event/AWTEventListenerProxy
Event: 1609.750 loading class java/awt/event/AWTEventListenerProxy done
Event: 1609.750 loading class java/awt/Toolkit$ToolkitEventMulticaster
Event: 1609.750 loading class java/awt/Toolkit$ToolkitEventMulticaster done
Event: 1610.783 loading class sun/awt/AppContext$PostShutdownEventRunnable
Event: 1610.784 loading class sun/awt/AppContext$PostShutdownEventRunnable done
Event: 1610.784 loading class sun/awt/AWTAutoShutdown$1
Event: 1610.784 loading class sun/awt/AWTAutoShutdown$1 done
Event: 1610.784 Thread 0x00000252086b72f0 Thread exited: 0x00000252086b72f0
Event: 1610.784 Thread 0x00000252086b7c90 Thread exited: 0x00000252086b7c90
Event: 1622.090 Thread 0x00000252086b72f0 Thread added: 0x00000252086b72f0
Event: 1622.092 Thread 0x00000252086b7c90 Thread added: 0x00000252086b7c90
Event: 1622.094 Thread 0x00000252086b8b00 Thread added: 0x00000252086b8b00
Event: 1622.122 Thread 0x000002520d923e70 Thread added: 0x000002520d923e70
Event: 1622.128 Thread 0x000002520d9f33e0 Thread added: 0x000002520d9f33e0


Dynamic libraries:
0x00007ff64da30000 - 0x00007ff64da3d000 	C:\Users\WARDESKTOP\.jdks\corretto-17.0.7\bin\java.exe
0x00007ffc087c0000 - 0x00007ffc08a28000 	C:\WINDOWS\SYSTEM32\ntdll.dll
0x00007ffc07350000 - 0x00007ffc07419000 	C:\WINDOWS\System32\KERNEL32.DLL
0x00007ffc05f40000 - 0x00007ffc0632d000 	C:\WINDOWS\System32\KERNELBASE.dll
0x00007ffc05910000 - 0x00007ffc05a5b000 	C:\WINDOWS\System32\ucrtbase.dll
0x00007ffc00300000 - 0x00007ffc00317000 	C:\Users\WARDESKTOP\.jdks\corretto-17.0.7\bin\jli.dll
0x00007ffc00810000 - 0x00007ffc00825000 	C:\Users\WARDESKTOP\.jdks\corretto-17.0.7\bin\VCRUNTIME140.dll
0x00007ffc07420000 - 0x00007ffc075ec000 	C:\WINDOWS\System32\USER32.dll
0x00007ffc06330000 - 0x00007ffc06357000 	C:\WINDOWS\System32\win32u.dll
0x00007ffbee8b0000 - 0x00007ffbeeb4a000 	C:\WINDOWS\WinSxS\amd64_microsoft.windows.common-controls_6595b64144ccf1df_6.0.26100.4484_none_3e0e6d4ce32ef3b3\COMCTL32.dll
0x00007ffc08050000 - 0x00007ffc0807b000 	C:\WINDOWS\System32\GDI32.dll
0x00007ffc080c0000 - 0x00007ffc08169000 	C:\WINDOWS\System32\msvcrt.dll
0x00007ffc05c80000 - 0x00007ffc05db7000 	C:\WINDOWS\System32\gdi32full.dll
0x00007ffc06360000 - 0x00007ffc06403000 	C:\WINDOWS\System32\msvcp_win.dll
0x00007ffc08080000 - 0x00007ffc080af000 	C:\WINDOWS\System32\IMM32.DLL
0x00007ffbec730000 - 0x00007ffbec7cb000 	C:\Users\WARDESKTOP\.jdks\corretto-17.0.7\bin\msvcp140.dll
0x00007ffbb13e0000 - 0x00007ffbb1ffa000 	C:\Users\WARDESKTOP\.jdks\corretto-17.0.7\bin\server\jvm.dll
0x00007ffc071a0000 - 0x00007ffc07254000 	C:\WINDOWS\System32\ADVAPI32.dll
0x00007ffc07660000 - 0x00007ffc07706000 	C:\WINDOWS\System32\sechost.dll
0x00007ffc077e0000 - 0x00007ffc078f8000 	C:\WINDOWS\System32\RPCRT4.dll
0x00007ffbf6e20000 - 0x00007ffbf6e55000 	C:\WINDOWS\SYSTEM32\WINMM.dll
0x00007ffbe5050000 - 0x00007ffbe505a000 	C:\WINDOWS\SYSTEM32\WSOCK32.dll
0x00007ffbfc7a0000 - 0x00007ffbfc7ab000 	C:\WINDOWS\SYSTEM32\VERSION.dll
0x00007ffc06700000 - 0x00007ffc06774000 	C:\WINDOWS\System32\WS2_32.dll
0x00007ffc04670000 - 0x00007ffc0468b000 	C:\WINDOWS\SYSTEM32\kernel.appcore.dll
0x00007ffc00800000 - 0x00007ffc0080a000 	C:\Users\WARDESKTOP\.jdks\corretto-17.0.7\bin\jimage.dll
0x00007ffbfbc40000 - 0x00007ffbfbe81000 	C:\WINDOWS\SYSTEM32\DBGHELP.DLL
0x00007ffc06ae0000 - 0x00007ffc06e66000 	C:\WINDOWS\System32\combase.dll
0x00007ffc07260000 - 0x00007ffc07340000 	C:\WINDOWS\System32\OLEAUT32.dll
0x00007ffbee5c0000 - 0x00007ffbee603000 	C:\WINDOWS\SYSTEM32\dbgcore.DLL
0x00007ffc05be0000 - 0x00007ffc05c79000 	C:\WINDOWS\System32\bcryptPrimitives.dll
0x00007ffc00290000 - 0x00007ffc002c9000 	C:\Users\WARDESKTOP\.jdks\corretto-17.0.7\bin\jdwp.dll
0x00007ffc00280000 - 0x00007ffc0028e000 	C:\Users\WARDESKTOP\.jdks\corretto-17.0.7\bin\instrument.dll
0x00007ffc002d0000 - 0x00007ffc002f5000 	C:\Users\WARDESKTOP\.jdks\corretto-17.0.7\bin\java.dll
0x00007ffc001f0000 - 0x00007ffc00208000 	C:\Users\WARDESKTOP\.jdks\corretto-17.0.7\bin\zip.dll
0x00007ffbec650000 - 0x00007ffbec726000 	C:\Users\WARDESKTOP\.jdks\corretto-17.0.7\bin\jsvml.dll
0x00007ffc07900000 - 0x00007ffc0804a000 	C:\WINDOWS\System32\SHELL32.dll
0x00007ffc05a60000 - 0x00007ffc05bd4000 	C:\WINDOWS\System32\wintypes.dll
0x00007ffc03530000 - 0x00007ffc03d8b000 	C:\WINDOWS\SYSTEM32\windows.storage.dll
0x00007ffc069e0000 - 0x00007ffc06ad5000 	C:\WINDOWS\System32\SHCORE.dll
0x00007ffc075f0000 - 0x00007ffc0765a000 	C:\WINDOWS\System32\shlwapi.dll
0x00007ffc057f0000 - 0x00007ffc0581f000 	C:\WINDOWS\SYSTEM32\profapi.dll
0x00007ffc00270000 - 0x00007ffc0027c000 	C:\Users\WARDESKTOP\.jdks\corretto-17.0.7\bin\dt_socket.dll
0x00007ffc040d0000 - 0x00007ffc04103000 	C:\WINDOWS\SYSTEM32\IPHLPAPI.DLL
0x00007ffc04be0000 - 0x00007ffc04c4a000 	C:\WINDOWS\system32\mswsock.dll
0x00007ffbef400000 - 0x00007ffbef419000 	C:\Users\WARDESKTOP\.jdks\corretto-17.0.7\bin\net.dll
0x00007ffbfe450000 - 0x00007ffbfe56e000 	C:\WINDOWS\SYSTEM32\WINHTTP.dll
0x00007ffbeb690000 - 0x00007ffbeb6a5000 	C:\Users\WARDESKTOP\.jdks\corretto-17.0.7\bin\nio.dll
0x00007ffa54a90000 - 0x00007ffa54c39000 	C:\Users\WARDESKTOP\.jdks\corretto-17.0.7\bin\awt.dll
0x00007ffc02900000 - 0x00007ffc0299e000 	C:\WINDOWS\SYSTEM32\apphelp.dll
0x00007ffc02e80000 - 0x00007ffc02eb6000 	C:\WINDOWS\system32\DWMAPI.DLL
0x00007ffc02a40000 - 0x00007ffc02aef000 	C:\WINDOWS\system32\uxtheme.dll
0x00007ffb79bb0000 - 0x00007ffb79cc8000 	C:\WINDOWS\system32\opengl32.dll
0x00007ffb7a2a0000 - 0x00007ffb7a2cd000 	C:\WINDOWS\SYSTEM32\GLU32.dll
0x00007ffc02c40000 - 0x00007ffc02c8d000 	C:\WINDOWS\SYSTEM32\dxcore.dll
0x0000000180000000 - 0x0000000183586000 	C:\Program Files (x86)\RivaTuner Statistics Server\RTSSHooks64.dll
0x00007ffc08180000 - 0x00007ffc08606000 	C:\WINDOWS\System32\SETUPAPI.dll
0x00007ffc08610000 - 0x00007ffc08770000 	C:\WINDOWS\System32\MSCTF.dll
0x00007ffc06f40000 - 0x00007ffc070de000 	C:\WINDOWS\System32\ole32.dll
0x00007ffbd5ee0000 - 0x00007ffbd609a000 	C:\WINDOWS\system32\d3d9.dll
0x00007ffbfc7b0000 - 0x00007ffbfc874000 	C:\WINDOWS\System32\DriverStore\FileRepository\nv_dispi.inf_amd64_9425e4c3b1ac1c47\nvldumdx.dll
0x00007ffc05020000 - 0x00007ffc05033000 	C:\WINDOWS\SYSTEM32\msasn1.dll
0x00007ffbfbc00000 - 0x00007ffbfbc3b000 	C:\WINDOWS\SYSTEM32\cryptnet.dll
0x00007ffc05dc0000 - 0x00007ffc05f37000 	C:\WINDOWS\System32\CRYPT32.dll
0x00007ffc04e20000 - 0x00007ffc04e2c000 	C:\WINDOWS\SYSTEM32\cryptbase.dll
0x00007ffc04ec0000 - 0x00007ffc04f2b000 	C:\WINDOWS\SYSTEM32\wldp.dll
0x00007ffbfba00000 - 0x00007ffbfbb7c000 	C:\WINDOWS\SYSTEM32\drvstore.dll
0x00007ffc05520000 - 0x00007ffc0554d000 	C:\WINDOWS\SYSTEM32\devobj.dll
0x00007ffc054c0000 - 0x00007ffc05517000 	C:\WINDOWS\SYSTEM32\cfgmgr32.dll
0x00007ffc06410000 - 0x00007ffc06494000 	C:\WINDOWS\System32\wintrust.dll
0x00007ffc070f0000 - 0x00007ffc07110000 	C:\WINDOWS\System32\imagehlp.dll
0x00007ffc04fc0000 - 0x00007ffc04fdb000 	C:\WINDOWS\SYSTEM32\CRYPTSP.dll
0x00007ffc045d0000 - 0x00007ffc0460b000 	C:\WINDOWS\system32\rsaenh.dll
0x00007ffc05830000 - 0x00007ffc05856000 	C:\WINDOWS\SYSTEM32\bcrypt.dll
0x00007ffbf8530000 - 0x00007ffbfb240000 	C:\WINDOWS\System32\DriverStore\FileRepository\nv_dispi.inf_amd64_9425e4c3b1ac1c47\nvgpucomp64.dll
0x00007ffb93000000 - 0x00007ffb94d8c000 	C:\WINDOWS\System32\DriverStore\FileRepository\nv_dispi.inf_amd64_9425e4c3b1ac1c47\nvd3dumx.dll
0x00007ffc02cb0000 - 0x00007ffc02d14000 	C:\WINDOWS\SYSTEM32\directxdatabasehelper.dll
0x00007ffbd3110000 - 0x00007ffbd3414000 	C:\WINDOWS\system32\nvspcap64.dll
0x00007ffc047a0000 - 0x00007ffc047d6000 	C:\WINDOWS\SYSTEM32\ntmarta.dll
0x00007ffc04c50000 - 0x00007ffc04c77000 	C:\WINDOWS\SYSTEM32\gpapi.dll
0x00007ffbd2fb0000 - 0x00007ffbd3105000 	C:\WINDOWS\System32\DriverStore\FileRepository\nv_dispi.inf_amd64_9425e4c3b1ac1c47\nvppex.dll
0x00007ffa552e0000 - 0x00007ffa55363000 	C:\Users\WARDESKTOP\.jdks\corretto-17.0.7\bin\freetype.dll
0x00007ffa549c0000 - 0x00007ffa54a82000 	C:\Users\WARDESKTOP\.jdks\corretto-17.0.7\bin\fontmanager.dll

dbghelp: loaded successfully - version: 4.0.5 - missing functions: none
symbol engine: initialized successfully - sym options: 0x614 - pdb path: .;C:\Users\WARDESKTOP\.jdks\corretto-17.0.7\bin;C:\WINDOWS\SYSTEM32;C:\WINDOWS\WinSxS\amd64_microsoft.windows.common-controls_6595b64144ccf1df_6.0.26100.4484_none_3e0e6d4ce32ef3b3;C:\Users\WARDESKTOP\.jdks\corretto-17.0.7\bin\server;C:\Program Files (x86)\RivaTuner Statistics Server;C:\WINDOWS\System32\DriverStore\FileRepository\nv_dispi.inf_amd64_9425e4c3b1ac1c47

VM Arguments:
jvm_args: -agentlib:jdwp=transport=dt_socket,address=127.0.0.1:54853,suspend=y,server=n -javaagent:C:\Users\WARDESKTOP\AppData\Local\JetBrains\IdeaIC2023.1\captureAgent\debugger-agent.jar -Dfile.encoding=UTF-8 
java_command: Program
java_class_path (initial): C:\Users\WARDESKTOP\source\repos\Mario-AI-Framework-Private\out\production\Mario-AI-Framework-Private;C:\Users\WARDESKTOP\source\repos\Mario-AI-Framework-Private\deepRL\.venv\share\py4j\py4j0.10.9.7.jar;C:\Program Files\JetBrains\IntelliJ IDEA Community Edition 2023.1.7\lib\idea_rt.jar
Launcher Type: SUN_STANDARD

[Global flags]
     intx CICompilerCount                          = 4                                         {product} {ergonomic}
     uint ConcGCThreads                            = 3                                         {product} {ergonomic}
     uint G1ConcRefinementThreads                  = 10                                        {product} {ergonomic}
   size_t G1HeapRegionSize                         = 4194304                                   {product} {ergonomic}
    uintx GCDrainStackTargetSize                   = 64                                        {product} {ergonomic}
   size_t InitialHeapSize                          = 524288000                                 {product} {ergonomic}
   size_t MarkStackSize                            = 4194304                                   {product} {ergonomic}
   size_t MaxHeapSize                              = 8350859264                                {product} {ergonomic}
   size_t MaxNewSize                               = 5007998976                                {product} {ergonomic}
   size_t MinHeapDeltaBytes                        = 4194304                                   {product} {ergonomic}
   size_t MinHeapSize                              = 8388608                                   {product} {ergonomic}
    uintx NonNMethodCodeHeapSize                   = 5839372                                {pd product} {ergonomic}
    uintx NonProfiledCodeHeapSize                  = 122909434                              {pd product} {ergonomic}
    uintx ProfiledCodeHeapSize                     = 122909434                              {pd product} {ergonomic}
    uintx ReservedCodeCacheSize                    = 251658240                              {pd product} {ergonomic}
     bool SegmentedCodeCache                       = true                                      {product} {ergonomic}
   size_t SoftMaxHeapSize                          = 8350859264                             {manageable} {ergonomic}
     bool UseCompressedClassPointers               = true                           {product lp64_product} {ergonomic}
     bool UseCompressedOops                        = true                           {product lp64_product} {ergonomic}
     bool UseG1GC                                  = true                                      {product} {ergonomic}
     bool UseLargePagesIndividualAllocation        = false                                  {pd product} {ergonomic}

Logging:
Log output configuration:
 #0: stdout all=warning uptime,level,tags
 #1: stderr all=off uptime,level,tags

Environment Variables:
JAVA_HOME=C:\Honeywell\OptimizerSupervisor-N4.12.2.16\jre
CLASSPATH=.;C:\Honeywell\OptimizerSupervisor-N4.12.2.16\jre\lib;C:\Honeywell\OptimizerSupervisor-N4.12.2.16\jre\lib\dt.jar;C:\Honeywell\OptimizerSupervisor-N4.12.2.16\jre\lib\tools.jar;
PATH=C:\Program Files\NVIDIA GPU Computing Toolkit\CUDA\v11.8\bin;C:\Program Files\NVIDIA GPU Computing Toolkit\CUDA\v11.8\libnvvp;C:\Program Files\Common Files\Oracle\Java\javapath;C:\Program Files (x86)\Common Files\Oracle\Java\javapath;C:\Windows\system32;C:\Windows;C:\Windows\System32\Wbem;C:\Windows\System32\WindowsPowerShell\v1.0\;C:\Windows\System32\OpenSSH\;C:\Program Files (x86)\NVIDIA Corporation\PhysX\Common;C:\Program Files\Microsoft SQL Server\Client SDK\ODBC\170\Tools\Binn\;C:\WINDOWS\system32;C:\WINDOWS;C:\WINDOWS\System32\Wbem;C:\WINDOWS\System32\WindowsPowerShell\v1.0\;C:\WINDOWS\System32\OpenSSH\;C:\Program Files\dotnet\;C:\Program Files\Git\cmd;C:\vcpkg;C:\vcpkg\installed\x64-windows\tools\drogon;C:\Program Files\Git LFS;C:\ffmpeg\bin;C:\Program Files (x86)\dotnet\;C:\WINDOWS\system32;C:\WINDOWS;C:\WINDOWS\System32\Wbem;C:\WINDOWS\System32\WindowsPowerShell\v1.0\;C:\WINDOWS\System32\OpenSSH\;C:\Program Files\NVIDIA Corporation\Nsight Compute 2022.3.0\;C:\Program Files (x86)\Intel\Intel(R) Management Engine Components\DAL;C:\Program Files\Intel\Intel(R) Management Engine Components\DAL;C:\Program Files (x86)\Windows Kits\10\Windows Performance Toolkit\;C:\Program Files\nodejs\;C:\Program Files\Microsoft SQL Server\150\Tools\Binn\;C:\Program Files\Docker\Docker\resources\bin;C:\Program Files\NVIDIA Corporation\NVIDIA App\NvDLISR;C:\Program Files\WireGuard\;C:\Program Files\Sunshine;C:\Program Files\Sunshine\tools;C:\Users\WARDESKTOP\miniconda3;C:\Users\WARDESKTOP\AppData\Local\Programs\Python\Python312\;C:\Honeywell\OptimizerSupervisor-N4.12.2.16\bin;C:\Program Files\Java\jdk-20\bin;C:\Users\WARDESKTOP\AppData\Local\Programs\Python\Python310\;C:\Users\WARDESKTOP\AppData\Local\Microsoft\WindowsApps;C:\Users\WARDESKTOP\.dotnet\tools;C:\Users\WARDESKTOP\AppData\Local\Programs\Microsoft VS Code\bin;C:\Users\WARDESKTOP\AppData\Local\Programs\oh-my-posh\bin;C:\Program Files\JetBrains\IntelliJ IDEA Community Edition 2021.3.3\bin;C:\Users\WARDESKTOP\AppData\Lo
USERNAME=WARDESKTOP
OS=Windows_NT
PROCESSOR_IDENTIFIER=AMD64 Family 25 Model 97 Stepping 2, AuthenticAMD
TMP=C:\Users\WARDES~1\AppData\Local\Temp
TEMP=C:\Users\WARDES~1\AppData\Local\Temp



---------------  S Y S T E M  ---------------

OS:
 Windows 11 , 64 bit Build 26100 (10.0.26100.4484)
OS uptime: 0 days 2:23 hours
Hyper-V role detected

CPU: total 12 (initial active 12) (12 cores per cpu, 2 threads per core) family 25 model 97 stepping 2 microcode 0xa601209, cx8, cmov, fxsr, ht, mmx, 3dnowpref, sse, sse2, sse3, ssse3, sse4a, sse4.1, sse4.2, popcnt, lzcnt, tsc, tscinvbit, avx, avx2, aes, erms, clmul, bmi1, bmi2, adx, avx512f, avx512dq, avx512cd, avx512bw, avx512vl, sha, fma, vzeroupper, avx512_vpopcntdq, avx512_vpclmulqdq, avx512_vaes, avx512_vnni, clflush, clflushopt, avx512_vbmi2, avx512_vbmi, hv

Memory: 4k page, system-wide physical 31849M (12318M free)
TotalPageFile size 52329M (AvailPageFile size 12M)
current process WorkingSet (physical memory assigned to process): 444M, peak: 447M
current process commit charge ("private bytes"): 769M, peak: 779M

vm_info: OpenJDK 64-Bit Server VM (17.0.7+7-LTS) for windows-amd64 JRE (17.0.7+7-LTS), built on Apr 14 2023 01:39:21 by "Administrator" with MS VC++ 15.9 (VS2017)

END.
