#
# There is insufficient memory for the Java Runtime Environment to continue.
# Native memory allocation (malloc) failed to allocate 420496 bytes for Chunk::new
# Possible reasons:
#   The system is out of physical RAM or swap space
#   The process is running with CompressedOops enabled, and the Java Heap may be blocking the growth of the native heap
# Possible solutions:
#   Reduce memory load on the system
#   Increase physical memory or swap space
#   Check if swap backing store is full
#   Decrease Java heap size (-Xmx/-Xms)
#   Decrease number of Java threads
#   Decrease Java thread stack sizes (-Xss)
#   Set larger code cache with -XX:ReservedCodeCacheSize=
#   JVM is running with Zero Based Compressed Oops mode in which the Java heap is
#     placed in the first 32GB address space. The Java Heap base address is the
#     maximum limit for the native heap growth. Please use -XX:HeapBaseMinAddress
#     to set the Java Heap base and to place the Java Heap above 32GB virtual address.
# This output file may be truncated or incomplete.
#
#  Out of Memory Error (arena.cpp:189), pid=4740, tid=25108
#
# JRE version: OpenJDK Runtime Environment Corretto-17.0.7.7.1 (17.0.7+7) (build 17.0.7+7-LTS)
# Java VM: OpenJDK 64-Bit Server VM Corretto-17.0.7.7.1 (17.0.7+7-LTS, mixed mode, sharing, tiered, compressed oops, compressed class ptrs, g1 gc, windows-amd64)
# No core dump will be written. Minidumps are not enabled by default on client versions of Windows
#

---------------  S U M M A R Y ------------

Command Line: -agentlib:jdwp=transport=dt_socket,address=127.0.0.1:62258,suspend=y,server=n -javaagent:C:\Users\WARDESKTOP\AppData\Local\JetBrains\IdeaIC2023.1\captureAgent\debugger-agent.jar -Dfile.encoding=UTF-8 Program

Host: AMD Ryzen 5 7600 6-Core Processor              , 12 cores, 31G,  Windows 11 , 64 bit Build 26100 (10.0.26100.4484)
Time: Wed Jul 16 21:29:09 2025 SE Asia Standard Time elapsed time: 929.084605 seconds (0d 0h 15m 29s)

---------------  T H R E A D  ---------------

Current thread (0x00000248b74f1e40):  JavaThread "C2 CompilerThread0" daemon [_thread_in_native, id=25108, stack(0x000000d5e9300000,0x000000d5e9400000)]


Current CompileTask:
C2: 929084 2815 % !   4       com.sun.imageio.plugins.gif.GIFImageReader::read @ 831 (902 bytes)

Stack: [0x000000d5e9300000,0x000000d5e9400000]
Native frames: (J=compiled Java code, j=interpreted, Vv=VM code, C=native code)
V  [jvm.dll+0x64b53a]
V  [jvm.dll+0x7fef54]
V  [jvm.dll+0x80070e]
V  [jvm.dll+0x800d63]
V  [jvm.dll+0x236a2b]
V  [jvm.dll+0xbd47c]
V  [jvm.dll+0xbda5c]
V  [jvm.dll+0x350be2]
V  [jvm.dll+0x1b1592]
V  [jvm.dll+0x20addf]
V  [jvm.dll+0x20a287]
V  [jvm.dll+0x19a2ed]
V  [jvm.dll+0x21967d]
V  [jvm.dll+0x2178c4]
V  [jvm.dll+0x7b7dcb]
V  [jvm.dll+0x7b237a]
V  [jvm.dll+0x64a3a5]
C  [ucrtbase.dll+0x37b0]
C  [KERNEL32.DLL+0x2e8d7]
C  [ntdll.dll+0x3c34c]


---------------  P R O C E S S  ---------------

Threads class SMR info:
_java_thread_list=0x00000248b8557640, length=35, elements={
0x000002488ba2a3e0, 0x00000248b74d1cb0, 0x00000248b74d2860, 0x00000248b74e8260,
0x00000248b74ead20, 0x00000248b74eb6d0, 0x00000248b74ec080, 0x00000248b74f1e40,
0x00000248b74f48f0, 0x00000248b75007f0, 0x00000248b7f30e90, 0x00000248b80cfc00,
0x00000248b80bca50, 0x00000248b80bd1e0, 0x00000248b80bdad0, 0x00000248b8112190,
0x00000248b80fb510, 0x00000248b80b6870, 0x00000248b7ffda20, 0x00000248b82ae990,
0x00000248b844e400, 0x00000248b8457900, 0x00000248b8459210, 0x00000248b8464390,
0x00000248b8464860, 0x00000248b8464d30, 0x00000248b8465200, 0x00000248b84656d0,
0x00000248bd1f9fc0, 0x00000248bd1f6fa0, 0x00000248bd1fa960, 0x00000248bd1f7940,
0x00000248bd1f87b0, 0x00000248bd1f7e10, 0x00000248bd1f82e0
}

Java Threads: ( => current thread )
  0x000002488ba2a3e0 JavaThread "main" [_thread_blocked, id=30232, stack(0x000000d5e8600000,0x000000d5e8700000)]
  0x00000248b74d1cb0 JavaThread "Reference Handler" daemon [_thread_blocked, id=8108, stack(0x000000d5e8d00000,0x000000d5e8e00000)]
  0x00000248b74d2860 JavaThread "Finalizer" daemon [_thread_blocked, id=9560, stack(0x000000d5e8e00000,0x000000d5e8f00000)]
  0x00000248b74e8260 JavaThread "Signal Dispatcher" daemon [_thread_blocked, id=26004, stack(0x000000d5e8f00000,0x000000d5e9000000)]
  0x00000248b74ead20 JavaThread "Attach Listener" daemon [_thread_blocked, id=2688, stack(0x000000d5e9000000,0x000000d5e9100000)]
  0x00000248b74eb6d0 JavaThread "Service Thread" daemon [_thread_blocked, id=9368, stack(0x000000d5e9100000,0x000000d5e9200000)]
  0x00000248b74ec080 JavaThread "Monitor Deflation Thread" daemon [_thread_blocked, id=25836, stack(0x000000d5e9200000,0x000000d5e9300000)]
=>0x00000248b74f1e40 JavaThread "C2 CompilerThread0" daemon [_thread_in_native, id=25108, stack(0x000000d5e9300000,0x000000d5e9400000)]
  0x00000248b74f48f0 JavaThread "C1 CompilerThread0" daemon [_thread_blocked, id=26184, stack(0x000000d5e9400000,0x000000d5e9500000)]
  0x00000248b75007f0 JavaThread "Sweeper thread" daemon [_thread_blocked, id=11980, stack(0x000000d5e9500000,0x000000d5e9600000)]
  0x00000248b7f30e90 JavaThread "Common-Cleaner" daemon [_thread_blocked, id=26900, stack(0x000000d5e9600000,0x000000d5e9700000)]
  0x00000248b80cfc00 JavaThread "JDWP Transport Listener: dt_socket" daemon [_thread_blocked, id=28376, stack(0x000000d5e9700000,0x000000d5e9800000)]
  0x00000248b80bca50 JavaThread "JDWP Event Helper Thread" daemon [_thread_blocked, id=29444, stack(0x000000d5e9800000,0x000000d5e9900000)]
  0x00000248b80bd1e0 JavaThread "JDWP Command Reader" daemon [_thread_in_native, id=23268, stack(0x000000d5e9900000,0x000000d5e9a00000)]
  0x00000248b80bdad0 JavaThread "Notification Thread" daemon [_thread_blocked, id=24400, stack(0x000000d5e9a00000,0x000000d5e9b00000)]
  0x00000248b8112190 JavaThread "Thread-0" [_thread_in_native, id=21532, stack(0x000000d5e9c00000,0x000000d5e9d00000)]
  0x00000248b80fb510 JavaThread "pool-1-thread-1" [_thread_blocked, id=29804, stack(0x000000d5e9d00000,0x000000d5e9e00000)]
  0x00000248b80b6870 JavaThread "pool-1-thread-2" [_thread_blocked, id=28684, stack(0x000000d5e9e00000,0x000000d5e9f00000)]
  0x00000248b7ffda20 JavaThread "pool-1-thread-3" [_thread_blocked, id=27644, stack(0x000000d5e9f00000,0x000000d5ea000000)]
  0x00000248b82ae990 JavaThread "pool-1-thread-4" [_thread_blocked, id=26664, stack(0x000000d5ea000000,0x000000d5ea100000)]
  0x00000248b844e400 JavaThread "pool-1-thread-5" [_thread_blocked, id=7416, stack(0x000000d5ea100000,0x000000d5ea200000)]
  0x00000248b8457900 JavaThread "pool-1-thread-6" [_thread_blocked, id=29024, stack(0x000000d5ea200000,0x000000d5ea300000)]
  0x00000248b8459210 JavaThread "pool-1-thread-7" [_thread_blocked, id=28728, stack(0x000000d5ea300000,0x000000d5ea400000)]
  0x00000248b8464390 JavaThread "pool-1-thread-8" [_thread_blocked, id=17248, stack(0x000000d5ea400000,0x000000d5ea500000)]
  0x00000248b8464860 JavaThread "pool-1-thread-9" [_thread_blocked, id=30628, stack(0x000000d5ea500000,0x000000d5ea600000)]
  0x00000248b8464d30 JavaThread "pool-1-thread-10" [_thread_blocked, id=25132, stack(0x000000d5ea600000,0x000000d5ea700000)]
  0x00000248b8465200 JavaThread "pool-1-thread-11" [_thread_blocked, id=27528, stack(0x000000d5ea700000,0x000000d5ea800000)]
  0x00000248b84656d0 JavaThread "pool-1-thread-12" [_thread_blocked, id=25548, stack(0x000000d5ea800000,0x000000d5ea900000)]
  0x00000248bd1f9fc0 JavaThread "pool-1-thread-13" [_thread_blocked, id=30136, stack(0x000000d5eb400000,0x000000d5eb500000)]
  0x00000248bd1f6fa0 JavaThread "Java2D Disposer" daemon [_thread_blocked, id=23988, stack(0x000000d5ea900000,0x000000d5eaa00000)]
  0x00000248bd1fa960 JavaThread "AWT-Windows" daemon [_thread_in_native, id=3256, stack(0x000000d5eb500000,0x000000d5eb600000)]
  0x00000248bd1f7940 JavaThread "D3D Screen Updater" daemon [_thread_blocked, id=17420, stack(0x000000d5ebad0000,0x000000d5ebbd0000)]
  0x00000248bd1f87b0 JavaThread "pool-1-thread-14" [_thread_in_native, id=21796, stack(0x000000d5e8410000,0x000000d5e8510000)]
  0x00000248bd1f7e10 JavaThread "AWT-Shutdown" [_thread_blocked, id=21544, stack(0x000000d5eb300000,0x000000d5eb400000)]
  0x00000248bd1f82e0 JavaThread "AWT-EventQueue-0" [_thread_blocked, id=14380, stack(0x000000d5eb600000,0x000000d5eb700000)]

Other Threads:
  0x00000248b74cb200 VMThread "VM Thread" [stack: 0x000000d5e8c00000,0x000000d5e8d00000] [id=10756]
  0x00000248b7330f60 WatcherThread [stack: 0x000000d5e9b00000,0x000000d5e9c00000] [id=24604]
  0x000002488bad5780 GCTaskThread "GC Thread#0" [stack: 0x000000d5e8700000,0x000000d5e8800000] [id=16992]
  0x00000248b8492b70 GCTaskThread "GC Thread#1" [stack: 0x000000d5eaa00000,0x000000d5eab00000] [id=29256]
  0x00000248b847e820 GCTaskThread "GC Thread#2" [stack: 0x000000d5eab00000,0x000000d5eac00000] [id=23528]
  0x00000248b847ead0 GCTaskThread "GC Thread#3" [stack: 0x000000d5eac00000,0x000000d5ead00000] [id=5456]
  0x00000248b852c9a0 GCTaskThread "GC Thread#4" [stack: 0x000000d5ead00000,0x000000d5eae00000] [id=30704]
  0x00000248b852d060 GCTaskThread "GC Thread#5" [stack: 0x000000d5eae00000,0x000000d5eaf00000] [id=8272]
  0x00000248b852d310 GCTaskThread "GC Thread#6" [stack: 0x000000d5eaf00000,0x000000d5eb000000] [id=24088]
  0x00000248b89330e0 GCTaskThread "GC Thread#7" [stack: 0x000000d5eb000000,0x000000d5eb100000] [id=29984]
  0x00000248b87e1870 GCTaskThread "GC Thread#8" [stack: 0x000000d5eb100000,0x000000d5eb200000] [id=25332]
  0x00000248b87e1b20 GCTaskThread "GC Thread#9" [stack: 0x000000d5eb200000,0x000000d5eb300000] [id=30332]
  0x000002488bae60f0 ConcurrentGCThread "G1 Main Marker" [stack: 0x000000d5e8800000,0x000000d5e8900000] [id=22652]
  0x000002488bae8520 ConcurrentGCThread "G1 Conc#0" [stack: 0x000000d5e8900000,0x000000d5e8a00000] [id=30200]
  0x00000248b7407df0 ConcurrentGCThread "G1 Refine#0" [stack: 0x000000d5e8a00000,0x000000d5e8b00000] [id=10260]
  0x00000248b74086b0 ConcurrentGCThread "G1 Service" [stack: 0x000000d5e8b00000,0x000000d5e8c00000] [id=5716]

Threads with active compile tasks:
C2 CompilerThread0   929102 2815 % !   4       com.sun.imageio.plugins.gif.GIFImageReader::read @ 831 (902 bytes)

VM state: not at safepoint (normal execution)

VM Mutex/Monitor currently owned by a thread: None

Heap address: 0x000000060e400000, size: 7964 MB, Compressed Oops mode: Zero based, Oop shift amount: 3

CDS archive(s) mapped at: [0x0000000800000000-0x0000000800bc0000-0x0000000800bc0000), size 12320768, SharedBaseAddress: 0x0000000800000000, ArchiveRelocationMode: 0.
Compressed class space mapped at: 0x0000000801000000-0x0000000841000000, reserved size: 1073741824
Narrow klass base: 0x0000000800000000, Narrow klass shift: 0, Narrow klass range: 0x100000000

GC Precious Log:
 CPUs: 12 total, 12 available
 Memory: 31849M
 Large Page Support: Disabled
 NUMA Support: Disabled
 Compressed Oops: Enabled (Zero based)
 Heap Region Size: 4M
 Heap Min Capacity: 8M
 Heap Initial Capacity: 500M
 Heap Max Capacity: 7964M
 Pre-touch: Disabled
 Parallel Workers: 10
 Concurrent Workers: 3
 Concurrent Refinement Workers: 10
 Periodic GC: Disabled

Heap:
 garbage-first heap   total 512000K, used 59020K [0x000000060e400000, 0x0000000800000000)
  region size 4096K, 16 young (65536K), 1 survivors (4096K)
 Metaspace       used 9298K, committed 9536K, reserved 1114112K
  class space    used 876K, committed 960K, reserved 1048576K

Heap Regions: E=young(eden), S=young(survivor), O=old, HS=humongous(starts), HC=humongous(continues), CS=collection set, F=free, OA=open archive, CA=closed archive, TAMS=top-at-mark-start (previous, next)
|   0|0x000000060e400000, 0x000000060e800000, 0x000000060e800000|100%| O|  |TAMS 0x000000060e400000, 0x000000060e400000| Untracked 
|   1|0x000000060e800000, 0x000000060e950a00, 0x000000060ec00000| 32%| O|  |TAMS 0x000000060e800000, 0x000000060e800000| Untracked 
|   2|0x000000060ec00000, 0x000000060ec00000, 0x000000060f000000|  0%| F|  |TAMS 0x000000060ec00000, 0x000000060ec00000| Untracked 
|   3|0x000000060f000000, 0x000000060f000000, 0x000000060f400000|  0%| F|  |TAMS 0x000000060f000000, 0x000000060f000000| Untracked 
|   4|0x000000060f400000, 0x000000060f400000, 0x000000060f800000|  0%| F|  |TAMS 0x000000060f400000, 0x000000060f400000| Untracked 
|   5|0x000000060f800000, 0x000000060f800000, 0x000000060fc00000|  0%| F|  |TAMS 0x000000060f800000, 0x000000060f800000| Untracked 
|   6|0x000000060fc00000, 0x000000060fc00000, 0x0000000610000000|  0%| F|  |TAMS 0x000000060fc00000, 0x000000060fc00000| Untracked 
|   7|0x0000000610000000, 0x0000000610000000, 0x0000000610400000|  0%| F|  |TAMS 0x0000000610000000, 0x0000000610000000| Untracked 
|   8|0x0000000610400000, 0x0000000610400000, 0x0000000610800000|  0%| F|  |TAMS 0x0000000610400000, 0x0000000610400000| Untracked 
|   9|0x0000000610800000, 0x0000000610800000, 0x0000000610c00000|  0%| F|  |TAMS 0x0000000610800000, 0x0000000610800000| Untracked 
|  10|0x0000000610c00000, 0x0000000610c00000, 0x0000000611000000|  0%| F|  |TAMS 0x0000000610c00000, 0x0000000610c00000| Untracked 
|  11|0x0000000611000000, 0x0000000611000000, 0x0000000611400000|  0%| F|  |TAMS 0x0000000611000000, 0x0000000611000000| Untracked 
|  12|0x0000000611400000, 0x0000000611400000, 0x0000000611800000|  0%| F|  |TAMS 0x0000000611400000, 0x0000000611400000| Untracked 
|  13|0x0000000611800000, 0x0000000611800000, 0x0000000611c00000|  0%| F|  |TAMS 0x0000000611800000, 0x0000000611800000| Untracked 
|  14|0x0000000611c00000, 0x0000000611c00000, 0x0000000612000000|  0%| F|  |TAMS 0x0000000611c00000, 0x0000000611c00000| Untracked 
|  15|0x0000000612000000, 0x0000000612000000, 0x0000000612400000|  0%| F|  |TAMS 0x0000000612000000, 0x0000000612000000| Untracked 
|  16|0x0000000612400000, 0x0000000612400000, 0x0000000612800000|  0%| F|  |TAMS 0x0000000612400000, 0x0000000612400000| Untracked 
|  17|0x0000000612800000, 0x0000000612800000, 0x0000000612c00000|  0%| F|  |TAMS 0x0000000612800000, 0x0000000612800000| Untracked 
|  18|0x0000000612c00000, 0x0000000612c00000, 0x0000000613000000|  0%| F|  |TAMS 0x0000000612c00000, 0x0000000612c00000| Untracked 
|  19|0x0000000613000000, 0x0000000613000000, 0x0000000613400000|  0%| F|  |TAMS 0x0000000613000000, 0x0000000613000000| Untracked 
|  20|0x0000000613400000, 0x0000000613400000, 0x0000000613800000|  0%| F|  |TAMS 0x0000000613400000, 0x0000000613400000| Untracked 
|  21|0x0000000613800000, 0x0000000613800000, 0x0000000613c00000|  0%| F|  |TAMS 0x0000000613800000, 0x0000000613800000| Untracked 
|  22|0x0000000613c00000, 0x0000000613c00000, 0x0000000614000000|  0%| F|  |TAMS 0x0000000613c00000, 0x0000000613c00000| Untracked 
|  23|0x0000000614000000, 0x0000000614000000, 0x0000000614400000|  0%| F|  |TAMS 0x0000000614000000, 0x0000000614000000| Untracked 
|  24|0x0000000614400000, 0x0000000614400000, 0x0000000614800000|  0%| F|  |TAMS 0x0000000614400000, 0x0000000614400000| Untracked 
|  25|0x0000000614800000, 0x0000000614800000, 0x0000000614c00000|  0%| F|  |TAMS 0x0000000614800000, 0x0000000614800000| Untracked 
|  26|0x0000000614c00000, 0x0000000614c00000, 0x0000000615000000|  0%| F|  |TAMS 0x0000000614c00000, 0x0000000614c00000| Untracked 
|  27|0x0000000615000000, 0x0000000615000000, 0x0000000615400000|  0%| F|  |TAMS 0x0000000615000000, 0x0000000615000000| Untracked 
|  28|0x0000000615400000, 0x0000000615400000, 0x0000000615800000|  0%| F|  |TAMS 0x0000000615400000, 0x0000000615400000| Untracked 
|  29|0x0000000615800000, 0x0000000615800000, 0x0000000615c00000|  0%| F|  |TAMS 0x0000000615800000, 0x0000000615800000| Untracked 
|  30|0x0000000615c00000, 0x0000000615c00000, 0x0000000616000000|  0%| F|  |TAMS 0x0000000615c00000, 0x0000000615c00000| Untracked 
|  31|0x0000000616000000, 0x0000000616000000, 0x0000000616400000|  0%| F|  |TAMS 0x0000000616000000, 0x0000000616000000| Untracked 
|  32|0x0000000616400000, 0x0000000616400000, 0x0000000616800000|  0%| F|  |TAMS 0x0000000616400000, 0x0000000616400000| Untracked 
|  33|0x0000000616800000, 0x0000000616800000, 0x0000000616c00000|  0%| F|  |TAMS 0x0000000616800000, 0x0000000616800000| Untracked 
|  34|0x0000000616c00000, 0x0000000616c00000, 0x0000000617000000|  0%| F|  |TAMS 0x0000000616c00000, 0x0000000616c00000| Untracked 
|  35|0x0000000617000000, 0x0000000617000000, 0x0000000617400000|  0%| F|  |TAMS 0x0000000617000000, 0x0000000617000000| Untracked 
|  36|0x0000000617400000, 0x0000000617400000, 0x0000000617800000|  0%| F|  |TAMS 0x0000000617400000, 0x0000000617400000| Untracked 
|  37|0x0000000617800000, 0x0000000617800000, 0x0000000617c00000|  0%| F|  |TAMS 0x0000000617800000, 0x0000000617800000| Untracked 
|  38|0x0000000617c00000, 0x0000000617c00000, 0x0000000618000000|  0%| F|  |TAMS 0x0000000617c00000, 0x0000000617c00000| Untracked 
|  39|0x0000000618000000, 0x0000000618000000, 0x0000000618400000|  0%| F|  |TAMS 0x0000000618000000, 0x0000000618000000| Untracked 
|  40|0x0000000618400000, 0x0000000618400000, 0x0000000618800000|  0%| F|  |TAMS 0x0000000618400000, 0x0000000618400000| Untracked 
|  41|0x0000000618800000, 0x0000000618800000, 0x0000000618c00000|  0%| F|  |TAMS 0x0000000618800000, 0x0000000618800000| Untracked 
|  42|0x0000000618c00000, 0x0000000618c00000, 0x0000000619000000|  0%| F|  |TAMS 0x0000000618c00000, 0x0000000618c00000| Untracked 
|  43|0x0000000619000000, 0x0000000619000000, 0x0000000619400000|  0%| F|  |TAMS 0x0000000619000000, 0x0000000619000000| Untracked 
|  44|0x0000000619400000, 0x0000000619400000, 0x0000000619800000|  0%| F|  |TAMS 0x0000000619400000, 0x0000000619400000| Untracked 
|  45|0x0000000619800000, 0x0000000619800000, 0x0000000619c00000|  0%| F|  |TAMS 0x0000000619800000, 0x0000000619800000| Untracked 
|  46|0x0000000619c00000, 0x0000000619c00000, 0x000000061a000000|  0%| F|  |TAMS 0x0000000619c00000, 0x0000000619c00000| Untracked 
|  47|0x000000061a000000, 0x000000061a000000, 0x000000061a400000|  0%| F|  |TAMS 0x000000061a000000, 0x000000061a000000| Untracked 
|  48|0x000000061a400000, 0x000000061a400000, 0x000000061a800000|  0%| F|  |TAMS 0x000000061a400000, 0x000000061a400000| Untracked 
|  49|0x000000061a800000, 0x000000061a852910, 0x000000061ac00000|  8%| S|CS|TAMS 0x000000061a800000, 0x000000061a800000| Complete 
|  50|0x000000061ac00000, 0x000000061ac00000, 0x000000061b000000|  0%| F|  |TAMS 0x000000061ac00000, 0x000000061ac00000| Untracked 
|  51|0x000000061b000000, 0x000000061b000000, 0x000000061b400000|  0%| F|  |TAMS 0x000000061b000000, 0x000000061b000000| Untracked 
|  52|0x000000061b400000, 0x000000061b400000, 0x000000061b800000|  0%| F|  |TAMS 0x000000061b400000, 0x000000061b400000| Untracked 
|  53|0x000000061b800000, 0x000000061b800000, 0x000000061bc00000|  0%| F|  |TAMS 0x000000061b800000, 0x000000061b800000| Untracked 
|  54|0x000000061bc00000, 0x000000061bc00000, 0x000000061c000000|  0%| F|  |TAMS 0x000000061bc00000, 0x000000061bc00000| Untracked 
|  55|0x000000061c000000, 0x000000061c000000, 0x000000061c400000|  0%| F|  |TAMS 0x000000061c000000, 0x000000061c000000| Untracked 
|  56|0x000000061c400000, 0x000000061c400000, 0x000000061c800000|  0%| F|  |TAMS 0x000000061c400000, 0x000000061c400000| Untracked 
|  57|0x000000061c800000, 0x000000061c800000, 0x000000061cc00000|  0%| F|  |TAMS 0x000000061c800000, 0x000000061c800000| Untracked 
|  58|0x000000061cc00000, 0x000000061cc00000, 0x000000061d000000|  0%| F|  |TAMS 0x000000061cc00000, 0x000000061cc00000| Untracked 
|  59|0x000000061d000000, 0x000000061d000000, 0x000000061d400000|  0%| F|  |TAMS 0x000000061d000000, 0x000000061d000000| Untracked 
|  60|0x000000061d400000, 0x000000061d400000, 0x000000061d800000|  0%| F|  |TAMS 0x000000061d400000, 0x000000061d400000| Untracked 
|  61|0x000000061d800000, 0x000000061d800000, 0x000000061dc00000|  0%| F|  |TAMS 0x000000061d800000, 0x000000061d800000| Untracked 
|  62|0x000000061dc00000, 0x000000061dc00000, 0x000000061e000000|  0%| F|  |TAMS 0x000000061dc00000, 0x000000061dc00000| Untracked 
|  63|0x000000061e000000, 0x000000061e000000, 0x000000061e400000|  0%| F|  |TAMS 0x000000061e000000, 0x000000061e000000| Untracked 
|  64|0x000000061e400000, 0x000000061e400000, 0x000000061e800000|  0%| F|  |TAMS 0x000000061e400000, 0x000000061e400000| Untracked 
|  65|0x000000061e800000, 0x000000061e800000, 0x000000061ec00000|  0%| F|  |TAMS 0x000000061e800000, 0x000000061e800000| Untracked 
|  66|0x000000061ec00000, 0x000000061ec00000, 0x000000061f000000|  0%| F|  |TAMS 0x000000061ec00000, 0x000000061ec00000| Untracked 
|  67|0x000000061f000000, 0x000000061f000000, 0x000000061f400000|  0%| F|  |TAMS 0x000000061f000000, 0x000000061f000000| Untracked 
|  68|0x000000061f400000, 0x000000061f400000, 0x000000061f800000|  0%| F|  |TAMS 0x000000061f400000, 0x000000061f400000| Untracked 
|  69|0x000000061f800000, 0x000000061f800000, 0x000000061fc00000|  0%| F|  |TAMS 0x000000061f800000, 0x000000061f800000| Untracked 
|  70|0x000000061fc00000, 0x000000061fc00000, 0x0000000620000000|  0%| F|  |TAMS 0x000000061fc00000, 0x000000061fc00000| Untracked 
|  71|0x0000000620000000, 0x0000000620000000, 0x0000000620400000|  0%| F|  |TAMS 0x0000000620000000, 0x0000000620000000| Untracked 
|  72|0x0000000620400000, 0x0000000620400000, 0x0000000620800000|  0%| F|  |TAMS 0x0000000620400000, 0x0000000620400000| Untracked 
|  73|0x0000000620800000, 0x0000000620800000, 0x0000000620c00000|  0%| F|  |TAMS 0x0000000620800000, 0x0000000620800000| Untracked 
|  74|0x0000000620c00000, 0x0000000620c00000, 0x0000000621000000|  0%| F|  |TAMS 0x0000000620c00000, 0x0000000620c00000| Untracked 
|  75|0x0000000621000000, 0x0000000621000000, 0x0000000621400000|  0%| F|  |TAMS 0x0000000621000000, 0x0000000621000000| Untracked 
|  76|0x0000000621400000, 0x0000000621400000, 0x0000000621800000|  0%| F|  |TAMS 0x0000000621400000, 0x0000000621400000| Untracked 
|  77|0x0000000621800000, 0x0000000621800000, 0x0000000621c00000|  0%| F|  |TAMS 0x0000000621800000, 0x0000000621800000| Untracked 
|  78|0x0000000621c00000, 0x0000000621c00000, 0x0000000622000000|  0%| F|  |TAMS 0x0000000621c00000, 0x0000000621c00000| Untracked 
|  79|0x0000000622000000, 0x0000000622000000, 0x0000000622400000|  0%| F|  |TAMS 0x0000000622000000, 0x0000000622000000| Untracked 
|  80|0x0000000622400000, 0x0000000622400000, 0x0000000622800000|  0%| F|  |TAMS 0x0000000622400000, 0x0000000622400000| Untracked 
|  81|0x0000000622800000, 0x0000000622800000, 0x0000000622c00000|  0%| F|  |TAMS 0x0000000622800000, 0x0000000622800000| Untracked 
|  82|0x0000000622c00000, 0x0000000622c00000, 0x0000000623000000|  0%| F|  |TAMS 0x0000000622c00000, 0x0000000622c00000| Untracked 
|  83|0x0000000623000000, 0x0000000623000000, 0x0000000623400000|  0%| F|  |TAMS 0x0000000623000000, 0x0000000623000000| Untracked 
|  84|0x0000000623400000, 0x0000000623400000, 0x0000000623800000|  0%| F|  |TAMS 0x0000000623400000, 0x0000000623400000| Untracked 
|  85|0x0000000623800000, 0x0000000623800000, 0x0000000623c00000|  0%| F|  |TAMS 0x0000000623800000, 0x0000000623800000| Untracked 
|  86|0x0000000623c00000, 0x0000000623c00000, 0x0000000624000000|  0%| F|  |TAMS 0x0000000623c00000, 0x0000000623c00000| Untracked 
|  87|0x0000000624000000, 0x0000000624000000, 0x0000000624400000|  0%| F|  |TAMS 0x0000000624000000, 0x0000000624000000| Untracked 
|  88|0x0000000624400000, 0x0000000624400000, 0x0000000624800000|  0%| F|  |TAMS 0x0000000624400000, 0x0000000624400000| Untracked 
|  89|0x0000000624800000, 0x0000000624800000, 0x0000000624c00000|  0%| F|  |TAMS 0x0000000624800000, 0x0000000624800000| Untracked 
|  90|0x0000000624c00000, 0x0000000624c00000, 0x0000000625000000|  0%| F|  |TAMS 0x0000000624c00000, 0x0000000624c00000| Untracked 
|  91|0x0000000625000000, 0x0000000625000000, 0x0000000625400000|  0%| F|  |TAMS 0x0000000625000000, 0x0000000625000000| Untracked 
|  92|0x0000000625400000, 0x0000000625400000, 0x0000000625800000|  0%| F|  |TAMS 0x0000000625400000, 0x0000000625400000| Untracked 
|  93|0x0000000625800000, 0x0000000625800000, 0x0000000625c00000|  0%| F|  |TAMS 0x0000000625800000, 0x0000000625800000| Untracked 
|  94|0x0000000625c00000, 0x0000000625c00000, 0x0000000626000000|  0%| F|  |TAMS 0x0000000625c00000, 0x0000000625c00000| Untracked 
|  95|0x0000000626000000, 0x0000000626000000, 0x0000000626400000|  0%| F|  |TAMS 0x0000000626000000, 0x0000000626000000| Untracked 
|  96|0x0000000626400000, 0x0000000626400000, 0x0000000626800000|  0%| F|  |TAMS 0x0000000626400000, 0x0000000626400000| Untracked 
|  97|0x0000000626800000, 0x0000000626800000, 0x0000000626c00000|  0%| F|  |TAMS 0x0000000626800000, 0x0000000626800000| Untracked 
|  98|0x0000000626c00000, 0x0000000626c00000, 0x0000000627000000|  0%| F|  |TAMS 0x0000000626c00000, 0x0000000626c00000| Untracked 
|  99|0x0000000627000000, 0x0000000627000000, 0x0000000627400000|  0%| F|  |TAMS 0x0000000627000000, 0x0000000627000000| Untracked 
| 100|0x0000000627400000, 0x0000000627400000, 0x0000000627800000|  0%| F|  |TAMS 0x0000000627400000, 0x0000000627400000| Untracked 
| 101|0x0000000627800000, 0x0000000627800000, 0x0000000627c00000|  0%| F|  |TAMS 0x0000000627800000, 0x0000000627800000| Untracked 
| 102|0x0000000627c00000, 0x0000000627c00000, 0x0000000628000000|  0%| F|  |TAMS 0x0000000627c00000, 0x0000000627c00000| Untracked 
| 103|0x0000000628000000, 0x0000000628000000, 0x0000000628400000|  0%| F|  |TAMS 0x0000000628000000, 0x0000000628000000| Untracked 
| 104|0x0000000628400000, 0x0000000628400000, 0x0000000628800000|  0%| F|  |TAMS 0x0000000628400000, 0x0000000628400000| Untracked 
| 105|0x0000000628800000, 0x0000000628800000, 0x0000000628c00000|  0%| F|  |TAMS 0x0000000628800000, 0x0000000628800000| Untracked 
| 106|0x0000000628c00000, 0x0000000628c00000, 0x0000000629000000|  0%| F|  |TAMS 0x0000000628c00000, 0x0000000628c00000| Untracked 
| 107|0x0000000629000000, 0x0000000629000000, 0x0000000629400000|  0%| F|  |TAMS 0x0000000629000000, 0x0000000629000000| Untracked 
| 108|0x0000000629400000, 0x0000000629400000, 0x0000000629800000|  0%| F|  |TAMS 0x0000000629400000, 0x0000000629400000| Untracked 
| 109|0x0000000629800000, 0x0000000629800000, 0x0000000629c00000|  0%| F|  |TAMS 0x0000000629800000, 0x0000000629800000| Untracked 
| 110|0x0000000629c00000, 0x0000000629fb0480, 0x000000062a000000| 92%| E|  |TAMS 0x0000000629c00000, 0x0000000629c00000| Complete 
| 111|0x000000062a000000, 0x000000062a400000, 0x000000062a400000|100%| E|  |TAMS 0x000000062a000000, 0x000000062a000000| Complete 
| 112|0x000000062a400000, 0x000000062a800000, 0x000000062a800000|100%| E|CS|TAMS 0x000000062a400000, 0x000000062a400000| Complete 
| 113|0x000000062a800000, 0x000000062ac00000, 0x000000062ac00000|100%| E|CS|TAMS 0x000000062a800000, 0x000000062a800000| Complete 
| 114|0x000000062ac00000, 0x000000062b000000, 0x000000062b000000|100%| E|CS|TAMS 0x000000062ac00000, 0x000000062ac00000| Complete 
| 115|0x000000062b000000, 0x000000062b400000, 0x000000062b400000|100%| E|CS|TAMS 0x000000062b000000, 0x000000062b000000| Complete 
| 116|0x000000062b400000, 0x000000062b800000, 0x000000062b800000|100%| E|CS|TAMS 0x000000062b400000, 0x000000062b400000| Complete 
| 117|0x000000062b800000, 0x000000062bc00000, 0x000000062bc00000|100%| E|CS|TAMS 0x000000062b800000, 0x000000062b800000| Complete 
| 118|0x000000062bc00000, 0x000000062c000000, 0x000000062c000000|100%| E|CS|TAMS 0x000000062bc00000, 0x000000062bc00000| Complete 
| 119|0x000000062c000000, 0x000000062c400000, 0x000000062c400000|100%| E|CS|TAMS 0x000000062c000000, 0x000000062c000000| Complete 
| 120|0x000000062c400000, 0x000000062c800000, 0x000000062c800000|100%| E|CS|TAMS 0x000000062c400000, 0x000000062c400000| Complete 
| 121|0x000000062c800000, 0x000000062cc00000, 0x000000062cc00000|100%| E|CS|TAMS 0x000000062c800000, 0x000000062c800000| Complete 
| 122|0x000000062cc00000, 0x000000062d000000, 0x000000062d000000|100%| E|CS|TAMS 0x000000062cc00000, 0x000000062cc00000| Complete 
| 123|0x000000062d000000, 0x000000062d400000, 0x000000062d400000|100%| E|CS|TAMS 0x000000062d000000, 0x000000062d000000| Complete 
| 124|0x000000062d400000, 0x000000062d800000, 0x000000062d800000|100%| E|CS|TAMS 0x000000062d400000, 0x000000062d400000| Complete 

Card table byte_map: [0x00000248a3a10000,0x00000248a49a0000] _byte_map_base: 0x00000248a099e000

Marking Bits (Prev, Next): (CMBitMap*) 0x000002488bad5d90, (CMBitMap*) 0x000002488bad5dd0
 Prev Bits: [0x00000248a5930000, 0x00000248ad5a0000)
 Next Bits: [0x00000248ad5a0000, 0x00000248b5210000)

Polling page: 0x00000248899c0000

Metaspace:

Usage:
  Non-class:      8.22 MB used.
      Class:    876.55 KB used.
       Both:      9.08 MB used.

Virtual space:
  Non-class space:       64.00 MB reserved,       8.38 MB ( 13%) committed,  1 nodes.
      Class space:        1.00 GB reserved,     960.00 KB ( <1%) committed,  1 nodes.
             Both:        1.06 GB reserved,       9.31 MB ( <1%) committed. 

Chunk freelists:
   Non-Class:  6.98 MB
       Class:  15.10 MB
        Both:  22.08 MB

MaxMetaspaceSize: unlimited
CompressedClassSpaceSize: 1.00 GB
Initial GC threshold: 21.00 MB
Current GC threshold: 21.00 MB
CDS: on
MetaspaceReclaimPolicy: balanced
 - commit_granule_bytes: 65536.
 - commit_granule_words: 8192.
 - virtual_space_node_default_size: 8388608.
 - enlarge_chunks_in_place: 1.
 - new_chunks_are_fully_committed: 0.
 - uncommit_free_chunks: 1.
 - use_allocation_guard: 0.
 - handle_deallocations: 1.


Internal statistics:

num_allocs_failed_limit: 0.
num_arena_births: 134.
num_arena_deaths: 0.
num_vsnodes_births: 2.
num_vsnodes_deaths: 0.
num_space_committed: 149.
num_space_uncommitted: 0.
num_chunks_returned_to_freelist: 0.
num_chunks_taken_from_freelist: 195.
num_chunk_merges: 0.
num_chunk_splits: 121.
num_chunks_enlarged: 67.
num_inconsistent_stats: 0.

CodeHeap 'non-profiled nmethods': size=120000Kb used=2705Kb max_used=2771Kb free=117294Kb
 bounds [0x000002489b000000, 0x000002489b2c0000, 0x00000248a2530000]
CodeHeap 'profiled nmethods': size=120000Kb used=3522Kb max_used=5286Kb free=116477Kb
 bounds [0x0000024893530000, 0x0000024893a60000, 0x000002489aa60000]
CodeHeap 'non-nmethods': size=5760Kb used=1364Kb max_used=1437Kb free=4395Kb
 bounds [0x000002489aa60000, 0x000002489acd0000, 0x000002489b000000]
 total_blobs=2890 nmethods=2279 adapters=523
 compilation: enabled
              stopped_count=0, restarted_count=0
 full_count=0

Compilation events (20 events):
Event: 926.024 Thread 0x00000248b74f48f0 2804       3       java.io.RandomAccessFile::seek (22 bytes)
Event: 926.024 Thread 0x00000248b74f48f0 nmethod 2804 0x0000024893717790 code [0x0000024893717960, 0x0000024893717bb8]
Event: 926.024 Thread 0x00000248b74f48f0 2806  s    3       java.util.Stack::pop (19 bytes)
Event: 926.024 Thread 0x00000248b74f48f0 nmethod 2806 0x0000024893677f10 code [0x0000024893678120, 0x00000248936789e8]
Event: 926.024 Thread 0x00000248b74f48f0 2807  s    3       java.util.Stack::peek (25 bytes)
Event: 926.024 Thread 0x00000248b74f48f0 nmethod 2807 0x000002489383dc90 code [0x000002489383de60, 0x000002489383e318]
Event: 926.024 Thread 0x00000248b74f48f0 2808  s    3       java.util.Vector::elementAt (48 bytes)
Event: 926.025 Thread 0x00000248b74f48f0 nmethod 2808 0x00000248937d7010 code [0x00000248937d7260, 0x00000248937d7b28]
Event: 926.025 Thread 0x00000248b74f48f0 2809  s    3       java.util.Vector::removeElementAt (115 bytes)
Event: 926.025 Thread 0x00000248b74f48f0 nmethod 2809 0x000002489377d890 code [0x000002489377db20, 0x000002489377e688]
Event: 926.025 Thread 0x00000248b74f48f0 2810       1       java.util.LinkedList::size (5 bytes)
Event: 926.025 Thread 0x00000248b74f48f0 nmethod 2810 0x000002489b261810 code [0x000002489b2619a0, 0x000002489b261a78]
Event: 926.025 Thread 0x00000248b74f48f0 2812 % !   3       com.sun.imageio.plugins.gif.GIFImageReader::read @ 831 (902 bytes)
Event: 926.028 Thread 0x00000248b74f1e40 nmethod 2791 0x000002489b260790 code [0x000002489b260940, 0x000002489b261198]
Event: 926.028 Thread 0x00000248b74f1e40 2811       4       com.sun.imageio.plugins.gif.GIFImageReader::getCode (218 bytes)
Event: 926.028 Thread 0x00000248b74f48f0 nmethod 2812% 0x000002489387b490 code [0x000002489387ba80, 0x0000024893880b78]
Event: 926.028 Thread 0x00000248b74f48f0 2813       3       sun.awt.image.BytePackedRaster::putByteData (887 bytes)
Event: 926.029 Thread 0x00000248b74f48f0 nmethod 2813 0x000002489381da10 code [0x000002489381dca0, 0x000002489381ee08]
Event: 926.031 Thread 0x00000248b74f1e40 nmethod 2811 0x000002489b1a0990 code [0x000002489b1a0b40, 0x000002489b1a0e98]
Event: 926.031 Thread 0x00000248b74f1e40 2815 % !   4       com.sun.imageio.plugins.gif.GIFImageReader::read @ 831 (902 bytes)

GC Heap History (20 events):
Event: 877.760 GC heap before
{Heap before GC invocations=209 (full 0):
 garbage-first heap   total 512000K, used 308874K [0x000000060e400000, 0x0000000800000000)
  region size 4096K, 75 young (307200K), 1 survivors (4096K)
 Metaspace       used 9143K, committed 9344K, reserved 1114112K
  class space    used 861K, committed 960K, reserved 1048576K
}
Event: 877.761 GC heap after
{Heap after GC invocations=210 (full 0):
 garbage-first heap   total 512000K, used 5754K [0x000000060e400000, 0x0000000800000000)
  region size 4096K, 1 young (4096K), 1 survivors (4096K)
 Metaspace       used 9143K, committed 9344K, reserved 1114112K
  class space    used 861K, committed 960K, reserved 1048576K
}
Event: 882.033 GC heap before
{Heap before GC invocations=210 (full 0):
 garbage-first heap   total 512000K, used 308858K [0x000000060e400000, 0x0000000800000000)
  region size 4096K, 75 young (307200K), 1 survivors (4096K)
 Metaspace       used 9143K, committed 9344K, reserved 1114112K
  class space    used 861K, committed 960K, reserved 1048576K
}
Event: 882.033 GC heap after
{Heap after GC invocations=211 (full 0):
 garbage-first heap   total 512000K, used 5752K [0x000000060e400000, 0x0000000800000000)
  region size 4096K, 1 young (4096K), 1 survivors (4096K)
 Metaspace       used 9143K, committed 9344K, reserved 1114112K
  class space    used 861K, committed 960K, reserved 1048576K
}
Event: 886.298 GC heap before
{Heap before GC invocations=211 (full 0):
 garbage-first heap   total 512000K, used 308856K [0x000000060e400000, 0x0000000800000000)
  region size 4096K, 75 young (307200K), 1 survivors (4096K)
 Metaspace       used 9143K, committed 9344K, reserved 1114112K
  class space    used 861K, committed 960K, reserved 1048576K
}
Event: 886.299 GC heap after
{Heap after GC invocations=212 (full 0):
 garbage-first heap   total 512000K, used 5745K [0x000000060e400000, 0x0000000800000000)
  region size 4096K, 1 young (4096K), 1 survivors (4096K)
 Metaspace       used 9143K, committed 9344K, reserved 1114112K
  class space    used 861K, committed 960K, reserved 1048576K
}
Event: 890.520 GC heap before
{Heap before GC invocations=212 (full 0):
 garbage-first heap   total 512000K, used 304753K [0x000000060e400000, 0x0000000800000000)
  region size 4096K, 75 young (307200K), 1 survivors (4096K)
 Metaspace       used 9143K, committed 9344K, reserved 1114112K
  class space    used 861K, committed 960K, reserved 1048576K
}
Event: 890.520 GC heap after
{Heap after GC invocations=213 (full 0):
 garbage-first heap   total 512000K, used 5782K [0x000000060e400000, 0x0000000800000000)
  region size 4096K, 1 young (4096K), 1 survivors (4096K)
 Metaspace       used 9143K, committed 9344K, reserved 1114112K
  class space    used 861K, committed 960K, reserved 1048576K
}
Event: 893.967 GC heap before
{Heap before GC invocations=213 (full 0):
 garbage-first heap   total 512000K, used 308886K [0x000000060e400000, 0x0000000800000000)
  region size 4096K, 75 young (307200K), 1 survivors (4096K)
 Metaspace       used 9143K, committed 9344K, reserved 1114112K
  class space    used 861K, committed 960K, reserved 1048576K
}
Event: 893.968 GC heap after
{Heap after GC invocations=214 (full 0):
 garbage-first heap   total 512000K, used 5769K [0x000000060e400000, 0x0000000800000000)
  region size 4096K, 1 young (4096K), 1 survivors (4096K)
 Metaspace       used 9143K, committed 9344K, reserved 1114112K
  class space    used 861K, committed 960K, reserved 1048576K
}
Event: 897.901 GC heap before
{Heap before GC invocations=214 (full 0):
 garbage-first heap   total 512000K, used 308873K [0x000000060e400000, 0x0000000800000000)
  region size 4096K, 75 young (307200K), 1 survivors (4096K)
 Metaspace       used 9152K, committed 9408K, reserved 1114112K
  class space    used 861K, committed 960K, reserved 1048576K
}
Event: 897.901 GC heap after
{Heap after GC invocations=215 (full 0):
 garbage-first heap   total 512000K, used 5781K [0x000000060e400000, 0x0000000800000000)
  region size 4096K, 1 young (4096K), 1 survivors (4096K)
 Metaspace       used 9152K, committed 9408K, reserved 1114112K
  class space    used 861K, committed 960K, reserved 1048576K
}
Event: 900.940 GC heap before
{Heap before GC invocations=215 (full 0):
 garbage-first heap   total 512000K, used 308885K [0x000000060e400000, 0x0000000800000000)
  region size 4096K, 75 young (307200K), 1 survivors (4096K)
 Metaspace       used 9156K, committed 9408K, reserved 1114112K
  class space    used 861K, committed 960K, reserved 1048576K
}
Event: 900.941 GC heap after
{Heap after GC invocations=216 (full 0):
 garbage-first heap   total 512000K, used 5807K [0x000000060e400000, 0x0000000800000000)
  region size 4096K, 1 young (4096K), 1 survivors (4096K)
 Metaspace       used 9156K, committed 9408K, reserved 1114112K
  class space    used 861K, committed 960K, reserved 1048576K
}
Event: 905.218 GC heap before
{Heap before GC invocations=216 (full 0):
 garbage-first heap   total 512000K, used 308911K [0x000000060e400000, 0x0000000800000000)
  region size 4096K, 75 young (307200K), 1 survivors (4096K)
 Metaspace       used 9156K, committed 9408K, reserved 1114112K
  class space    used 861K, committed 960K, reserved 1048576K
}
Event: 905.218 GC heap after
{Heap after GC invocations=217 (full 0):
 garbage-first heap   total 512000K, used 5788K [0x000000060e400000, 0x0000000800000000)
  region size 4096K, 1 young (4096K), 1 survivors (4096K)
 Metaspace       used 9156K, committed 9408K, reserved 1114112K
  class space    used 861K, committed 960K, reserved 1048576K
}
Event: 909.681 GC heap before
{Heap before GC invocations=217 (full 0):
 garbage-first heap   total 512000K, used 308892K [0x000000060e400000, 0x0000000800000000)
  region size 4096K, 75 young (307200K), 1 survivors (4096K)
 Metaspace       used 9156K, committed 9408K, reserved 1114112K
  class space    used 861K, committed 960K, reserved 1048576K
}
Event: 909.682 GC heap after
{Heap after GC invocations=218 (full 0):
 garbage-first heap   total 512000K, used 5759K [0x000000060e400000, 0x0000000800000000)
  region size 4096K, 1 young (4096K), 1 survivors (4096K)
 Metaspace       used 9156K, committed 9408K, reserved 1114112K
  class space    used 861K, committed 960K, reserved 1048576K
}
Event: 912.619 GC heap before
{Heap before GC invocations=218 (full 0):
 garbage-first heap   total 512000K, used 308863K [0x000000060e400000, 0x0000000800000000)
  region size 4096K, 75 young (307200K), 1 survivors (4096K)
 Metaspace       used 9156K, committed 9408K, reserved 1114112K
  class space    used 861K, committed 960K, reserved 1048576K
}
Event: 912.619 GC heap after
{Heap after GC invocations=219 (full 0):
 garbage-first heap   total 512000K, used 5772K [0x000000060e400000, 0x0000000800000000)
  region size 4096K, 1 young (4096K), 1 survivors (4096K)
 Metaspace       used 9156K, committed 9408K, reserved 1114112K
  class space    used 861K, committed 960K, reserved 1048576K
}

Dll operation events (11 events):
Event: 0.006 Loaded shared library C:\Users\WARDESKTOP\.jdks\corretto-17.0.7\bin\java.dll
Event: 0.007 Loaded shared library C:\Users\WARDESKTOP\.jdks\corretto-17.0.7\bin\zip.dll
Event: 0.013 Loaded shared library C:\Users\WARDESKTOP\.jdks\corretto-17.0.7\bin\jsvml.dll
Event: 0.364 Loaded shared library C:\Users\WARDESKTOP\.jdks\corretto-17.0.7\bin\instrument.dll
Event: 0.379 Loaded shared library C:\Users\WARDESKTOP\.jdks\corretto-17.0.7\bin\net.dll
Event: 0.380 Loaded shared library C:\Users\WARDESKTOP\.jdks\corretto-17.0.7\bin\nio.dll
Event: 33.134 Loaded shared library C:\Users\WARDESKTOP\.jdks\corretto-17.0.7\bin\jimage.dll
Event: 34.734 Loaded shared library C:\Users\WARDESKTOP\.jdks\corretto-17.0.7\bin\zip.dll
Event: 34.743 Loaded shared library C:\Users\WARDESKTOP\.jdks\corretto-17.0.7\bin\awt.dll
Event: 34.957 Loaded shared library C:\Users\WARDESKTOP\.jdks\corretto-17.0.7\bin\freetype.dll
Event: 34.958 Loaded shared library C:\Users\WARDESKTOP\.jdks\corretto-17.0.7\bin\fontmanager.dll

Deoptimization events (20 events):
Event: 926.020 Thread 0x00000248bd1f87b0 DEOPT PACKING pc=0x00000248937bcf38 sp=0x000000d5e850ea00
Event: 926.020 Thread 0x00000248bd1f87b0 DEOPT UNPACKING pc=0x000002489aabace3 sp=0x000000d5e850de98 mode 0
Event: 926.020 Thread 0x00000248bd1f87b0 DEOPT PACKING pc=0x00000248937bcf38 sp=0x000000d5e850ea00
Event: 926.020 Thread 0x00000248bd1f87b0 DEOPT UNPACKING pc=0x000002489aabace3 sp=0x000000d5e850de98 mode 0
Event: 926.020 Thread 0x00000248bd1f87b0 DEOPT PACKING pc=0x00000248937bcf38 sp=0x000000d5e850ea00
Event: 926.020 Thread 0x00000248bd1f87b0 DEOPT UNPACKING pc=0x000002489aabace3 sp=0x000000d5e850de98 mode 0
Event: 926.021 Thread 0x00000248bd1f87b0 DEOPT PACKING pc=0x00000248937bcf38 sp=0x000000d5e850ea00
Event: 926.021 Thread 0x00000248bd1f87b0 DEOPT UNPACKING pc=0x000002489aabace3 sp=0x000000d5e850de98 mode 0
Event: 926.021 Thread 0x00000248bd1f87b0 DEOPT PACKING pc=0x00000248937c0b38 sp=0x000000d5e850e760
Event: 926.021 Thread 0x00000248bd1f87b0 DEOPT UNPACKING pc=0x000002489aabace3 sp=0x000000d5e850dc38 mode 0
Event: 926.021 Thread 0x00000248bd1f87b0 DEOPT PACKING pc=0x00000248937bcf38 sp=0x000000d5e850ea00
Event: 926.021 Thread 0x00000248bd1f87b0 DEOPT UNPACKING pc=0x000002489aabace3 sp=0x000000d5e850de98 mode 0
Event: 926.021 Thread 0x00000248bd1f87b0 DEOPT PACKING pc=0x00000248937bcf38 sp=0x000000d5e850ea00
Event: 926.021 Thread 0x00000248bd1f87b0 DEOPT UNPACKING pc=0x000002489aabace3 sp=0x000000d5e850de98 mode 0
Event: 926.021 Thread 0x00000248bd1f87b0 DEOPT PACKING pc=0x00000248937bcf38 sp=0x000000d5e850ea00
Event: 926.021 Thread 0x00000248bd1f87b0 DEOPT UNPACKING pc=0x000002489aabace3 sp=0x000000d5e850de98 mode 0
Event: 926.022 Thread 0x00000248bd1f87b0 DEOPT PACKING pc=0x00000248937c0b38 sp=0x000000d5e850e760
Event: 926.022 Thread 0x00000248bd1f87b0 DEOPT UNPACKING pc=0x000002489aabace3 sp=0x000000d5e850dc38 mode 0
Event: 926.023 Thread 0x00000248bd1f87b0 DEOPT PACKING pc=0x00000248937c0b38 sp=0x000000d5e850e760
Event: 926.023 Thread 0x00000248bd1f87b0 DEOPT UNPACKING pc=0x000002489aabace3 sp=0x000000d5e850dc38 mode 0

Classes unloaded (0 events):
No events

Classes redefined (0 events):
No events

Internal exceptions (19 events):
Event: 0.376 Thread 0x00000248b8112190 Exception <a 'java/lang/NoSuchMethodError'{0x000000062d762328}: 'java.lang.Object java.lang.invoke.DirectMethodHandle$Holder.invokeStaticInit(java.lang.Object)'> (0x000000062d762328) 
thrown [s\src\hotspot\share\interpreter\linkResolver.cpp, line 759]
Event: 0.385 Thread 0x00000248b8112190 Exception <a 'java/lang/NoSuchMethodError'{0x000000062d7c1620}: 'void java.lang.invoke.DirectMethodHandle$Holder.invokeStatic(java.lang.Object, java.lang.Object)'> (0x000000062d7c1620) 
thrown [s\src\hotspot\share\interpreter\linkResolver.cpp, line 759]
Event: 33.031 Thread 0x00000248b8112190 Exception <a 'java/lang/NoSuchMethodError'{0x000000062d7cd248}: 'void java.lang.invoke.DirectMethodHandle$Holder.invokeSpecial(java.lang.Object, java.lang.Object, java.lang.Object)'> (0x000000062d7cd248) 
thrown [s\src\hotspot\share\interpreter\linkResolver.cpp, line 759]
Event: 33.085 Thread 0x00000248b80fb510 Exception <a 'java/lang/NoSuchMethodError'{0x000000062d1b22b0}: 'void java.lang.invoke.DirectMethodHandle$Holder.invokeInterface(java.lang.Object, java.lang.Object, int)'> (0x000000062d1b22b0) 
thrown [s\src\hotspot\share\interpreter\linkResolver.cpp, line 759]
Event: 33.085 Thread 0x00000248b80fb510 Exception <a 'java/lang/IncompatibleClassChangeError'{0x000000062d1b5ba8}: Found class java.lang.Object, but interface was expected> (0x000000062d1b5ba8) 
thrown [s\src\hotspot\share\interpreter\linkResolver.cpp, line 826]
Event: 34.726 Thread 0x00000248bd1f9fc0 Implicit null exception at 0x000002489b08a2e4 to 0x000002489b08a3d4
Event: 34.737 Thread 0x00000248bd1f9fc0 Exception <a 'java/lang/ClassNotFoundException'{0x000000062be9ec30}: sun/awt/resources/spi/awtProvider> (0x000000062be9ec30) 
thrown [s\src\hotspot\share\classfile\systemDictionary.cpp, line 256]
Event: 34.747 Thread 0x00000248bd1f9fc0 Exception <a 'java/io/FileNotFoundException'{0x000000062bf017a0}> (0x000000062bf017a0) 
thrown [s\src\hotspot\share\prims\jni.cpp, line 516]
Event: 34.750 Thread 0x00000248bd1f9fc0 Exception <a 'java/io/FileNotFoundException'{0x000000062bf2d848}> (0x000000062bf2d848) 
thrown [s\src\hotspot\share\prims\jni.cpp, line 516]
Event: 34.921 Thread 0x00000248bd1f9fc0 Exception <a 'java/lang/NoSuchMethodError'{0x000000062b9d70d0}: 'java.lang.Object java.lang.invoke.DirectMethodHandle$Holder.newInvokeSpecial(java.lang.Object, java.lang.Object, java.lang.Object, java.lang.Object, java.lang.Object)'> (0x000000062b9d70d0) 
thrown [s\src\hotspot\share\interpreter\linkResolver.cpp, line 759]
Event: 34.922 Thread 0x00000248bd1f9fc0 Exception <a 'java/lang/NoSuchMethodError'{0x000000062b9e2a98}: 'java.lang.Object java.lang.invoke.DirectMethodHandle$Holder.invokeStatic(java.lang.Object, int, java.lang.Object, java.lang.Object, java.lang.Object, java.lang.Object)'> (0x000000062b9e2a98) 
thrown [s\src\hotspot\share\interpreter\linkResolver.cpp, line 759]
Event: 34.924 Thread 0x00000248bd1f9fc0 Exception <a 'java/lang/NoSuchMethodError'{0x000000062ba08888}: 'java.lang.Object java.lang.invoke.DirectMethodHandle$Holder.invokeStatic(java.lang.Object, int, java.lang.Object)'> (0x000000062ba08888) 
thrown [s\src\hotspot\share\interpreter\linkResolver.cpp, line 759]
Event: 34.937 Thread 0x00000248bd1f9fc0 Exception <a 'java/lang/ClassNotFoundException'{0x000000062bad2948}: com/sun/swing/internal/plaf/metal/resources/spi/metalProvider> (0x000000062bad2948) 
thrown [s\src\hotspot\share\classfile\systemDictionary.cpp, line 256]
Event: 34.937 Thread 0x00000248bd1f9fc0 Exception <a 'java/lang/ClassNotFoundException'{0x000000062bad91f0}: com/sun/swing/internal/plaf/basic/resources/spi/basicProvider> (0x000000062bad91f0) 
thrown [s\src\hotspot\share\classfile\systemDictionary.cpp, line 256]
Event: 34.939 Thread 0x00000248bd1f9fc0 Implicit null exception at 0x000002489b0a9ed8 to 0x000002489b0a9f6e
Event: 34.941 Thread 0x00000248bd1f9fc0 Implicit null exception at 0x000002489b0a091d to 0x000002489b0a0e2c
Event: 34.941 Thread 0x00000248bd1f9fc0 Implicit null exception at 0x000002489b0a238f to 0x000002489b0a240d
Event: 34.946 Thread 0x00000248bd1fa960 Exception <a 'java/lang/NoSuchMethodError'{0x000000062b8b1440}: 'void java.lang.invoke.DirectMethodHandle$Holder.invokeVirtual(java.lang.Object, java.lang.Object)'> (0x000000062b8b1440) 
thrown [s\src\hotspot\share\interpreter\linkResolver.cpp, line 759]
Event: 34.955 Thread 0x00000248bd1f9fc0 Exception <a 'java/lang/NoSuchMethodError'{0x000000062b498f40}: 'void java.lang.invoke.DirectMethodHandle$Holder.invokeStaticInit(java.lang.Object)'> (0x000000062b498f40) 
thrown [s\src\hotspot\share\interpreter\linkResolver.cpp, line 759]

VM Operations (20 events):
Event: 897.900 Executing VM operation: G1CollectForAllocation
Event: 897.901 Executing VM operation: G1CollectForAllocation done
Event: 898.906 Executing VM operation: Cleanup
Event: 898.906 Executing VM operation: Cleanup done
Event: 900.940 Executing VM operation: G1CollectForAllocation
Event: 900.941 Executing VM operation: G1CollectForAllocation done
Event: 905.218 Executing VM operation: G1CollectForAllocation
Event: 905.218 Executing VM operation: G1CollectForAllocation done
Event: 909.681 Executing VM operation: G1CollectForAllocation
Event: 909.682 Executing VM operation: G1CollectForAllocation done
Event: 912.619 Executing VM operation: G1CollectForAllocation
Event: 912.619 Executing VM operation: G1CollectForAllocation done
Event: 913.625 Executing VM operation: Cleanup
Event: 913.625 Executing VM operation: Cleanup done
Event: 924.730 Executing VM operation: Cleanup
Event: 925.023 Executing VM operation: Cleanup done
Event: 926.025 Executing VM operation: Cleanup
Event: 926.025 Executing VM operation: Cleanup done
Event: 927.028 Executing VM operation: Cleanup
Event: 927.028 Executing VM operation: Cleanup done

Events (20 events):
Event: 912.862 loading class sun/awt/im/InputMethodAdapter
Event: 912.862 loading class java/awt/im/spi/InputMethod
Event: 912.862 loading class java/awt/im/spi/InputMethod done
Event: 912.862 loading class sun/awt/im/InputMethodAdapter done
Event: 912.862 loading class sun/awt/windows/WInputMethod done
Event: 912.863 loading class java/awt/LightweightDispatcher$2
Event: 912.863 loading class java/awt/LightweightDispatcher$2 done
Event: 912.863 loading class java/awt/event/AWTEventListenerProxy
Event: 912.863 loading class java/awt/event/AWTEventListenerProxy done
Event: 912.863 loading class java/awt/Toolkit$ToolkitEventMulticaster
Event: 912.863 loading class java/awt/Toolkit$ToolkitEventMulticaster done
Event: 913.877 loading class sun/awt/AppContext$PostShutdownEventRunnable
Event: 913.877 loading class sun/awt/AppContext$PostShutdownEventRunnable done
Event: 913.877 loading class sun/awt/AWTAutoShutdown$1
Event: 913.877 loading class sun/awt/AWTAutoShutdown$1 done
Event: 913.878 Thread 0x00000248bd1fae30 Thread exited: 0x00000248bd1fae30
Event: 913.878 Thread 0x00000248bd1f6ad0 Thread exited: 0x00000248bd1f6ad0
Event: 923.998 Thread 0x00000248bd1f87b0 Thread added: 0x00000248bd1f87b0
Event: 924.000 Thread 0x00000248bd1f7e10 Thread added: 0x00000248bd1f7e10
Event: 924.007 Thread 0x00000248bd1f82e0 Thread added: 0x00000248bd1f82e0


Dynamic libraries:
0x00007ff64da30000 - 0x00007ff64da3d000 	C:\Users\WARDESKTOP\.jdks\corretto-17.0.7\bin\java.exe
0x00007ffc087c0000 - 0x00007ffc08a28000 	C:\WINDOWS\SYSTEM32\ntdll.dll
0x00007ffc07350000 - 0x00007ffc07419000 	C:\WINDOWS\System32\KERNEL32.DLL
0x00007ffc05f40000 - 0x00007ffc0632d000 	C:\WINDOWS\System32\KERNELBASE.dll
0x00007ffc05910000 - 0x00007ffc05a5b000 	C:\WINDOWS\System32\ucrtbase.dll
0x00007ffc00810000 - 0x00007ffc00827000 	C:\Users\WARDESKTOP\.jdks\corretto-17.0.7\bin\jli.dll
0x00007ffc00270000 - 0x00007ffc00285000 	C:\Users\WARDESKTOP\.jdks\corretto-17.0.7\bin\VCRUNTIME140.dll
0x00007ffc07420000 - 0x00007ffc075ec000 	C:\WINDOWS\System32\USER32.dll
0x00007ffc06330000 - 0x00007ffc06357000 	C:\WINDOWS\System32\win32u.dll
0x00007ffbee8b0000 - 0x00007ffbeeb4a000 	C:\WINDOWS\WinSxS\amd64_microsoft.windows.common-controls_6595b64144ccf1df_6.0.26100.4484_none_3e0e6d4ce32ef3b3\COMCTL32.dll
0x00007ffc08050000 - 0x00007ffc0807b000 	C:\WINDOWS\System32\GDI32.dll
0x00007ffc080c0000 - 0x00007ffc08169000 	C:\WINDOWS\System32\msvcrt.dll
0x00007ffc05c80000 - 0x00007ffc05db7000 	C:\WINDOWS\System32\gdi32full.dll
0x00007ffc06360000 - 0x00007ffc06403000 	C:\WINDOWS\System32\msvcp_win.dll
0x00007ffc08080000 - 0x00007ffc080af000 	C:\WINDOWS\System32\IMM32.DLL
0x00007ffbe6a90000 - 0x00007ffbe6b2b000 	C:\Users\WARDESKTOP\.jdks\corretto-17.0.7\bin\msvcp140.dll
0x00007ffb586b0000 - 0x00007ffb592ca000 	C:\Users\WARDESKTOP\.jdks\corretto-17.0.7\bin\server\jvm.dll
0x00007ffc071a0000 - 0x00007ffc07254000 	C:\WINDOWS\System32\ADVAPI32.dll
0x00007ffc07660000 - 0x00007ffc07706000 	C:\WINDOWS\System32\sechost.dll
0x00007ffc077e0000 - 0x00007ffc078f8000 	C:\WINDOWS\System32\RPCRT4.dll
0x00007ffbf6e20000 - 0x00007ffbf6e55000 	C:\WINDOWS\SYSTEM32\WINMM.dll
0x00007ffbe5050000 - 0x00007ffbe505a000 	C:\WINDOWS\SYSTEM32\WSOCK32.dll
0x00007ffbfc7a0000 - 0x00007ffbfc7ab000 	C:\WINDOWS\SYSTEM32\VERSION.dll
0x00007ffc06700000 - 0x00007ffc06774000 	C:\WINDOWS\System32\WS2_32.dll
0x00007ffc04670000 - 0x00007ffc0468b000 	C:\WINDOWS\SYSTEM32\kernel.appcore.dll
0x00007ffc00230000 - 0x00007ffc0023a000 	C:\Users\WARDESKTOP\.jdks\corretto-17.0.7\bin\jimage.dll
0x00007ffbfbc40000 - 0x00007ffbfbe81000 	C:\WINDOWS\SYSTEM32\DBGHELP.DLL
0x00007ffc06ae0000 - 0x00007ffc06e66000 	C:\WINDOWS\System32\combase.dll
0x00007ffc07260000 - 0x00007ffc07340000 	C:\WINDOWS\System32\OLEAUT32.dll
0x00007ffbee5c0000 - 0x00007ffbee603000 	C:\WINDOWS\SYSTEM32\dbgcore.DLL
0x00007ffc05be0000 - 0x00007ffc05c79000 	C:\WINDOWS\System32\bcryptPrimitives.dll
0x00007ffbc5ef0000 - 0x00007ffbc5f29000 	C:\Users\WARDESKTOP\.jdks\corretto-17.0.7\bin\jdwp.dll
0x00007ffbeb6c0000 - 0x00007ffbeb6ce000 	C:\Users\WARDESKTOP\.jdks\corretto-17.0.7\bin\instrument.dll
0x00007ffbec660000 - 0x00007ffbec685000 	C:\Users\WARDESKTOP\.jdks\corretto-17.0.7\bin\java.dll
0x00007ffbec600000 - 0x00007ffbec618000 	C:\Users\WARDESKTOP\.jdks\corretto-17.0.7\bin\zip.dll
0x00007ffbb0ee0000 - 0x00007ffbb0fb6000 	C:\Users\WARDESKTOP\.jdks\corretto-17.0.7\bin\jsvml.dll
0x00007ffc07900000 - 0x00007ffc0804a000 	C:\WINDOWS\System32\SHELL32.dll
0x00007ffc05a60000 - 0x00007ffc05bd4000 	C:\WINDOWS\System32\wintypes.dll
0x00007ffc03530000 - 0x00007ffc03d8b000 	C:\WINDOWS\SYSTEM32\windows.storage.dll
0x00007ffc069e0000 - 0x00007ffc06ad5000 	C:\WINDOWS\System32\SHCORE.dll
0x00007ffc075f0000 - 0x00007ffc0765a000 	C:\WINDOWS\System32\shlwapi.dll
0x00007ffc057f0000 - 0x00007ffc0581f000 	C:\WINDOWS\SYSTEM32\profapi.dll
0x00007ffbe4030000 - 0x00007ffbe403c000 	C:\Users\WARDESKTOP\.jdks\corretto-17.0.7\bin\dt_socket.dll
0x00007ffc040d0000 - 0x00007ffc04103000 	C:\WINDOWS\SYSTEM32\IPHLPAPI.DLL
0x00007ffc04be0000 - 0x00007ffc04c4a000 	C:\WINDOWS\system32\mswsock.dll
0x00007ffbec640000 - 0x00007ffbec659000 	C:\Users\WARDESKTOP\.jdks\corretto-17.0.7\bin\net.dll
0x00007ffbfe450000 - 0x00007ffbfe56e000 	C:\WINDOWS\SYSTEM32\WINHTTP.dll
0x00007ffbec620000 - 0x00007ffbec635000 	C:\Users\WARDESKTOP\.jdks\corretto-17.0.7\bin\nio.dll
0x00007ffaa58d0000 - 0x00007ffaa5a79000 	C:\Users\WARDESKTOP\.jdks\corretto-17.0.7\bin\awt.dll
0x00007ffc02900000 - 0x00007ffc0299e000 	C:\WINDOWS\SYSTEM32\apphelp.dll
0x00007ffc02e80000 - 0x00007ffc02eb6000 	C:\WINDOWS\system32\DWMAPI.DLL
0x00007ffc02a40000 - 0x00007ffc02aef000 	C:\WINDOWS\system32\uxtheme.dll
0x00007ffb882d0000 - 0x00007ffb883e8000 	C:\WINDOWS\system32\opengl32.dll
0x00007ffbd6690000 - 0x00007ffbd66bd000 	C:\WINDOWS\SYSTEM32\GLU32.dll
0x00007ffc02c40000 - 0x00007ffc02c8d000 	C:\WINDOWS\SYSTEM32\dxcore.dll
0x0000000180000000 - 0x0000000183586000 	C:\Program Files (x86)\RivaTuner Statistics Server\RTSSHooks64.dll
0x00007ffc08180000 - 0x00007ffc08606000 	C:\WINDOWS\System32\SETUPAPI.dll
0x00007ffc08610000 - 0x00007ffc08770000 	C:\WINDOWS\System32\MSCTF.dll
0x00007ffc06f40000 - 0x00007ffc070de000 	C:\WINDOWS\System32\ole32.dll
0x00007ffbd5ee0000 - 0x00007ffbd609a000 	C:\WINDOWS\system32\d3d9.dll
0x00007ffbfc7b0000 - 0x00007ffbfc874000 	C:\WINDOWS\System32\DriverStore\FileRepository\nv_dispi.inf_amd64_9425e4c3b1ac1c47\nvldumdx.dll
0x00007ffc05020000 - 0x00007ffc05033000 	C:\WINDOWS\SYSTEM32\msasn1.dll
0x00007ffbfbc00000 - 0x00007ffbfbc3b000 	C:\WINDOWS\SYSTEM32\cryptnet.dll
0x00007ffc05dc0000 - 0x00007ffc05f37000 	C:\WINDOWS\System32\CRYPT32.dll
0x00007ffc04e20000 - 0x00007ffc04e2c000 	C:\WINDOWS\SYSTEM32\cryptbase.dll
0x00007ffc04ec0000 - 0x00007ffc04f2b000 	C:\WINDOWS\SYSTEM32\wldp.dll
0x00007ffbfba00000 - 0x00007ffbfbb7c000 	C:\WINDOWS\SYSTEM32\drvstore.dll
0x00007ffc05520000 - 0x00007ffc0554d000 	C:\WINDOWS\SYSTEM32\devobj.dll
0x00007ffc054c0000 - 0x00007ffc05517000 	C:\WINDOWS\SYSTEM32\cfgmgr32.dll
0x00007ffc06410000 - 0x00007ffc06494000 	C:\WINDOWS\System32\wintrust.dll
0x00007ffc070f0000 - 0x00007ffc07110000 	C:\WINDOWS\System32\imagehlp.dll
0x00007ffc04fc0000 - 0x00007ffc04fdb000 	C:\WINDOWS\SYSTEM32\CRYPTSP.dll
0x00007ffc045d0000 - 0x00007ffc0460b000 	C:\WINDOWS\system32\rsaenh.dll
0x00007ffc05830000 - 0x00007ffc05856000 	C:\WINDOWS\SYSTEM32\bcrypt.dll
0x00007ffbf8530000 - 0x00007ffbfb240000 	C:\WINDOWS\System32\DriverStore\FileRepository\nv_dispi.inf_amd64_9425e4c3b1ac1c47\nvgpucomp64.dll
0x00007ffb93000000 - 0x00007ffb94d8c000 	C:\WINDOWS\System32\DriverStore\FileRepository\nv_dispi.inf_amd64_9425e4c3b1ac1c47\nvd3dumx.dll
0x00007ffc02cb0000 - 0x00007ffc02d14000 	C:\WINDOWS\SYSTEM32\directxdatabasehelper.dll
0x00007ffbd3110000 - 0x00007ffbd3414000 	C:\WINDOWS\system32\nvspcap64.dll
0x00007ffc047a0000 - 0x00007ffc047d6000 	C:\WINDOWS\SYSTEM32\ntmarta.dll
0x00007ffc04c50000 - 0x00007ffc04c77000 	C:\WINDOWS\SYSTEM32\gpapi.dll
0x00007ffbd2fb0000 - 0x00007ffbd3105000 	C:\WINDOWS\System32\DriverStore\FileRepository\nv_dispi.inf_amd64_9425e4c3b1ac1c47\nvppex.dll
0x00007ffaa5c50000 - 0x00007ffaa5cd3000 	C:\Users\WARDESKTOP\.jdks\corretto-17.0.7\bin\freetype.dll
0x00007ffaa5800000 - 0x00007ffaa58c2000 	C:\Users\WARDESKTOP\.jdks\corretto-17.0.7\bin\fontmanager.dll

dbghelp: loaded successfully - version: 4.0.5 - missing functions: none
symbol engine: initialized successfully - sym options: 0x614 - pdb path: .;C:\Users\WARDESKTOP\.jdks\corretto-17.0.7\bin;C:\WINDOWS\SYSTEM32;C:\WINDOWS\WinSxS\amd64_microsoft.windows.common-controls_6595b64144ccf1df_6.0.26100.4484_none_3e0e6d4ce32ef3b3;C:\Users\WARDESKTOP\.jdks\corretto-17.0.7\bin\server;C:\Program Files (x86)\RivaTuner Statistics Server;C:\WINDOWS\System32\DriverStore\FileRepository\nv_dispi.inf_amd64_9425e4c3b1ac1c47

VM Arguments:
jvm_args: -agentlib:jdwp=transport=dt_socket,address=127.0.0.1:62258,suspend=y,server=n -javaagent:C:\Users\WARDESKTOP\AppData\Local\JetBrains\IdeaIC2023.1\captureAgent\debugger-agent.jar -Dfile.encoding=UTF-8 
java_command: Program
java_class_path (initial): C:\Users\WARDESKTOP\source\repos\Mario-AI-Framework-Private\out\production\Mario-AI-Framework-Private;C:\Users\WARDESKTOP\source\repos\Mario-AI-Framework-Private\deepRL\.venv\share\py4j\py4j0.10.9.7.jar;C:\Program Files\JetBrains\IntelliJ IDEA Community Edition 2023.1.7\lib\idea_rt.jar
Launcher Type: SUN_STANDARD

[Global flags]
     intx CICompilerCount                          = 4                                         {product} {ergonomic}
     uint ConcGCThreads                            = 3                                         {product} {ergonomic}
     uint G1ConcRefinementThreads                  = 10                                        {product} {ergonomic}
   size_t G1HeapRegionSize                         = 4194304                                   {product} {ergonomic}
    uintx GCDrainStackTargetSize                   = 64                                        {product} {ergonomic}
   size_t InitialHeapSize                          = 524288000                                 {product} {ergonomic}
   size_t MarkStackSize                            = 4194304                                   {product} {ergonomic}
   size_t MaxHeapSize                              = 8350859264                                {product} {ergonomic}
   size_t MaxNewSize                               = 5007998976                                {product} {ergonomic}
   size_t MinHeapDeltaBytes                        = 4194304                                   {product} {ergonomic}
   size_t MinHeapSize                              = 8388608                                   {product} {ergonomic}
    uintx NonNMethodCodeHeapSize                   = 5839372                                {pd product} {ergonomic}
    uintx NonProfiledCodeHeapSize                  = 122909434                              {pd product} {ergonomic}
    uintx ProfiledCodeHeapSize                     = 122909434                              {pd product} {ergonomic}
    uintx ReservedCodeCacheSize                    = 251658240                              {pd product} {ergonomic}
     bool SegmentedCodeCache                       = true                                      {product} {ergonomic}
   size_t SoftMaxHeapSize                          = 8350859264                             {manageable} {ergonomic}
     bool UseCompressedClassPointers               = true                           {product lp64_product} {ergonomic}
     bool UseCompressedOops                        = true                           {product lp64_product} {ergonomic}
     bool UseG1GC                                  = true                                      {product} {ergonomic}
     bool UseLargePagesIndividualAllocation        = false                                  {pd product} {ergonomic}

Logging:
Log output configuration:
 #0: stdout all=warning uptime,level,tags
 #1: stderr all=off uptime,level,tags

Environment Variables:
JAVA_HOME=C:\Honeywell\OptimizerSupervisor-N4.12.2.16\jre
CLASSPATH=.;C:\Honeywell\OptimizerSupervisor-N4.12.2.16\jre\lib;C:\Honeywell\OptimizerSupervisor-N4.12.2.16\jre\lib\dt.jar;C:\Honeywell\OptimizerSupervisor-N4.12.2.16\jre\lib\tools.jar;
PATH=C:\Program Files\NVIDIA GPU Computing Toolkit\CUDA\v11.8\bin;C:\Program Files\NVIDIA GPU Computing Toolkit\CUDA\v11.8\libnvvp;C:\Program Files\Common Files\Oracle\Java\javapath;C:\Program Files (x86)\Common Files\Oracle\Java\javapath;C:\Windows\system32;C:\Windows;C:\Windows\System32\Wbem;C:\Windows\System32\WindowsPowerShell\v1.0\;C:\Windows\System32\OpenSSH\;C:\Program Files (x86)\NVIDIA Corporation\PhysX\Common;C:\Program Files\Microsoft SQL Server\Client SDK\ODBC\170\Tools\Binn\;C:\WINDOWS\system32;C:\WINDOWS;C:\WINDOWS\System32\Wbem;C:\WINDOWS\System32\WindowsPowerShell\v1.0\;C:\WINDOWS\System32\OpenSSH\;C:\Program Files\dotnet\;C:\Program Files\Git\cmd;C:\vcpkg;C:\vcpkg\installed\x64-windows\tools\drogon;C:\Program Files\Git LFS;C:\ffmpeg\bin;C:\Program Files (x86)\dotnet\;C:\WINDOWS\system32;C:\WINDOWS;C:\WINDOWS\System32\Wbem;C:\WINDOWS\System32\WindowsPowerShell\v1.0\;C:\WINDOWS\System32\OpenSSH\;C:\Program Files\NVIDIA Corporation\Nsight Compute 2022.3.0\;C:\Program Files (x86)\Intel\Intel(R) Management Engine Components\DAL;C:\Program Files\Intel\Intel(R) Management Engine Components\DAL;C:\Program Files (x86)\Windows Kits\10\Windows Performance Toolkit\;C:\Program Files\nodejs\;C:\Program Files\Microsoft SQL Server\150\Tools\Binn\;C:\Program Files\Docker\Docker\resources\bin;C:\Program Files\NVIDIA Corporation\NVIDIA App\NvDLISR;C:\Program Files\WireGuard\;C:\Program Files\Sunshine;C:\Program Files\Sunshine\tools;C:\Users\WARDESKTOP\miniconda3;C:\Users\WARDESKTOP\AppData\Local\Programs\Python\Python312\;C:\Honeywell\OptimizerSupervisor-N4.12.2.16\bin;C:\Program Files\Java\jdk-20\bin;C:\Users\WARDESKTOP\AppData\Local\Programs\Python\Python310\;C:\Users\WARDESKTOP\AppData\Local\Microsoft\WindowsApps;C:\Users\WARDESKTOP\.dotnet\tools;C:\Users\WARDESKTOP\AppData\Local\Programs\Microsoft VS Code\bin;C:\Users\WARDESKTOP\AppData\Local\Programs\oh-my-posh\bin;C:\Program Files\JetBrains\IntelliJ IDEA Community Edition 2021.3.3\bin;C:\Users\WARDESKTOP\AppData\Lo
USERNAME=WARDESKTOP
OS=Windows_NT
PROCESSOR_IDENTIFIER=AMD64 Family 25 Model 97 Stepping 2, AuthenticAMD
TMP=C:\Users\WARDES~1\AppData\Local\Temp
TEMP=C:\Users\WARDES~1\AppData\Local\Temp



---------------  S Y S T E M  ---------------

OS:
 Windows 11 , 64 bit Build 26100 (10.0.26100.4484)
OS uptime: 2 days 2:27 hours
Hyper-V role detected

CPU: total 12 (initial active 12) (12 cores per cpu, 2 threads per core) family 25 model 97 stepping 2 microcode 0xa601209, cx8, cmov, fxsr, ht, mmx, 3dnowpref, sse, sse2, sse3, ssse3, sse4a, sse4.1, sse4.2, popcnt, lzcnt, tsc, tscinvbit, avx, avx2, aes, erms, clmul, bmi1, bmi2, adx, avx512f, avx512dq, avx512cd, avx512bw, avx512vl, sha, fma, vzeroupper, avx512_vpopcntdq, avx512_vpclmulqdq, avx512_vaes, avx512_vnni, clflush, clflushopt, avx512_vbmi2, avx512_vbmi, hv

Memory: 4k page, system-wide physical 31849M (7416M free)
TotalPageFile size 52329M (AvailPageFile size 5M)
current process WorkingSet (physical memory assigned to process): 412M, peak: 436M
current process commit charge ("private bytes"): 728M, peak: 775M

vm_info: OpenJDK 64-Bit Server VM (17.0.7+7-LTS) for windows-amd64 JRE (17.0.7+7-LTS), built on Apr 14 2023 01:39:21 by "Administrator" with MS VC++ 15.9 (VS2017)

END.
